W/ActivityManager(  878): getTasks: caller 10069 does not hold GET_TASKS; limiting output
D/BluetoothAdapter( 5016): 702016126: getState() :  mService = null. Returning STATE_OFF
D/MediaCodecPlayer( 5016): releaseOutputBuffer drop
D/MediaCodecPlayer( 5016): releaseOutputBuffer drop
D/MediaCodecPlayer( 5016): releaseOutputBuffer drop
D/MediaCodecPlayer( 5016): releaseOutputBuffer drop
D/MediaCodecPlayer( 5016): releaseOutputBuffer drop
W/ActivityManager(  878): getTasks: caller 10069 does not hold GET_TASKS; limiting output
D/BluetoothAdapter( 5016): 702016126: getState() :  mService = null. Returning STATE_OFF
W/ActivityManager(  878): getTasks: caller 10069 does not hold GET_TASKS; limiting output
D/BluetoothAdapter( 5016): 702016126: getState() :  mService = null. Returning STATE_OFF
D/MediaCodecPlayer( 5016): releaseOutputBuffer drop
D/MediaCodecPlayer( 5016): releaseOutputBuffer drop
D/MediaCodecPlayer( 5016): releaseOutputBuffer drop
D/MediaCodecPlayer( 5016): releaseOutputBuffer drop
W/ActivityManager(  878): getTasks: caller 10069 does not hold GET_TASKS; limiting output
D/MediaCodecPlayer( 5016): releaseOutputBuffer drop
D/BluetoothAdapter( 5016): 702016126: getState() :  mService = null. Returning STATE_OFF
D/MediaCodecPlayer( 5016): releaseOutputBuffer drop
D/MediaCodecPlayer( 5016): releaseOutputBuffer drop
E/WifiStateMachine(  878): WifiStateMachine CMD_START_SCAN source -2 txSuccessRate=0.00 rxSuccessRate=0.00 targetRoamBSSID=70:3d:15:7a:6e:c0 RSSI=-66
D/MediaCodecPlayer( 5016): releaseOutputBuffer drop
D/MediaCodecPlayer( 5016): releaseOutputBuffer drop
D/MediaCodecPlayer( 5016): releaseOutputBuffer drop
D/MediaCodecPlayer( 5016): releaseOutputBuffer drop
D/MediaCodecPlayer( 5016): releaseOutputBuffer drop
D/MediaCodecPlayer( 5016): releaseOutputBuffer drop
W/ActivityManager(  878): getTasks: caller 10069 does not hold GET_TASKS; limiting output
I/nativeProcess( 5869): iqiyi message: ==== isProcesssExist: stat=0, errno=88
I/nativeProcess( 5869): iqiyi message: create--runOnSubprocess isProcessExist true
I/nativeProcess( 5869): iqiyi message: ==== do something  executeCmd isProcessExist true =====
D/BluetoothAdapter( 5016): 702016126: getState() :  mService = null. Returning STATE_OFF
W/ActivityManager(  878): getTasks: caller 10069 does not hold GET_TASKS; limiting output
D/BluetoothAdapter( 5016): 702016126: getState() :  mService = null. Returning STATE_OFF
D/MediaCodecPlayer( 5016): releaseOutputBuffer drop
D/MediaCodecPlayer( 5016): releaseOutputBuffer drop
D/MediaCodecPlayer( 5016): releaseOutputBuffer drop
W/ActivityManager(  878): getTasks: caller 10069 does not hold GET_TASKS; limiting output
D/BluetoothAdapter( 5016): 702016126: getState() :  mService = null. Returning STATE_OFF
D/MediaCodecPlayer( 5016): releaseOutputBuffer drop
D/MediaCodecPlayer( 5016): releaseOutputBuffer drop
D/MediaCodecPlayer( 5016): releaseOutputBuffer drop
D/MediaCodecPlayer( 5016): releaseOutputBuffer drop
D/MediaCodecPlayer( 5016): releaseOutputBuffer drop
D/MediaCodecPlayer( 5016): releaseOutputBuffer drop
D/MediaCodecPlayer( 5016): releaseOutputBuffer drop
W/ActivityManager(  878): getTasks: caller 10069 does not hold GET_TASKS; limiting output
D/BluetoothAdapter( 5016): 702016126: getState() :  mService = null. Returning STATE_OFF
D/MediaCodecPlayer( 5016): releaseOutputBuffer drop
D/MediaCodecPlayer( 5016): releaseOutputBuffer drop
D/MediaCodecPlayer( 5016): releaseOutputBuffer drop
W/ActivityManager(  878): getTasks: caller 10069 does not hold GET_TASKS; limiting output
D/MediaCodecPlayer( 5016): releaseOutputBuffer drop
D/MediaCodecPlayer( 5016): releaseOutputBuffer drop
D/MediaCodecPlayer( 5016): releaseOutputBuffer drop
D/BluetoothAdapter( 5016): 702016126: getState() :  mService = null. Returning STATE_OFF
D/MediaCodecPlayer( 5016): releaseOutputBuffer drop
D/MediaCodecPlayer( 5016): releaseOutputBuffer drop
D/MediaCodecPlayer( 5016): releaseOutputBuffer drop
D/MediaCodecPlayer( 5016): releaseOutputBuffer drop
W/ActivityManager(  878): getTasks: caller 10069 does not hold GET_TASKS; limiting output
I/nativeProcess( 5869): iqiyi message: ==== isProcesssExist: stat=0, errno=88
I/nativeProcess( 5869): iqiyi message: create--runOnSubprocess isProcessExist true
I/nativeProcess( 5869): iqiyi message: ==== do something  executeCmd isProcessExist true =====
D/BluetoothAdapter( 5016): 702016126: getState() :  mService = null. Returning STATE_OFF
D/MediaCodecPlayer( 5016): releaseOutputBuffer drop
D/MediaCodecPlayer( 5016): releaseOutputBuffer drop
W/ActivityManager(  878): getTasks: caller 10069 does not hold GET_TASKS; limiting output
D/BluetoothAdapter( 5016): 702016126: getState() :  mService = null. Returning STATE_OFF
D/MediaCodecPlayer( 5016): releaseOutputBuffer drop
D/MediaCodecPlayer( 5016): releaseOutputBuffer drop
D/MediaCodecPlayer( 5016): releaseOutputBuffer drop
W/ActivityManager(  878): getTasks: caller 10069 does not hold GET_TASKS; limiting output
D/BluetoothAdapter( 5016): 702016126: getState() :  mService = null. Returning STATE_OFF
D/MediaCodecPlayer( 5016): releaseOutputBuffer drop
D/MediaCodecPlayer( 5016): releaseOutputBuffer drop
D/MediaCodecPlayer( 5016): releaseOutputBuffer drop
D/MediaCodecPlayer( 5016): releaseOutputBuffer drop
D/MediaCodecPlayer( 5016): releaseOutputBuffer drop
D/MediaCodecPlayer( 5016): releaseOutputBuffer drop
W/ActivityManager(  878): getTasks: caller 10069 does not hold GET_TASKS; limiting output
D/MediaCodecPlayer( 5016): releaseOutputBuffer drop
D/MediaCodecPlayer( 5016): releaseOutputBuffer drop
D/MediaCodecPlayer( 5016): releaseOutputBuffer drop
D/MediaCodecPlayer( 5016): releaseOutputBuffer drop
D/BluetoothAdapter( 5016): 702016126: getState() :  mService = null. Returning STATE_OFF
D/MediaCodecPlayer( 5016): releaseOutputBuffer drop
D/MediaCodecPlayer( 5016): releaseOutputBuffer drop
D/MediaCodecPlayer( 5016): releaseOutputBuffer drop
D/MediaCodecPlayer( 5016): releaseOutputBuffer drop
D/MediaCodecPlayer( 5016): releaseOutputBuffer drop
D/MediaCodecPlayer( 5016): releaseOutputBuffer drop
D/MediaCodecPlayer( 5016): releaseOutputBuffer drop
W/ActivityManager(  878): getTasks: caller 10069 does not hold GET_TASKS; limiting output
D/MediaCodecPlayer( 5016): releaseOutputBuffer drop
D/MediaCodecPlayer( 5016): releaseOutputBuffer drop
D/MediaCodecPlayer( 5016): releaseOutputBuffer drop
E/PlayCommon( 3573): [213] com.google.android.play.a.g.a(1054): Failed to connect to server: javax.net.ssl.SSLHandshakeException: com.android.org.bouncycastle.jce.exception.ExtCertPathValidatorException: Could not validate certificate: Certificate not valid until Thu Apr 06 01:01:30 GMT+08:00 2017 (compared to Wed Apr 05 11:16:50 GMT+08:00 2017)
D/BluetoothAdapter( 5016): 702016126: getState() :  mService = null. Returning STATE_OFF
D/MediaCodecPlayer( 5016): releaseOutputBuffer drop
D/MediaCodecPlayer( 5016): releaseOutputBuffer drop
D/MediaCodecPlayer( 5016): releaseOutputBuffer drop
D/MediaCodecPlayer( 5016): releaseOutputBuffer drop
I/nativeProcess( 5869): iqiyi message: ==== isProcesssExist: stat=0, errno=88
I/nativeProcess( 5869): iqiyi message: create--runOnSubprocess isProcessExist true
I/nativeProcess( 5869): iqiyi message: ==== do something  executeCmd isProcessExist true =====
W/ActivityManager(  878): getTasks: caller 10069 does not hold GET_TASKS; limiting output
D/MediaCodecPlayer( 5016): releaseOutputBuffer drop
D/MediaCodecPlayer( 5016): releaseOutputBuffer drop
D/MediaCodecPlayer( 5016): releaseOutputBuffer drop
D/audio_hw_primary(  188): out_set_parameters: enter: usecase(1: low-latency-playback) kvpairs: routing=2
D/JOBS    ( 5016): added job id: -2147483593 class: con priority: 1000 delay: 0 group : null persistent: false 
D/BluetoothAdapter( 5016): 702016126: getState() :  mService = null. Returning STATE_OFF
D/JOBS    ( 5016): pool-2-thread-1: load factor check. false = (4 < 4)|| (4 * 3 < 1 + 0). consumer thread: false
D/JOBS    ( 5016): running job con
D/JOBS    ( 5016): finished job con
W/ActivityManager(  878): getTasks: caller 10069 does not hold GET_TASKS; limiting output
D/BluetoothAdapter( 5016): 702016126: getState() :  mService = null. Returning STATE_OFF
W/ActivityManager(  878): getTasks: caller 10069 does not hold GET_TASKS; limiting output
W/ActivityManager(  878): getTasks: caller 10069 does not hold GET_TASKS; limiting output
D/BluetoothAdapter( 5016): 702016126: getState() :  mService = null. Returning STATE_OFF
W/ActivityManager(  878): getTasks: caller 10069 does not hold GET_TASKS; limiting output
D/audio_hw_primary(  188): disable_audio_route: reset and update mixer path: low-latency-playback
D/audio_hw_primary(  188): disable_snd_device: snd_device(2: speaker)
D/BluetoothAdapter( 5016): 702016126: getState() :  mService = null. Returning STATE_OFF
W/ActivityManager(  878): getTasks: caller 10069 does not hold GET_TASKS; limiting output
D/BluetoothAdapter( 5016): 702016126: getState() :  mService = null. Returning STATE_OFF
I/nativeProcess( 5869): iqiyi message: ==== isProcesssExist: stat=0, errno=88
I/nativeProcess( 5869): iqiyi message: create--runOnSubprocess isProcessExist true
I/nativeProcess( 5869): iqiyi message: ==== do something  executeCmd isProcessExist true =====
W/ActivityManager(  878): getTasks: caller 10069 does not hold GET_TASKS; limiting output
D/BluetoothAdapter( 5016): 702016126: getState() :  mService = null. Returning STATE_OFF
W/ActivityManager(  878): getTasks: caller 10069 does not hold GET_TASKS; limiting output
D/BluetoothAdapter( 5016): 702016126: getState() :  mService = null. Returning STATE_OFF
W/ActivityManager(  878): getTasks: caller 10069 does not hold GET_TASKS; limiting output
D/BluetoothAdapter( 5016): 702016126: getState() :  mService = null. Returning STATE_OFF
W/ActivityManager(  878): getTasks: caller 10069 does not hold GET_TASKS; limiting output
D/BluetoothAdapter( 5016): 702016126: getState() :  mService = null. Returning STATE_OFF
W/ActivityManager(  878): getTasks: caller 10069 does not hold GET_TASKS; limiting output
E/WifiStateMachine(  878): WifiStateMachine CMD_START_SCAN source -2 txSuccessRate=0.00 rxSuccessRate=0.00 targetRoamBSSID=70:3d:15:7a:6e:c0 RSSI=-65
E/WifiStateMachine(  878): WifiStateMachine starting scan for "qiyi-public(5G)"WPA_PSK with 5765,5805,5745,5825,5785
D/BluetoothAdapter( 5016): 702016126: getState() :  mService = null. Returning STATE_OFF
I/nativeProcess( 5869): iqiyi message: ==== isProcesssExist: stat=0, errno=88
I/nativeProcess( 5869): iqiyi message: create--runOnSubprocess isProcessExist true
I/nativeProcess( 5869): iqiyi message: ==== do something  executeCmd isProcessExist true =====
W/ActivityManager(  878): getTasks: caller 10069 does not hold GET_TASKS; limiting output
D/BluetoothAdapter( 5016): 702016126: getState() :  mService = null. Returning STATE_OFF
W/ActivityManager(  878): getTasks: caller 10069 does not hold GET_TASKS; limiting output
D/BluetoothAdapter( 5016): 702016126: getState() :  mService = null. Returning STATE_OFF
W/ActivityManager(  878): getTasks: caller 10069 does not hold GET_TASKS; limiting output
D/BluetoothAdapter( 5016): 702016126: getState() :  mService = null. Returning STATE_OFF
W/ActivityManager(  878): getTasks: caller 10069 does not hold GET_TASKS; limiting output
D/BluetoothAdapter( 5016): 702016126: getState() :  mService = null. Returning STATE_OFF
W/ActivityManager(  878): getTasks: caller 10069 does not hold GET_TASKS; limiting output
I/nativeProcess( 5869): iqiyi message: ==== isProcesssExist: stat=0, errno=88
I/nativeProcess( 5869): iqiyi message: create--runOnSubprocess isProcessExist true
I/nativeProcess( 5869): iqiyi message: ==== do something  executeCmd isProcessExist true =====
D/BluetoothAdapter( 5016): 702016126: getState() :  mService = null. Returning STATE_OFF
D/audio_hw_primary(  188): out_set_parameters: enter: usecase(1: low-latency-playback) kvpairs: routing=2
D/audio_hw_primary(  188): select_devices: out_snd_device(2: speaker) in_snd_device(0: none)
D/msm8974_platform(  188): platform_send_audio_calibration: sending audio calibration for snd_device(2) acdb_id(15)
D/audio_hw_primary(  188): enable_snd_device: snd_device(2: speaker)
D/audio_hw_primary(  188): enable_audio_route: apply and update mixer path: low-latency-playback
W/ActivityManager(  878): getTasks: caller 10069 does not hold GET_TASKS; limiting output
D/BluetoothAdapter( 5016): 702016126: getState() :  mService = null. Returning STATE_OFF
W/ActivityManager(  878): getTasks: caller 10069 does not hold GET_TASKS; limiting output
D/BluetoothAdapter( 5016): 702016126: getState() :  mService = null. Returning STATE_OFF
W/ActivityManager(  878): getTasks: caller 10069 does not hold GET_TASKS; limiting output
D/BluetoothAdapter( 5016): 702016126: getState() :  mService = null. Returning STATE_OFF
D/audio_hw_primary(  188): disable_audio_route: reset and update mixer path: low-latency-playback
D/audio_hw_primary(  188): disable_snd_device: snd_device(2: speaker)
W/ActivityManager(  878): getTasks: caller 10069 does not hold GET_TASKS; limiting output
D/BluetoothAdapter( 5016): 702016126: getState() :  mService = null. Returning STATE_OFF
W/ActivityManager(  878): getTasks: caller 10069 does not hold GET_TASKS; limiting output
I/nativeProcess( 5869): iqiyi message: ==== isProcesssExist: stat=0, errno=88
I/nativeProcess( 5869): iqiyi message: create--runOnSubprocess isProcessExist true
I/nativeProcess( 5869): iqiyi message: ==== do something  executeCmd isProcessExist true =====
D/BluetoothAdapter( 5016): 702016126: getState() :  mService = null. Returning STATE_OFF
W/ActivityManager(  878): getTasks: caller 10069 does not hold GET_TASKS; limiting output
D/BluetoothAdapter( 5016): 702016126: getState() :  mService = null. Returning STATE_OFF
W/ActivityManager(  878): getTasks: caller 10069 does not hold GET_TASKS; limiting output
D/BluetoothAdapter( 5016): 702016126: getState() :  mService = null. Returning STATE_OFF
W/ActivityManager(  878): getTasks: caller 10069 does not hold GET_TASKS; limiting output
D/BluetoothAdapter( 5016): 702016126: getState() :  mService = null. Returning STATE_OFF
W/ActivityManager(  878): getTasks: caller 10069 does not hold GET_TASKS; limiting output
D/BluetoothAdapter( 5016): 702016126: getState() :  mService = null. Returning STATE_OFF
W/ActivityManager(  878): getTasks: caller 10069 does not hold GET_TASKS; limiting output
I/nativeProcess( 5869): iqiyi message: ==== isProcesssExist: stat=0, errno=88
I/nativeProcess( 5869): iqiyi message: create--runOnSubprocess isProcessExist true
I/nativeProcess( 5869): iqiyi message: ==== do something  executeCmd isProcessExist true =====
D/BluetoothAdapter( 5016): 702016126: getState() :  mService = null. Returning STATE_OFF
W/ActivityManager(  878): getTasks: caller 10069 does not hold GET_TASKS; limiting output
D/BluetoothAdapter( 5016): 702016126: getState() :  mService = null. Returning STATE_OFF
W/ActivityManager(  878): getTasks: caller 10069 does not hold GET_TASKS; limiting output
D/BluetoothAdapter( 5016): 702016126: getState() :  mService = null. Returning STATE_OFF
W/ActivityManager(  878): getTasks: caller 10069 does not hold GET_TASKS; limiting output
D/BluetoothAdapter( 5016): 702016126: getState() :  mService = null. Returning STATE_OFF
W/ActivityManager(  878): getTasks: caller 10069 does not hold GET_TASKS; limiting output
D/BluetoothAdapter( 5016): 702016126: getState() :  mService = null. Returning STATE_OFF
E/WifiStateMachine(  878): WifiStateMachine CMD_START_SCAN source -2 txSuccessRate=0.00 rxSuccessRate=0.00 targetRoamBSSID=70:3d:15:7a:6e:c0 RSSI=-63
E/WifiStateMachine(  878): WifiStateMachine starting scan for "qiyi-public(5G)"WPA_PSK with 5765,5805,5745,5825,5785
I/nativeProcess( 5869): iqiyi message: ==== isProcesssExist: stat=0, errno=88
I/nativeProcess( 5869): iqiyi message: create--runOnSubprocess isProcessExist true
I/nativeProcess( 5869): iqiyi message: ==== do something  executeCmd isProcessExist true =====
W/ActivityManager(  878): getTasks: caller 10069 does not hold GET_TASKS; limiting output
D/BluetoothAdapter( 5016): 702016126: getState() :  mService = null. Returning STATE_OFF
I/ActivityManager(  878): START u0 {act=com.qiyi.video.download.videoui cmp=com.qiyi.video/org.qiyi.android.video.ui.phone.download.PhoneDownloadVideoActivity (has extras)} from uid 10069 on display 0
D/audio_hw_primary(  188): out_set_parameters: enter: usecase(1: low-latency-playback) kvpairs: routing=2
V/WindowManager(  878): addAppToken: AppWindowToken{7da0a8c token=Token{45853bf ActivityRecord{1f3805de u0 com.qiyi.video/org.qiyi.android.video.ui.phone.download.PhoneDownloadVideoActivity t395}}} to stack=1 task=395 at 3
I/MediaFocusControl(  878):  AudioFocus  abandonAudioFocus() from android.media.AudioManager@370cdcb5
D/audio_hw_primary(  188): select_devices: out_snd_device(2: speaker) in_snd_device(0: none)
D/msm8974_platform(  188): platform_send_audio_calibration: sending audio calibration for snd_device(2) acdb_id(15)
D/audio_hw_primary(  188): enable_snd_device: snd_device(2: speaker)
D/audio_hw_primary(  188): enable_audio_route: apply and update mixer path: low-latency-playback
I/player_engine( 5016): jni_Close()
D/MediaCodecPlayer( 5016): Close
I/OMX-VDEC-1080P(  188): omx_vdec::component_deinit() complete
I/OMX-VDEC-1080P(  188): Exit OMX vdec Destructor: fd=17
V/CLog    ( 5016): jni attaching current thread
V/WindowManager(  878): Adding window Window{3b3aa1ea u0 com.qiyi.video/org.qiyi.android.video.ui.phone.download.PhoneDownloadVideoActivity} at 7 of 13 (after Window{37d00cd0 u0 com.qiyi.video/org.iqiyi.video.activity.PlayerActivity})
V/WindowManager(  878): Adding window Window{2e634378 u0 com.qiyi.video/org.qiyi.android.video.ui.phone.download.PhoneDownloadVideoActivity} at 7 of 14 (before Window{3b3aa1ea u0 com.qiyi.video/org.qiyi.android.video.ui.phone.download.PhoneDownloadVideoActivity})
W/ActivityManager(  878): getTasks: caller 10069 does not hold GET_TASKS; limiting output
I/ActivityManager(  878): Displayed com.qiyi.video/org.qiyi.android.video.ui.phone.download.PhoneDownloadVideoActivity: +234ms
D/BluetoothAdapter( 5016): 702016126: getState() :  mService = null. Returning STATE_OFF
W/ActivityManager(  878): getTasks: caller 10069 does not hold GET_TASKS; limiting output
D/BluetoothAdapter( 5016): 702016126: getState() :  mService = null. Returning STATE_OFF
W/ActivityManager(  878): getTasks: caller 10069 does not hold GET_TASKS; limiting output
D/BluetoothAdapter( 5016): 702016126: getState() :  mService = null. Returning STATE_OFF
D/audio_hw_primary(  188): disable_audio_route: reset and update mixer path: low-latency-playback
D/audio_hw_primary(  188): disable_snd_device: snd_device(2: speaker)
E/QQLivePMnt.Log( 3065): getEntireFilename is = /storage/emulated/0/Android/data/com.tencent.qqlive/files/log/QQLiveLog_services_0.log
E/QQLivePMnt.Log( 3065): getEntireFilename is = /storage/emulated/0/Android/data/com.tencent.qqlive/files/log/QQLiveLog_services_0.log
E/QQLivePMnt.Log( 3065): getFile:/storage/emulated/0/Android/data/com.tencent.qqlive/files/log/QQLiveLog_services_0.log
W/ActivityManager(  878): getTasks: caller 10069 does not hold GET_TASKS; limiting output
D/BluetoothAdapter( 5016): 702016126: getState() :  mService = null. Returning STATE_OFF
I/nativeProcess( 5869): iqiyi message: ==== isProcesssExist: stat=0, errno=88
I/nativeProcess( 5869): iqiyi message: create--runOnSubprocess isProcessExist true
I/nativeProcess( 5869): iqiyi message: ==== do something  executeCmd isProcessExist true =====
W/ActivityManager(  878): getTasks: caller 10069 does not hold GET_TASKS; limiting output
D/BluetoothAdapter( 5016): 702016126: getState() :  mService = null. Returning STATE_OFF
W/ActivityManager(  878): getTasks: caller 10069 does not hold GET_TASKS; limiting output
D/BluetoothAdapter( 5016): 702016126: getState() :  mService = null. Returning STATE_OFF
W/ActivityManager(  878): getTasks: caller 10069 does not hold GET_TASKS; limiting output
D/BluetoothAdapter( 5016): 702016126: getState() :  mService = null. Returning STATE_OFF
W/ActivityManager(  878): getTasks: caller 10069 does not hold GET_TASKS; limiting output
D/BluetoothAdapter( 5016): 702016126: getState() :  mService = null. Returning STATE_OFF
W/ActivityManager(  878): getTasks: caller 10069 does not hold GET_TASKS; limiting output
D/BluetoothAdapter( 5016): 702016126: getState() :  mService = null. Returning STATE_OFF
I/nativeProcess( 5869): iqiyi message: ==== isProcesssExist: stat=0, errno=88
I/nativeProcess( 5869): iqiyi message: create--runOnSubprocess isProcessExist true
I/nativeProcess( 5869): iqiyi message: ==== do something  executeCmd isProcessExist true =====
W/ActivityManager(  878): getTasks: caller 10069 does not hold GET_TASKS; limiting output
D/BluetoothAdapter( 5016): 702016126: getState() :  mService = null. Returning STATE_OFF
W/ActivityManager(  878): getTasks: caller 10069 does not hold GET_TASKS; limiting output
D/BluetoothAdapter( 5016): 702016126: getState() :  mService = null. Returning STATE_OFF
W/ActivityManager(  878): getTasks: caller 10069 does not hold GET_TASKS; limiting output
D/BluetoothAdapter( 5016): 702016126: getState() :  mService = null. Returning STATE_OFF
W/ActivityManager(  878): getTasks: caller 10069 does not hold GET_TASKS; limiting output
D/BluetoothAdapter( 5016): 702016126: getState() :  mService = null. Returning STATE_OFF
W/ActivityManager(  878): getTasks: caller 10069 does not hold GET_TASKS; limiting output
D/BluetoothAdapter( 5016): 702016126: getState() :  mService = null. Returning STATE_OFF
I/nativeProcess( 5869): iqiyi message: ==== isProcesssExist: stat=0, errno=88
I/nativeProcess( 5869): iqiyi message: create--runOnSubprocess isProcessExist true
I/nativeProcess( 5869): iqiyi message: ==== do something  executeCmd isProcessExist true =====
W/ActivityManager(  878): getTasks: caller 10069 does not hold GET_TASKS; limiting output
I/AppPerf ( 6942): no text exists
D/audio_hw_primary(  188): out_set_parameters: enter: usecase(1: low-latency-playback) kvpairs: routing=2
I/ActivityManager(  878): START u0 {cmp=com.qiyi.video/org.qiyi.android.video.ui.phone.download.PhoneDownloadEpisodeActivity (has extras)} from uid 10069 on display 0
V/WindowManager(  878): addAppToken: AppWindowToken{343f81f2 token=Token{9b110fd ActivityRecord{16c09954 u0 com.qiyi.video/org.qiyi.android.video.ui.phone.download.PhoneDownloadEpisodeActivity t395}}} to stack=1 task=395 at 4
D/audio_hw_primary(  188): select_devices: out_snd_device(2: speaker) in_snd_device(0: none)
D/msm8974_platform(  188): platform_send_audio_calibration: sending audio calibration for snd_device(2) acdb_id(15)
D/audio_hw_primary(  188): enable_snd_device: snd_device(2: speaker)
D/audio_hw_primary(  188): enable_audio_route: apply and update mixer path: low-latency-playback
V/WindowManager(  878): Adding window Window{1537f6c0 u0 com.qiyi.video/org.qiyi.android.video.ui.phone.download.PhoneDownloadEpisodeActivity} at 8 of 14 (after Window{2e634378 u0 com.qiyi.video/org.qiyi.android.video.ui.phone.download.PhoneDownloadVideoActivity})
V/WindowManager(  878): Adding window Window{17bfcb3e u0 com.qiyi.video/org.qiyi.android.video.ui.phone.download.PhoneDownloadEpisodeActivity} at 8 of 15 (before Window{1537f6c0 u0 com.qiyi.video/org.qiyi.android.video.ui.phone.download.PhoneDownloadEpisodeActivity})
I/ActivityManager(  878): Displayed com.qiyi.video/org.qiyi.android.video.ui.phone.download.PhoneDownloadEpisodeActivity: +221ms
D/BluetoothAdapter( 5016): 702016126: getState() :  mService = null. Returning STATE_OFF
W/ActivityManager(  878): getTasks: caller 10069 does not hold GET_TASKS; limiting output
D/BluetoothAdapter( 5016): 702016126: getState() :  mService = null. Returning STATE_OFF
W/ActivityManager(  878): getTasks: caller 10069 does not hold GET_TASKS; limiting output
D/BluetoothAdapter( 5016): 702016126: getState() :  mService = null. Returning STATE_OFF
W/ActivityManager(  878): getTasks: caller 10069 does not hold GET_TASKS; limiting output
D/audio_hw_primary(  188): disable_audio_route: reset and update mixer path: low-latency-playback
D/audio_hw_primary(  188): disable_snd_device: snd_device(2: speaker)
D/BluetoothAdapter( 5016): 702016126: getState() :  mService = null. Returning STATE_OFF
E/WifiStateMachine(  878): WifiStateMachine CMD_START_SCAN source -2 txSuccessRate=0.00 rxSuccessRate=0.00 targetRoamBSSID=70:3d:15:7a:6e:c0 RSSI=-66
E/WifiStateMachine(  878): WifiStateMachine starting scan for "qiyi-public(5G)"WPA_PSK with 5765,5805,5745,5825,5785
W/ActivityManager(  878): getTasks: caller 10069 does not hold GET_TASKS; limiting output
D/BluetoothAdapter( 5016): 702016126: getState() :  mService = null. Returning STATE_OFF
I/nativeProcess( 5869): iqiyi message: ==== isProcesssExist: stat=0, errno=88
I/nativeProcess( 5869): iqiyi message: create--runOnSubprocess isProcessExist true
I/nativeProcess( 5869): iqiyi message: ==== do something  executeCmd isProcessExist true =====
W/ActivityManager(  878): getTasks: caller 10069 does not hold GET_TASKS; limiting output
D/BluetoothAdapter( 5016): 702016126: getState() :  mService = null. Returning STATE_OFF
W/ActivityManager(  878): getTasks: caller 10069 does not hold GET_TASKS; limiting output
D/BluetoothAdapter( 5016): 702016126: getState() :  mService = null. Returning STATE_OFF
W/ActivityManager(  878): getTasks: caller 10069 does not hold GET_TASKS; limiting output
D/BluetoothAdapter( 5016): 702016126: getState() :  mService = null. Returning STATE_OFF
W/ActivityManager(  878): getTasks: caller 10069 does not hold GET_TASKS; limiting output
D/BluetoothAdapter( 5016): 702016126: getState() :  mService = null. Returning STATE_OFF
W/ActivityManager(  878): getTasks: caller 10069 does not hold GET_TASKS; limiting output
I/nativeProcess( 5869): iqiyi message: ==== isProcesssExist: stat=0, errno=88
I/nativeProcess( 5869): iqiyi message: create--runOnSubprocess isProcessExist true
I/nativeProcess( 5869): iqiyi message: ==== do something  executeCmd isProcessExist true =====
D/BluetoothAdapter( 5016): 702016126: getState() :  mService = null. Returning STATE_OFF
W/ActivityManager(  878): getTasks: caller 10069 does not hold GET_TASKS; limiting output
D/BluetoothAdapter( 5016): 702016126: getState() :  mService = null. Returning STATE_OFF
W/ActivityManager(  878): getTasks: caller 10069 does not hold GET_TASKS; limiting output
D/BluetoothAdapter( 5016): 702016126: getState() :  mService = null. Returning STATE_OFF
W/System.err( 5244): java.net.SocketTimeoutException: failed to connect to /192.168.49.1 (port 39620) after 2500ms
W/System.err( 5244): 	at libcore.io.IoBridge.connectErrno(IoBridge.java:169)
W/System.err( 5244): 	at libcore.io.IoBridge.connect(IoBridge.java:122)
W/System.err( 5244): 	at java.net.PlainSocketImpl.connect(PlainSocketImpl.java:183)
W/System.err( 5244): 	at java.net.PlainSocketImpl.connect(PlainSocketImpl.java:456)
W/System.err( 5244): 	at java.net.Socket.connect(Socket.java:882)
W/System.err( 5244): 	at org.cybergarage.upnp.ControlPoint.isConnect(ControlPoint.java:899)
W/System.err( 5244): 	at org.cybergarage.upnp.ControlPoint.removeExpiredDevices(ControlPoint.java:986)
W/System.err( 5244): 	at org.cybergarage.upnp.device.Disposer.run(Disposer.java:73)
W/System.err( 5244): 	at java.lang.Thread.run(Thread.java:818)
W/ActivityManager(  878): getTasks: caller 10069 does not hold GET_TASKS; limiting output
D/BluetoothAdapter( 5016): 702016126: getState() :  mService = null. Returning STATE_OFF
W/ActivityManager(  878): getTasks: caller 10069 does not hold GET_TASKS; limiting output
D/BluetoothAdapter( 5016): 702016126: getState() :  mService = null. Returning STATE_OFF
W/ActivityManager(  878): getTasks: caller 10069 does not hold GET_TASKS; limiting output
I/nativeProcess( 5869): iqiyi message: ==== isProcesssExist: stat=0, errno=88
I/nativeProcess( 5869): iqiyi message: create--runOnSubprocess isProcessExist true
I/nativeProcess( 5869): iqiyi message: ==== do something  executeCmd isProcessExist true =====
D/BluetoothAdapter( 5016): 702016126: getState() :  mService = null. Returning STATE_OFF
I/System.out( 5244): Qimo.ServiceQimoConfig/getQimoDeviceConfig # 
I/QimoPluginToHost( 5244): ### test can run chromecast 
D/audio_hw_primary(  188): out_set_parameters: enter: usecase(1: low-latency-playback) kvpairs: routing=2
D/audio_hw_primary(  188): select_devices: out_snd_device(2: speaker) in_snd_device(0: none)
D/msm8974_platform(  188): platform_send_audio_calibration: sending audio calibration for snd_device(2) acdb_id(15)
D/audio_hw_primary(  188): enable_snd_device: snd_device(2: speaker)
D/audio_hw_primary(  188): enable_audio_route: apply and update mixer path: low-latency-playback
I/ActivityManager(  878): START u0 {cmp=com.qiyi.video/org.iqiyi.video.activity.PlayerActivity (has extras)} from uid 10069 on display 0
V/WindowManager(  878): addAppToken: AppWindowToken{d05ddd8 token=Token{238574bb ActivityRecord{37695d4a u0 com.qiyi.video/org.iqiyi.video.activity.PlayerActivity t395}}} to stack=1 task=395 at 5
I/registerBroadCast( 5016): unRegisterBroadCast = start:315993642--qiyi.sdk.player.sleep.action
I/registerBroadCast( 5016): unRegisterBroadCast = start:315993642--android.intent.action.USER_PRESENT
I/registerBroadCast( 5016): unRegisterBroadCast = start:315993642--android.intent.action.CLOSE_SYSTEM_DIALOGS
I/registerBroadCast( 5016): unRegisterBroadCast = start:315993642--android.intent.action.BATTERY_CHANGED
I/ActivityManager(  878): Config changes=480 {1.0 ?mcc?mnc zh_CN ?layoutDir sw360dp w598dp h335dp 480dpi nrml land finger -keyb/v/h -nav/h s.7}
V/ActivityManager(  878): Display changed displayId=0
D/Tinker.DefaultAppLike( 5244): onConfigurationChanged:{1.0 ?mcc?mnc zh_CN ?layoutDir sw360dp w598dp h335dp 480dpi nrml land finger -keyb/v/h -nav/h s.7}
D/Tinker.DefaultAppLike( 5842): onConfigurationChanged:{1.0 ?mcc?mnc zh_CN ?layoutDir sw360dp w598dp h335dp 480dpi nrml land finger -keyb/v/h -nav/h s.7}
D/Tinker.DefaultAppLike( 5674): onConfigurationChanged:{1.0 ?mcc?mnc zh_CN ?layoutDir sw360dp w598dp h335dp 480dpi nrml land finger -keyb/v/h -nav/h s.7}
D/Tinker.DefaultAppLike( 5537): onConfigurationChanged:{1.0 ?mcc?mnc zh_CN ?layoutDir sw360dp w598dp h335dp 480dpi nrml land finger -keyb/v/h -nav/h s.7}
I/InputReader(  878): Reconfiguring input devices.  changes=0x00000004
I/InputReader(  878): Device reconfigured: id=4, name='touch_dev', size 1080x1920, orientation 1, mode 1, display id 0
D/Tinker.DefaultAppLike( 5871): onConfigurationChanged:{1.0 ?mcc?mnc zh_CN ?layoutDir sw360dp w598dp h335dp 480dpi nrml land finger -keyb/v/h -nav/h s.7}
D/Tinker.DefaultAppLike( 4926): onConfigurationChanged:{1.0 ?mcc?mnc zh_CN ?layoutDir sw360dp w598dp h335dp 480dpi nrml land finger -keyb/v/h -nav/h s.7}
W/ActivityManager(  878): getTasks: caller 10069 does not hold GET_TASKS; limiting output
V/WindowManager(  878): Adding window Window{155c2c8f u0 com.qiyi.video/org.iqiyi.video.activity.PlayerActivity} at 9 of 16 (after Window{17bfcb3e u0 com.qiyi.video/org.qiyi.android.video.ui.phone.download.PhoneDownloadEpisodeActivity})
D/Tinker.DefaultAppLike( 5016): onConfigurationChanged:{1.0 ?mcc?mnc zh_CN ?layoutDir sw360dp w598dp h335dp 480dpi nrml land finger -keyb/v/h -nav/h s.7}
E/QYPlayerViewController( 5016): onScreenOrientationChangeForPlayer: 
I/TestRunner( 6942): finished: TestOfflinePlay(perf.android.com.appperf.Case.power.TestOfflinePlay)
D/Cupid005( 5016): SetMemberStatus(): vip:0
I/CLog    ( 5016): 2017-04-05 11:17:52.634 T:7521   DEBUG: [CUPID]void CUPID::SetMemberStatus(const CUPID::CupidMemberParam&)(): is vip: 0, passport id: , passport cookie:
V/CLog    ( 5016): NativeMediaPlayer:-1900687360
V/CLog    ( 5016): NativeMediaPlayerCallbackBridge: com.iqiyi.player.qyplayer.PumaPlayer@2e99bb1e
V/CLog    ( 5016): OnNativeCallback: 4
V/CLog    ( 5016): OnNativeCallback: end
D/Cupid005( 5016): InitCupidEpisode()
I/CLog    ( 5016): 2017-04-05 11:17:52.639 T:5016   DEBUG: [CUPID]CUPID::Context::Context(uint32, const CUPID::CupidEpisodeParam&)(): video event id: 56627eb3cb22a6a00b18931d73c9c629, page type: 0, playback scene: 1, user type: 0, is offline video: 1, is vip video: 0
I/CLog    ( 5016): 2017-04-05 11:17:52.639 T:5016   DEBUG: [CUPID]CUPID::Context::Context(uint32, const CUPID::CupidEpisodeParam&)(): is downloading: 0, episode id: 641851900, video start offset: 2910000, video definition: 2, play source: 0, last video timestamp: 1491362242000, is preview: 0, play action: 0, play mode: 0
I/CLog    ( 5016): 2017-04-05 11:17:52.639 T:5016   DEBUG: [CUPID]CUPID::VideoController::VideoController(uint32)(): provider address: 0xb48946b0
D/Cupid005( 5016): RegisterJsonDelegate(): vv id: 83886080, slot type: 0
I/CLog    ( 5016): 2017-04-05 11:17:52.639 T:5016   DEBUG: jniRegisterJsonDelegate: 83886080, 0, delegate: 0x88a6d0c0
I/CLog    ( 5016): 2017-04-05 11:17:52.639 T:5016   DEBUG: [CUPID]void CUPID::RegisterJsonDelegate(uint32, SlotType, CUPID::IAdJsonDelegate*)(): vv id: 83886080, slot type: 0, delegate: 0x0x88a6d0c0
D/Cupid005( 5016): registerObjectAppDelegate(): vv id: 83886080, slot type: 1
I/CLog    ( 5016): 2017-04-05 11:17:52.639 T:5016   DEBUG: jniRegisterObjectAppDelegate: 83886080, 1, delegate: 0x88a6d0f0
I/CLog    ( 5016): 2017-04-05 11:17:52.639 T:5016   DEBUG: [CUPID]void CUPID::RegisterObjectAppDelegate(uint32, SlotType, CUPID::IAdObjectAppDelegate*)(): vv id: 83886080, slot type: 1, delegate: 0x0x88a6d0f0
D/Cupid005( 5016): registerObjectAppDelegate(): vv id: 83886080, slot type: 2
I/CLog    ( 5016): 2017-04-05 11:17:52.639 T:5016   DEBUG: jniRegisterObjectAppDelegate: 83886080, 2, delegate: 0x88ab9100
I/CLog    ( 5016): 2017-04-05 11:17:52.639 T:5016   DEBUG: [CUPID]void CUPID::RegisterObjectAppDelegate(uint32, SlotType, CUPID::IAdObjectAppDelegate*)(): vv id: 83886080, slot type: 2, delegate: 0x0x88ab9100
D/Cupid005( 5016): registerObjectAppDelegate(): vv id: 83886080, slot type: 3
I/CLog    ( 5016): 2017-04-05 11:17:52.639 T:5016   DEBUG: jniRegisterObjectAppDelegate: 83886080, 3, delegate: 0x88ab9110
I/CLog    ( 5016): 2017-04-05 11:17:52.639 T:5016   DEBUG: [CUPID]void CUPID::RegisterObjectAppDelegate(uint32, SlotType, CUPID::IAdObjectAppDelegate*)(): vv id: 83886080, slot type: 3, delegate: 0x0x88ab9110
D/Cupid005( 5016): RegisterJsonDelegate(): vv id: 83886080, slot type: 4
I/CLog    ( 5016): 2017-04-05 11:17:52.639 T:5016   DEBUG: jniRegisterJsonDelegate: 83886080, 4, delegate: 0x88ab9120
I/CLog    ( 5016): 2017-04-05 11:17:52.640 T:5016   DEBUG: [CUPID]void CUPID::RegisterJsonDelegate(uint32, SlotType, CUPID::IAdJsonDelegate*)(): vv id: 83886080, slot type: 4, delegate: 0x0x88ab9120
D/Cupid005( 5016): RegisterJsonDelegate(): vv id: 83886080, slot type: 5
I/CLog    ( 5016): 2017-04-05 11:17:52.640 T:5016   DEBUG: jniRegisterJsonDelegate: 83886080, 5, delegate: 0x88ab9130
I/CLog    ( 5016): 2017-04-05 11:17:52.640 T:5016   DEBUG: [CUPID]void CUPID::RegisterJsonDelegate(uint32, SlotType, CUPID::IAdJsonDelegate*)(): vv id: 83886080, slot type: 5, delegate: 0x0x88ab9130
D/Cupid005( 5016): RegisterJsonDelegate(): vv id: 83886080, slot type: 6
I/CLog    ( 5016): 2017-04-05 11:17:52.640 T:5016   DEBUG: jniRegisterJsonDelegate: 83886080, 6, delegate: 0x889d4200
I/CLog    ( 5016): 2017-04-05 11:17:52.640 T:5016   DEBUG: [CUPID]void CUPID::RegisterJsonDelegate(uint32, SlotType, CUPID::IAdJsonDelegate*)(): vv id: 83886080, slot type: 6, delegate: 0x0x889d4200
D/Cupid005( 5016): RegisterJsonDelegate(): vv id: 83886080, slot type: 7
I/CLog    ( 5016): 2017-04-05 11:17:52.640 T:5016   DEBUG: jniRegisterJsonDelegate: 83886080, 7, delegate: 0x889d4220
I/CLog    ( 5016): 2017-04-05 11:17:52.640 T:5016   DEBUG: [CUPID]void CUPID::RegisterJsonDelegate(uint32, SlotType, CUPID::IAdJsonDelegate*)(): vv id: 83886080, slot type: 7, delegate: 0x0x889d4220
D/Cupid005( 5016): RegisterJsonDelegate(): vv id: 83886080, slot type: 8
I/CLog    ( 5016): 2017-04-05 11:17:52.640 T:5016   DEBUG: jniRegisterJsonDelegate: 83886080, 8, delegate: 0x889d4230
I/CLog    ( 5016): 2017-04-05 11:17:52.640 T:5016   DEBUG: [CUPID]void CUPID::RegisterJsonDelegate(uint32, SlotType, CUPID::IAdJsonDelegate*)(): vv id: 83886080, slot type: 8, delegate: 0x0x889d4230
D/Cupid005( 5016): RegisterJsonDelegate(): vv id: 83886080, slot type: 9
I/CLog    ( 5016): 2017-04-05 11:17:52.640 T:5016   DEBUG: jniRegisterJsonDelegate: 83886080, 9, delegate: 0x889d4240
I/CLog    ( 5016): 2017-04-05 11:17:52.640 T:5016   DEBUG: [CUPID]void CUPID::RegisterJsonDelegate(uint32, SlotType, CUPID::IAdJsonDelegate*)(): vv id: 83886080, slot type: 9, delegate: 0x0x889d4240
D/Cupid005( 5016): RegisterJsonDelegate(): vv id: 83886080, slot type: 10
I/CLog    ( 5016): 2017-04-05 11:17:52.640 T:5016   DEBUG: jniRegisterJsonDelegate: 83886080, 10, delegate: 0x88ab9390
I/CLog    ( 5016): 2017-04-05 11:17:52.640 T:5016   DEBUG: [CUPID]void CUPID::RegisterJsonDelegate(uint32, SlotType, CUPID::IAdJsonDelegate*)(): vv id: 83886080, slot type: 10, delegate: 0x0x88ab9390
D/Cupid005( 5016): RegisterJsonDelegate(): vv id: 83886080, slot type: 11
I/CLog    ( 5016): 2017-04-05 11:17:52.640 T:5016   DEBUG: jniRegisterJsonDelegate: 83886080, 11, delegate: 0x88ab93f0
I/CLog    ( 5016): 2017-04-05 11:17:52.640 T:5016   DEBUG: [CUPID]void CUPID::RegisterJsonDelegate(uint32, SlotType, CUPID::IAdJsonDelegate*)(): vv id: 83886080, slot type: 11, delegate: 0x0x88ab93f0
E/playfilesourceNew( 5016): HCDN_LOG: [2017/04/05-11:17:52:643]:[func:SetParam],[line:1498],[oper: SetParam message ParamName(SetVip), ParamValue(0)]
E/hcdn_downloadengine( 5016): HCDN_LOG: [2017/04/05-11:17:52:643]:OnRecvSetParam,1896     task_id : 0,SetParam : SetVip,0 
D/Cupid005( 5016): SetSdkStatus(): status: {"network":1,"service_filter":"","locale":"cn_s","platform_code":"02022001010000000000","screen_status":"horizontal","gps_longitude":"","gps_latitude":""}
I/CLog    ( 5016): 2017-04-05 11:17:52.648 T:5016   DEBUG: [CUPID]void CUPID::SetSdkStatus(const string&)(): status:{"network":1,"service_filter":"","locale":"cn_s","platform_code":"02022001010000000000","screen_status":"horizontal","gps_longitude":"","gps_latitude":""}
D/JOBS    ( 5016): added job id: -2147483592 class: aux priority: 1001 delay: 0 group : null persistent: false 
D/JOBS    ( 5016): pool-2-thread-1: load factor check. false = (4 < 4)|| (4 * 3 < 1 + 0). consumer thread: false
D/JOBS    ( 5016): running job aux
D/JOBS    ( 5016): added job id: -2147483591 class: aj priority: 1000 delay: 0 group : null persistent: false 
D/JOBS    ( 5016): pool-2-thread-1: load factor check. false = (4 < 4)|| (4 * 3 < 1 + 1). consumer thread: false
D/JOBS    ( 5016): running job aj
D/JOBS    ( 5016): added job id: -2147483590 class: aj priority: 1000 delay: 0 group : null persistent: false 
D/JOBS    ( 5016): pool-2-thread-1: load factor check. false = (4 < 4)|| (4 * 3 < 1 + 2). consumer thread: false
D/JOBS    ( 5016): running job aj
D/JOBS    ( 5016): finished job aux
D/JOBS    ( 5016): added job id: -2147483589 class: aj priority: 1000 delay: 0 group : null persistent: false 
D/JOBS    ( 5016): pool-2-thread-1: load factor check. false = (4 < 4)|| (4 * 3 < 1 + 2). consumer thread: false
D/JOBS    ( 5016): added job id: -2147483588 class: ah priority: 1000 delay: 0 group : null persistent: false 
D/JOBS    ( 5016): pool-2-thread-1: load factor check. false = (4 < 4)|| (4 * 3 < 2 + 2). consumer thread: false
D/JOBS    ( 5016): running job aj
D/JOBS    ( 5016): running job ah
D/JOBS    ( 5016): finished job aj
D/JOBS    ( 5016): finished job ah
D/JOBS    ( 5016): finished job aj
E/cardjObj( 5016): cardjObj {"w_id":213497447,"pp_id":0,"w_t":2}
D/JOBS    ( 5016): finished job aj
I/art     (  878): Explicit concurrent mark sweep GC freed 123772(6MB) AllocSpace objects, 47(2032KB) LOS objects, 31% free, 34MB/50MB, paused 1.922ms total 71.379ms
D/CLog    ( 5016): AudioManager SetEndPoint: Speaker true
V/CLog    ( 5016): jni attaching current thread
W/art     ( 5016): Attempt to remove local handle scope entry from IRT, ignoring
E/playfilesourceNew( 5016): HCDN_LOG: [2017/04/05-11:17:52:782]:[func:SetParam],[line:1498],[oper: SetParam message ParamName(pause_for_ad), ParamValue(30)]
E/hcdn_downloadengine( 5016): HCDN_LOG: [2017/04/05-11:17:52:783]:OnRecvSetParam,1896     task_id : 0,SetParam : pause_for_ad,30 
V/CLog    ( 5016): OnNativeCallback: 3
I/BIGCORE ( 5016): 大播放内核OnWaiting回调  waiting = true
V/CLog    ( 5016): OnNativeCallback: end
V/CLog    ( 5016): OnNativeCallback: 4
V/CLog    ( 5016): OnNativeCallback: end
V/WindowManager(  878): Adding window Window{1763234c u0 SurfaceView} at 9 of 16 (before Window{155c2c8f u0 com.qiyi.video/org.iqiyi.video.activity.PlayerActivity})
I/art     ( 5016): Background partial concurrent mark sweep GC freed 38734(2MB) AllocSpace objects, 55(11MB) LOS objects, 12% free, 115MB/131MB, paused 1.770ms total 173.457ms
I/CLog    ( 5016): 2017-04-05 11:17:52.831 T:7532   DEBUG: [CUPID]void CUPID::RegisterObjectDelegate(uint32, SlotType, CUPID::IAdObjectDelegate*)(): vv id: 83886080, slot type: 1, delegate: 0x0x882944c0
I/CLog    ( 5016): 2017-04-05 11:17:52.831 T:7532   DEBUG: [CUPID]void CUPID::RequestAd(uint32)(): vv id: 83886080
I/CLog    ( 5016): 2017-04-05 11:17:52.831 T:7532   DEBUG: [CUPID]void CUPID::AdsManager::RequestAd(uint32)(): vv id:83886080
I/CLog    ( 5016): 2017-04-05 11:17:52.831 T:7532   DEBUG: [CUPID]std::string CUPID::AdsProvider::GenerateRequestUrl(const string&, const std::vector<CUPID::Cuepoint>&, bool) const(): mixer request url: http://t7z.cupid.iqiyi.com/mixer?ap=cp&a=358239054506391&aid=76f6ea0a399cae97&b=641851900&ca=615&cd=5113&cts=1491362272054&d=qc_100001_100086&dpi=480&e=8.3&ea=1&fa=2,4,10,11&i=gphone&imei=e2878a7306325ba88ec7e58ee6936805&ims=111&l=b398b8ccbaeacca840073a7ee9b7e7e6&lh=0&lp=0&lt=641851900&lts=1491362242000&lv=213&m=Nexus%205&mac=8c:3a:e3:5c:fb:d5&n=358239054506391&nw=1&o=56627eb3cb22a6a00b18931d73c9c629&os=5.1.1&pmv=3.9.1&po=1&ps=0&r=5.11.005&res=1080,1776&rid=7b4861e10e795d7f52c09952231ae932&ss=2&tp=2910&ut=0&v=0&vad=0&vd=0&vn=0&x=1&y=1&z=1
I/CLog    ( 5016): 2017-04-05 11:17:52.832 T:7532    INFO: virtual bool QYPuma::CurlHttpLoader::Load(const QYPuma::QYHttpRequest&, QYPuma::IQYHttpHandler*) - 23, url: http://t7z.cupid.iqiyi.com/mixer?ap=cp&a=358239054506391&aid=76f6ea0a399cae97&b=641851900&ca=615&cd=5113&cts=1491362272054&d=qc_100001_100086&dpi=480&e=8.3&ea=1&fa=2,4,10,11&i=gphone&imei=e2878a7306325ba88ec7e58ee6936805&ims=111&l=b398b8ccbaeacca840073a7ee9b7e7e6&lh=0&lp=0&lt=641851900&lts=1491362242000&lv=213&m=Nexus%205&mac=8c:3a:e3:5c:fb:d5&n=358239054506391&nw=1&o=56627eb3cb22a6a00b18931d73c9c629&os=5.1.1&pmv=3.9.1&po=1&ps=0&r=5.11.005&res=1080,1776&rid=7b4861e10e795d7f52c09952231ae932&ss=2&tp=2910&ut=0&v=0&vad=0&vd=0&vn=0&x=1&y=1&z=1
I/CLog    ( 5016): 2017-04-05 11:17:52.832 T:7532    INFO: network-load(23): send request: http://t7z.cupid.iqiyi.com/mixer?ap=cp&a=358239054506391&aid=76f6ea0a399cae97&b=641851900&ca=615&cd=5113&cts=1491362272054&d=qc_100001_100086&dpi=480&e=8.3&ea=1&fa=2,4,10,11&i=gphone&imei=e2878a7306325ba88ec7e58ee6936805&ims=111&l=b398b8ccbaeacca840073a7ee9b7e7e6&lh=0&lp=0&lt=641851900&lts=1491362242000&lv=213&m=Nexus%205&mac=8c:3a:e3:5c:fb:d5&n=358239054506391&nw=1&o=56627eb3cb22a6a00b18931d73c9c629&os=5.1.1&pmv=3.9.1&po=1&ps=0&r=5.11.005&res=1080,1776&rid=7b4861e10e795d7f52c09952231ae932&ss=2&tp=2910&ut=0&v=0&vad=0&vd=0&vn=0&x=1&y=1&z=1, set timeout: 2
I/CLog    ( 5016): 2017-04-05 11:17:52.832 T:7532   DEBUG: [CUPID]Send(): send rtn:1, loader:0x91ae3430
I/CLog    ( 5016): 2017-04-05 11:17:52.832 T:5105   DEBUG: network-no request ,waiting end
I/CLog    ( 5016): 2017-04-05 11:17:52.833 T:5105   DEBUG: GetWaitingRequest... count: 1
I/CLog    ( 5016): 2017-04-05 11:17:52.859 T:5105    INFO: network-load(23): http response code: 200
I/CLog    ( 5016): 2017-04-05 11:17:52.860 T:5105    INFO: local ip 10.4.17.255, remote server ip 101.227.200.11, total time: 0(ms), speed download: 31.25(kb/s)
I/CLog    ( 5016): 2017-04-05 11:17:52.860 T:5105    INFO: network-load(23): Remove
I/CLog    ( 5016): 2017-04-05 11:17:52.860 T:5105    INFO: network-load(23): success! url:http://t7z.cupid.iqiyi.com/mixer?ap=cp&a=358239054506391&aid=76f6ea0a399cae97&b=641851900&ca=615&cd=5113&cts=1491362272054&d=qc_100001_100086&dpi=480&e=8.3&ea=1&fa=2,4,10,11&i=gphone&imei=e2878a7306325ba88ec7e58ee6936805&ims=111&l=b398b8ccbaeacca840073a7ee9b7e7e6&lh=0&lp=0&lt=641851900&lts=1491362242000&lv=213&m=Nexus%205&mac=8c:3a:e3:5c:fb:d5&n=358239054506391&nw=1&o=56627eb3cb22a6a00b18931d73c9c629&os=5.1.1&pmv=3.9.1&po=1&ps=0&r=5.11.005&res=1080,1776&rid=7b4861e10e795d7f52c09952231ae932&ss=2&tp=2910&ut=0&v=0&vad=0&vd=0&vn=0&x=1&y=1&z=1
I/CLog    ( 5016): 2017-04-05 11:17:52.860 T:5105   DEBUG: [CUPID]virtual void CUPID::CurlLoader::OnComplete()(): code 1
I/CLog    ( 5016): 2017-04-05 11:17:52.860 T:5105   DEBUG: [CUPID]InternalCode CUPID::AdsProvider::Parse(const std::vector<CUPID::Cuepoint>&, const string&, const string&, CUPID::SPResultBundle)(): mixer response:{"version":"2.1.11851","sei":"","reqTemplateTypes":{},"reqTimeouts":[7000,7000],"midrollPoints":{},"vipCheckConflict":{},"pbp":{"m":"8c:3a:e3:5c:fb:d5","n":"e2878a7306325ba88ec7e58ee6936805","c":"2","g":"0","b":"206206701","w":"76f6ea0a399cae97","d":"3298","h":"0","l":"MTAxLjIyNy4zMi4yNTI=","ps":"0"},"requestId":"7b4861e10e795d7f52c09952231ae932","urlConfig":{"adxTracking":"http:\/\/t7z.cupid.iqiyi.com\/etx","cupidTracking":"http:\/\/t7z.cupid.iqiyi.com\/track2","mixer":["http:\/\/t7z.cupid.iqiyi.com\/mixer"],"pingback":["http:\/\/msga.cupid.iqiyi.com\/scp2.gif"]},"finalUrl":"","cupidExtras":{"enableMiaozhenSDK":1,"alimamaId":71000017,"clientIp":"MTAxLjIyNy4zMi4yNTI=","enablePB2":1,"enableAdMasterSDK":1,"enableAlimama":0,"enableMmaNielsen":0,"enableMmaCtr":1,"serverTime":1492407279000,"enableMmaMiaozhen":1,"enableMmaA
I/CLog    ( 5016): 2017-04-05 11:17:52.861 T:5105   DEBUG: [CUPID]bool CUPID::AdsProvider::ParseFutureSlots(const Value&)():
I/CLog    ( 5016): 2017-04-05 11:17:52.861 T:5105   DEBUG: [CUPID]void CUPID::AdsManager::TriggerFutureSlotsCallback(uint32, std::vector<CUPID::Cuepoint>)(): mid roll size: 0
I/CLog    ( 5016): 2017-04-05 11:17:52.861 T:5105   ERROR: [CUPID]bool CUPID::AdsProvider::ParseSlots(const string&, const std::vector<CUPID::Cuepoint>&, const Value&, CUPID::SPResultBundle)(): no slots node
I/CLog    ( 5016): 2017-04-05 11:17:52.861 T:5105   DEBUG: [CUPID]InternalCode CUPID::AdsProvider::LoadResponse(const std::vector<CUPID::Cuepoint>&, const string&, const string&, int, int, CUPID::SPResultBundle)(): load done.
I/CLog    ( 5016): 2017-04-05 11:17:52.861 T:5105   DEBUG: [CUPID]void CUPID::AdsProvider::HandleLoadResult(InternalCode, const std::vector<CUPID::Cuepoint>&, CUPID::SPResultBundle, uint32, const string&)(): result code: 2
I/CLog    ( 5016): 2017-04-05 11:17:52.861 T:5105   DEBUG: [CUPID]void CUPID::PingbackController::SendEvent(uint32, const Value&, int)(): send pingback, post data: {"u":"358239054506391","a":"358239054506391","v":"641851900","e":"56627eb3cb22a6a00b18931d73c9c629","y":"qc_100001_100086","s":"1492407279056","av":"5.11.005","vv":"8.3","mk":"b398b8ccbaeacca840073a7ee9b7e7e6","ol":1,"nw":1,"b":"206206701","c":"2","d":"3298","g":"0","h":"0","l":"MTAxLjIyNy4zMi4yNTI=","m":"8c:3a:e3:5c:fb:d5","n":"e2878a7306325ba88ec7e58ee6936805","ps":"0","w":"76f6ea0a399cae97","visit":[{"t":["s"],"pl":0,"sw":1080,"sh":1776,"pp":"","x":"ss:2"}]}
I/CLog    ( 5016): 2017-04-05 11:17:52.861 T:5105    INFO: virtual bool QYPuma::CurlHttpLoader::Load(const QYPuma::QYHttpRequest&, QYPuma::IQYHttpHandler*) - 24, url: http://msga.cupid.iqiyi.com/scp2.gif
I/CLog    ( 5016): 2017-04-05 11:17:52.861 T:5105    INFO: network-load(24): send request: http://msga.cupid.iqiyi.com/scp2.gif, set timeout: 5
I/CLog    ( 5016): 2017-04-05 11:17:52.861 T:5105   DEBUG: [CUPID]Send(): send rtn:1, loader:0x8938eee8
I/CLog    ( 5016): 2017-04-05 11:17:52.864 T:5105   DEBUG: [CUPID]void CUPID::AdsManager::TriggerCuepointCallback(InternalCode, uint32, uint32, const CUPID::Cuepoint&)(): code: 10, vv id: 83886080, request id: 25
I/CLog    ( 5016): 2017-04-05 11:17:52.864 T:5105   DEBUG: jdelegate:0x2012be
I/CLog    ( 5016): 2017-04-05 11:17:52.864 T:5105   DEBUG: GetEnv: attaching currentThread.
V/CLog    ( 5016): OnNativeCallback: 18
V/CLog    ( 5016): OnNativeCallback: end
V/CLog    ( 5016): OnNativeCallback: 19
I/CLog    ( 5016): 2017-04-05 11:17:52.864 T:5105   DEBUG: jni OnSlotFailed finished
I/CLog    ( 5016): 2017-04-05 11:17:52.865 T:5105    INFO: event-set for complete:0x8809e1e0, http://t7z.cupid.iqiyi.com/mixer?ap=cp&a=358239054506391&aid=76f6ea0a399cae97&b=641851900&ca=615&cd=5113&cts=1491362272054&d=qc_100001_100086&dpi=480&e=8.3&ea=1&fa=2,4,10,11&i=gphone&imei=e2878a7306325ba88ec7e58ee6936805&ims=111&l=b398b8ccbaeacca840073a7ee9b7e7e6&lh=0&lp=0&lt=641851900&lts=1491362242000&lv=213&m=Nexus%205&mac=8c:3a:e3:5c:fb:d5&n=358239054506391&nw=1&o=56627eb3cb22a6a00b18931d73c9c629&os=5.1.1&pmv=3.9.1&po=1&ps=0&r=5.11.005&res=1080,1776&rid=7b4861e10e795d7f52c09952231ae932&ss=2&tp=2910&ut=0&v=0&vad=0&vd=0&vn=0&x=1&y=1&z=1
I/CLog    ( 5016): 2017-04-05 11:17:52.865 T:5105    INFO: network-Autodelete Handler, http://t7z.cupid.iqiyi.com/mixer?ap=cp&a=358239054506391&aid=76f6ea0a399cae97&b=641851900&ca=615&cd=5113&cts=1491362272054&d=qc_100001_100086&dpi=480&e=8.3&ea=1&fa=2,4,10,11&i=gphone&imei=e2878a7306325ba88ec7e58ee6936805&ims=111&l=b398b8ccbaeacca840073a7ee9b7e7e6&lh=0&lp=0&lt=641851900&lts=1491362242000&lv=213&m=Nexus%205&mac=8c:3a:e3:5c:fb:d5&n=358239054506391&nw=1&o=56627eb3cb22a6a00b18931d73c9c629&os=5.1.1&pmv=3.9.1&po=1&ps=0&r=5.11.005&res=1080,1776&rid=7b4861e10e795d7f52c09952231ae932&ss=2&tp=2910&ut=0&v=0&vad=0&vd=0&vn=0&x=1&y=1&z=1
I/CLog    ( 5016): 2017-04-05 11:17:52.865 T:5105   DEBUG: virtual QYPuma::CurlHttpLoader::~CurlHttpLoader(), 23
