I/CLog    ( 5016): 2017-04-05 11:16:21.885 T:5105    INFO: network-load(18): success! url:http://t7z.cupid.iqiyi.com/mixer?ap=cp&a=358239054506391&aid=76f6ea0a399cae97&b=641851900&ca=615&cd=5055&cts=1491362181041&d=qc_100001_100086&dpi=480&e=8.3&ea=1&fa=2,4,10,11&i=gphone&imei=e2878a7306325ba88ec7e58ee6936805&ims=111&l=b398b8ccbaeacca840073a7ee9b7e7e6&lh=0&lp=0&lt=641851900&lts=1491362137000&lv=122&m=Nexus%205&mac=8c:3a:e3:5c:fb:d5&n=358239054506391&nw=1&o=3c57863e3493712d733cd5131a920d33&os=5.1.1&pmv=3.9.1&po=1&ps=0&r=5.11.005&res=1080,1776&rid=b1e2fdda40e0cc3e07e80a0e3241f3c9&ss=1&tp=2881&ut=0&v=0&vad=0&vd=0&vn=0&x=1&y=1&z=1
I/CLog    ( 5016): 2017-04-05 11:16:21.885 T:5105   DEBUG: [CUPID]virtual void CUPID::CurlLoader::OnComplete()(): code 1
I/CLog    ( 5016): 2017-04-05 11:16:21.885 T:5105   DEBUG: [CUPID]InternalCode CUPID::AdsProvider::Parse(const std::vector<CUPID::Cuepoint>&, const string&, const string&, CUPID::SPResultBundle)(): mixer response:{"version":"2.1.11851","sei":"","reqTemplateTypes":{},"reqTimeouts":[7000,7000],"midrollPoints":{},"vipCheckConflict":{},"pbp":{"m":"8c:3a:e3:5c:fb:d5","n":"e2878a7306325ba88ec7e58ee6936805","c":"2","g":"0","b":"206206701","w":"76f6ea0a399cae97","d":"3298","h":"0","l":"MTAxLjIyNy4zMi4yNTI=","ps":"0"},"requestId":"b1e2fdda40e0cc3e07e80a0e3241f3c9","urlConfig":{"adxTracking":"http:\/\/t7z.cupid.iqiyi.com\/etx","cupidTracking":"http:\/\/t7z.cupid.iqiyi.com\/track2","mixer":["http:\/\/t7z.cupid.iqiyi.com\/mixer"],"pingback":["http:\/\/msga.cupid.iqiyi.com\/scp2.gif"]},"finalUrl":"","cupidExtras":{"enableMiaozhenSDK":1,"alimamaId":71000017,"clientIp":"MTAxLjIyNy4zMi4yNTI=","enablePB2":1,"enableAdMasterSDK":1,"enableAlimama":0,"enableMmaNielsen":0,"enableMmaCtr":1,"serverTime":1492407188000,"enableMmaMiaozhen":1,"enableMmaA
I/CLog    ( 5016): 2017-04-05 11:16:21.886 T:5105   DEBUG: [CUPID]bool CUPID::AdsProvider::ParseFutureSlots(const Value&)():
I/CLog    ( 5016): 2017-04-05 11:16:21.886 T:5105   DEBUG: [CUPID]void CUPID::AdsManager::TriggerFutureSlotsCallback(uint32, std::vector<CUPID::Cuepoint>)(): mid roll size: 0
I/CLog    ( 5016): 2017-04-05 11:16:21.886 T:5105   ERROR: [CUPID]bool CUPID::AdsProvider::ParseSlots(const string&, const std::vector<CUPID::Cuepoint>&, const Value&, CUPID::SPResultBundle)(): no slots node
I/CLog    ( 5016): 2017-04-05 11:16:21.886 T:5105   DEBUG: [CUPID]InternalCode CUPID::AdsProvider::LoadResponse(const std::vector<CUPID::Cuepoint>&, const string&, const string&, int, int, CUPID::SPResultBundle)(): load done.
I/CLog    ( 5016): 2017-04-05 11:16:21.886 T:5105   DEBUG: [CUPID]void CUPID::AdsProvider::HandleLoadResult(InternalCode, const std::vector<CUPID::Cuepoint>&, CUPID::SPResultBundle, uint32, const string&)(): result code: 2
I/CLog    ( 5016): 2017-04-05 11:16:21.886 T:5105   DEBUG: [CUPID]void CUPID::PingbackController::SendEvent(uint32, const Value&, int)(): send pingback, post data: {"u":"358239054506391","a":"358239054506391","v":"641851900","e":"3c57863e3493712d733cd5131a920d33","y":"qc_100001_100086","s":"1492407188043","av":"5.11.005","vv":"8.3","mk":"b398b8ccbaeacca840073a7ee9b7e7e6","ol":1,"nw":1,"b":"206206701","c":"2","d":"3298","g":"0","h":"0","l":"MTAxLjIyNy4zMi4yNTI=","m":"8c:3a:e3:5c:fb:d5","n":"e2878a7306325ba88ec7e58ee6936805","ps":"0","w":"76f6ea0a399cae97","visit":[{"t":["s"],"pl":0,"sw":1080,"sh":1776,"pp":"","x":"ss:1"}]}
I/CLog    ( 5016): 2017-04-05 11:16:21.886 T:5105    INFO: virtual bool QYPuma::CurlHttpLoader::Load(const QYPuma::QYHttpRequest&, QYPuma::IQYHttpHandler*) - 19, url: http://msga.cupid.iqiyi.com/scp2.gif
I/CLog    ( 5016): 2017-04-05 11:16:21.886 T:5105    INFO: network-load(19): send request: http://msga.cupid.iqiyi.com/scp2.gif, set timeout: 5
I/CLog    ( 5016): 2017-04-05 11:16:21.886 T:5105   DEBUG: [CUPID]Send(): send rtn:1, loader:0x8938ef58
I/CLog    ( 5016): 2017-04-05 11:16:21.886 T:5105   DEBUG: [CUPID]void CUPID::AdsManager::TriggerCuepointCallback(InternalCode, uint32, uint32, const CUPID::Cuepoint&)(): code: 10, vv id: 67108864, request id: 17
I/CLog    ( 5016): 2017-04-05 11:16:21.886 T:5105   DEBUG: jdelegate:0x101246
I/CLog    ( 5016): 2017-04-05 11:16:21.886 T:5105   DEBUG: GetEnv: attaching currentThread.
I/CLog    ( 5016): 2017-04-05 11:16:21.887 T:5105   DEBUG: jni OnSlotFailed finished
I/CLog    ( 5016): 2017-04-05 11:16:21.887 T:5105    INFO: event-set for complete:0x888c0b60, http://t7z.cupid.iqiyi.com/mixer?ap=cp&a=358239054506391&aid=76f6ea0a399cae97&b=641851900&ca=615&cd=5055&cts=1491362181041&d=qc_100001_100086&dpi=480&e=8.3&ea=1&fa=2,4,10,11&i=gphone&imei=e2878a7306325ba88ec7e58ee6936805&ims=111&l=b398b8ccbaeacca840073a7ee9b7e7e6&lh=0&lp=0&lt=641851900&lts=1491362137000&lv=122&m=Nexus%205&mac=8c:3a:e3:5c:fb:d5&n=358239054506391&nw=1&o=3c57863e3493712d733cd5131a920d33&os=5.1.1&pmv=3.9.1&po=1&ps=0&r=5.11.005&res=1080,1776&rid=b1e2fdda40e0cc3e07e80a0e3241f3c9&ss=1&tp=2881&ut=0&v=0&vad=0&vd=0&vn=0&x=1&y=1&z=1
I/CLog    ( 5016): 2017-04-05 11:16:21.887 T:5105    INFO: network-Autodelete Handler, http://t7z.cupid.iqiyi.com/mixer?ap=cp&a=358239054506391&aid=76f6ea0a399cae97&b=641851900&ca=615&cd=5055&cts=1491362181041&d=qc_100001_100086&dpi=480&e=8.3&ea=1&fa=2,4,10,11&i=gphone&imei=e2878a7306325ba88ec7e58ee6936805&ims=111&l=b398b8ccbaeacca840073a7ee9b7e7e6&lh=0&lp=0&lt=641851900&lts=1491362137000&lv=122&m=Nexus%205&mac=8c:3a:e3:5c:fb:d5&n=358239054506391&nw=1&o=3c57863e3493712d733cd5131a920d33&os=5.1.1&pmv=3.9.1&po=1&ps=0&r=5.11.005&res=1080,1776&rid=b1e2fdda40e0cc3e07e80a0e3241f3c9&ss=1&tp=2881&ut=0&v=0&vad=0&vd=0&vn=0&x=1&y=1&z=1
I/CLog    ( 5016): 2017-04-05 11:16:21.887 T:5105   DEBUG: virtual QYPuma::CurlHttpLoader::~CurlHttpLoader(), 18
I/CLog    ( 5016): 2017-04-05 11:16:21.888 T:5105   DEBUG: void QYPuma::CurlHttpLoader::SetClosed(bool) - 18, 1, http://t7z.cupid.iqiyi.com/mixer?ap=cp&a=358239054506391&aid=76f6ea0a399cae97&b=641851900&ca=615&cd=5055&cts=1491362181041&d=qc_100001_100086&dpi=480&e=8.3&ea=1&fa=2,4,10,11&i=gphone&imei=e2878a7306325ba88ec7e58ee6936805&ims=111&l=b398b8ccbaeacca840073a7ee9b7e7e6&lh=0&lp=0&lt=641851900&lts=1491362137000&lv=122&m=Nexus%205&mac=8c:3a:e3:5c:fb:d5&n=358239054506391&nw=1&o=3c57863e3493712d733cd5131a920d33&os=5.1.1&pmv=3.9.1&po=1&ps=0&r=5.11.005&res=1080,1776&rid=b1e2fdda40e0cc3e07e80a0e3241f3c9&ss=1&tp=2881&ut=0&v=0&vad=0&vd=0&vn=0&x=1&y=1&z=1
I/CLog    ( 5016): 2017-04-05 11:16:21.888 T:5105   DEBUG: event, thread id equal, no need wait :0x888c0b60 ,18
I/CLog    ( 5016): 2017-04-05 11:16:21.888 T:5105   DEBUG: virtual void QYPuma::CurlHttpLoader::Close() event_for_synchronous_ send the sig
I/CLog    ( 5016): 2017-04-05 11:16:21.888 T:5105   DEBUG: event wait end:0x888c0b60 ,18
I/CLog    ( 5016): 2017-04-05 11:16:21.888 T:5105   DEBUG: GetWaitingRequest... count: 1
I/ActivityManager(  878): Displayed com.qiyi.video/org.iqiyi.video.activity.PlayerActivity: +335ms
D/Cupid005( 5016): SetSdkStatus(): status: {"network":1,"service_filter":"","locale":"cn_s","platform_code":"02022001010000000000","screen_status":"vertical","gps_longitude":"","gps_latitude":""}
I/CLog    ( 5016): 2017-04-05 11:16:21.909 T:5016   DEBUG: [CUPID]void CUPID::SetSdkStatus(const string&)(): status:{"network":1,"service_filter":"","locale":"cn_s","platform_code":"02022001010000000000","screen_status":"vertical","gps_longitude":"","gps_latitude":""}
I/CLog    ( 5016): 2017-04-05 11:16:21.910 T:5016   ERROR: [CUPID]bool CUPID::AdsManager::GetController(uint32, std::function<void(CUPID::VideoController*)>&&)(): invalid vv_id(null video): 50331648
E/playfilesourceNew( 5016): HCDN_LOG: [2017/04/05-11:16:21:911]:[func:SetParam],[line:1498],[oper: SetParam message ParamName(conntype), ParamValue(1)]
E/hcdn_downloadengine( 5016): HCDN_LOG: [2017/04/05-11:16:21:911]:OnRecvSetParam,1896     task_id : 0,SetParam : conntype,1 
E/hcdn_downloadengine( 5016): HCDN_LOG: [2017/04/05-11:16:21:911]:OnRecvSetParam,2036 connect wifi
E/playfilesourceNew( 5016): HCDN_LOG: [2017/04/05-11:16:21:911]:[func:SetParam],[line:1498],[oper: SetParam message ParamName(net_mode), ParamValue(p2p)]
E/hcdn_downloadengine( 5016): HCDN_LOG: [2017/04/05-11:16:21:912]:OnRecvSetParam,1896     task_id : 0,SetParam : net_mode,p2p 
E/hcdn_downloadengine( 5016): HCDN_LOG: [2017/04/05-11:16:21:912]:OnRecvSetParam,1998  the big player set hcdn use hcdn
I/CLog    ( 5016): 2017-04-05 11:16:21.923 T:5105    INFO: network-load(19): http response code: 200
I/CLog    ( 5016): 2017-04-05 11:16:21.924 T:5105    INFO: local ip 10.4.17.255, remote server ip 101.227.200.37, total time: 0(ms), speed download: 0.00(kb/s)
I/CLog    ( 5016): 2017-04-05 11:16:21.924 T:5105    INFO: network-load(19): Remove
I/CLog    ( 5016): 2017-04-05 11:16:21.924 T:5105    INFO: network-load(19): success! url:http://msga.cupid.iqiyi.com/scp2.gif
I/CLog    ( 5016): 2017-04-05 11:16:21.924 T:5105   DEBUG: [CUPID]virtual void CUPID::CurlLoader::OnComplete()(): code 1
I/CLog    ( 5016): 2017-04-05 11:16:21.924 T:5105   DEBUG: [CUPID]void CUPID::PingbackController::HandlePingbackResponse(const CUPID::SenderResult&)(): pingback response:
I/CLog    ( 5016): 2017-04-05 11:16:21.924 T:5105    INFO: event-set for complete:0xaefb6b60, http://msga.cupid.iqiyi.com/scp2.gif
I/CLog    ( 5016): 2017-04-05 11:16:21.924 T:5105    INFO: network-Autodelete Handler, http://msga.cupid.iqiyi.com/scp2.gif
I/CLog    ( 5016): 2017-04-05 11:16:21.924 T:5105   DEBUG: virtual QYPuma::CurlHttpLoader::~CurlHttpLoader(), 19
I/CLog    ( 5016): 2017-04-05 11:16:21.925 T:5105   DEBUG: void QYPuma::CurlHttpLoader::SetClosed(bool) - 19, 1, http://msga.cupid.iqiyi.com/scp2.gif
I/CLog    ( 5016): 2017-04-05 11:16:21.925 T:5105   DEBUG: event, thread id equal, no need wait :0xaefb6b60 ,19
I/CLog    ( 5016): 2017-04-05 11:16:21.925 T:5105   DEBUG: virtual void QYPuma::CurlHttpLoader::Close() event_for_synchronous_ send the sig
I/CLog    ( 5016): 2017-04-05 11:16:21.925 T:5105   DEBUG: event wait end:0xaefb6b60 ,19
I/CLog    ( 5016): 2017-04-05 11:16:21.925 T:5105   DEBUG: network-no request ,waiting begin
D/JOBS    ( 5016): added job id: -2147483600 class: con priority: 1000 delay: 0 group : null persistent: false 
D/JOBS    ( 5016): pool-2-thread-1: load factor check. false = (4 < 4)|| (4 * 3 < 1 + 0). consumer thread: false
D/JOBS    ( 5016): running job con
D/JOBS    ( 5016): finished job con
D/JOBS    ( 5016): added job id: -2147483599 class: con priority: 1000 delay: 0 group : null persistent: false 
D/JOBS    ( 5016): running job con
D/JOBS    ( 5016): finished job con
D/JOBS    ( 5016): pool-2-thread-1: load factor check. false = (4 < 4)|| (4 * 3 < 0 + 0). consumer thread: false
D/JOBS    ( 5016): added job id: -2147483598 class: con priority: 1000 delay: 0 group : null persistent: false 
D/JOBS    ( 5016): pool-2-thread-1: load factor check. false = (4 < 4)|| (4 * 3 < 1 + 0). consumer thread: false
D/JOBS    ( 5016): added job id: -2147483597 class: con priority: 1000 delay: 0 group : null persistent: false 
D/JOBS    ( 5016): pool-2-thread-1: load factor check. false = (4 < 4)|| (4 * 3 < 1 + 0). consumer thread: false
D/JOBS    ( 5016): running job con
D/JOBS    ( 5016): running job con
D/JOBS    ( 5016): added job id: -2147483596 class: con priority: 1000 delay: 0 group : null persistent: false 
D/JOBS    ( 5016): pool-2-thread-1: load factor check. false = (4 < 4)|| (4 * 3 < 1 + 2). consumer thread: false
D/JOBS    ( 5016): running job con
E/cardjObj( 5016): cardjObj {"w_id":213497447,"pp_id":0,"w_t":2}
D/JOBS    ( 5016): finished job con
D/JOBS    ( 5016): finished job con
D/JOBS    ( 5016): added job id: -2147483595 class: con priority: 1000 delay: 0 group : null persistent: false 
D/JOBS    ( 5016): pool-2-thread-1: load factor check. false = (4 < 4)|| (4 * 3 < 1 + 1). consumer thread: false
D/JOBS    ( 5016): running job con
V/CLog    ( 5016): OnNativeCallback: 9
V/CLog    ( 5016): OnNativeCallback: end
V/CLog    ( 5016): OnNativeCallback: 4
V/CLog    ( 5016): OnNativeCallback: end
V/CLog    ( 5016): OnNativeCallback: 18
V/CLog    ( 5016): OnNativeCallback: end
V/CLog    ( 5016): OnNativeCallback: 19
V/CLog    ( 5016): OnPrepared: pano_type1 Sensor: com.iqiyi.player.nativemediaplayer.sensor.Sensor@2186b9a6
V/CLog    ( 5016): OnNativeCallback: end
V/CLog    ( 5016): OnNativeCallback: 5
V/CLog    ( 5016): OnNativeCallback: end
V/CLog    ( 5016): OnNativeCallback: 21
V/CLog    ( 5016): OnNativeCallback: end
I/player_engine( 5016): jni_createByCodecName()
D/MediaCodecPlayer( 5016): mime=video/avc
D/MediaCodecPlayer( 5016): types.length=1
D/MediaCodecPlayer( 5016): curInfo.getName()=OMX.google.mp3.decoder
D/MediaCodecPlayer( 5016): types.length=1
D/MediaCodecPlayer( 5016): curInfo.getName()=OMX.google.amrnb.decoder
D/MediaCodecPlayer( 5016): types.length=1
D/MediaCodecPlayer( 5016): curInfo.getName()=OMX.google.amrwb.decoder
D/MediaCodecPlayer( 5016): types.length=1
D/MediaCodecPlayer( 5016): curInfo.getName()=OMX.google.aac.decoder
D/MediaCodecPlayer( 5016): types.length=1
D/MediaCodecPlayer( 5016): curInfo.getName()=OMX.google.g711.alaw.decoder
D/MediaCodecPlayer( 5016): types.length=1
D/MediaCodecPlayer( 5016): curInfo.getName()=OMX.google.g711.mlaw.decoder
D/MediaCodecPlayer( 5016): types.length=1
D/MediaCodecPlayer( 5016): curInfo.getName()=OMX.google.vorbis.decoder
D/MediaCodecPlayer( 5016): types.length=1
D/MediaCodecPlayer( 5016): curInfo.getName()=OMX.google.opus.decoder
D/MediaCodecPlayer( 5016): types.length=1
D/MediaCodecPlayer( 5016): curInfo.getName()=OMX.google.raw.decoder
D/MediaCodecPlayer( 5016): types.length=1
D/MediaCodecPlayer( 5016): curInfo.getName()=OMX.google.gsm.decoder
D/MediaCodecPlayer( 5016): types.length=1
D/MediaCodecPlayer( 5016): curInfo.getName()=OMX.qcom.video.decoder.avc
D/MediaCodecPlayer( 5016): types[j]=video/avc
D/MediaCodecPlayer( 5016): info.getName()=OMX.qcom.video.decoder.avc
D/JOBS    ( 5016): finished job con
I/OMXClient( 5016): Using client-side OMX mux.
W/ActivityManager(  878): getTasks: caller 10069 does not hold GET_TASKS; limiting output
W/ActivityManager(  878): getTasks: caller 10069 does not hold GET_TASKS; limiting output
D/JOBS    ( 5016): finished job con
W/ActivityManager(  878): getTasks: caller 10069 does not hold GET_TASKS; limiting output
W/ActivityManager(  878): getTasks: caller 10069 does not hold GET_TASKS; limiting output
I/OMX-VDEC-1080P(  188): component_init: OMX.qcom.video.decoder.avc : fd=17
I/OMX-VDEC-1080P(  188): Capabilities: driver_name = msm_vidc_driver, card = msm_vdec_8974, bus_info = , version = 1, capabilities = 4003000
I/OMX-VDEC-1080P(  188): omx_vdec::component_init() success : fd=17
I/player_engine( 5016): jni_ConfigureMediaCodec()
D/MediaCodecPlayer( 5016): ConfigureMediaCodec 2 width=640,height=360,data=[B@26c27ce1,length=42,spslength=33,flag=0,mime=video/avc,surface=Surface(name=null)/@0x39e1ea06
I/player_engine( 5016): jni_start()
D/MediaCodecPlayer( 5016): Start
V/CLog    ( 5016): OnNativeCallback: 21
V/CLog    ( 5016): OnNativeCallback: end
E/        (  188): not in avi mode
E/        (  188): not in avi mode
D/MediaCodecPlayer( 5016): INFO_OUTPUT_BUFFERS_CHANGED
V/CLog    ( 5016): OnNativeCallback: 21
V/CLog    ( 5016): OnNativeCallback: end
D/MediaCodecPlayer( 5016): New format {mime=video/raw, crop-top=0, crop-right=639, slice-height=384, color-format=2141391876, height=360, width=640, what=1869968451, crop-bottom=359, crop-left=0, stride=640}
D/audio_hw_primary(  188): out_set_parameters: enter: usecase(1: low-latency-playback) kvpairs: routing=2
D/JOBS    ( 5016): added job id: -2147483594 class: con priority: 1000 delay: 0 group : null persistent: false 
D/JOBS    ( 5016): pool-2-thread-1: load factor check. false = (4 < 4)|| (4 * 3 < 1 + 0). consumer thread: false
D/JOBS    ( 5016): running job con
D/JOBS    ( 5016): finished job con
W/ActivityManager(  878): getTasks: caller 10069 does not hold GET_TASKS; limiting output
W/ActivityManager(  878): getTasks: caller 10069 does not hold GET_TASKS; limiting output
W/ActivityManager(  878): getTasks: caller 10069 does not hold GET_TASKS; limiting output
W/ActivityManager(  878): getTasks: caller 10069 does not hold GET_TASKS; limiting output
W/ActivityManager(  878): getTasks: caller 10069 does not hold GET_TASKS; limiting output
I/CLog    ( 5016): 2017-04-05 11:16:22.474 T:7292   DEBUG: [CUPID]void CUPID::DeregisterObjectDelegate(uint32, SlotType, CUPID::IAdObjectDelegate*)(): vv id: 67108864, slot type: 1, delegate: 0x0x8880ea60
I/CLog    ( 5016): 2017-04-05 11:16:22.474 T:7292   DEBUG: [CUPID]void CUPID::RegisterObjectDelegate(uint32, SlotType, CUPID::IAdObjectDelegate*)(): vv id: 67108864, slot type: 2, delegate: 0x0x8880ea60
V/CLog    ( 5016): OnNativeCallback: 4
V/CLog    ( 5016): OnNativeCallback: end
V/CLog    ( 5016): OnNativeCallback: 12
I/BIGCORE ( 5016): 大播放内核OnSendPingback回调  arg0 = 1   arg1 = 0
V/CLog    ( 5016): OnNativeCallback: end
V/CLog    ( 5016): OnNativeCallback: 10
V/CLog    ( 5016): OnNativeCallback: end
V/CLog    ( 5016): OnNativeCallback: 3
I/BIGCORE ( 5016): 大播放内核OnWaiting回调  waiting = false
V/CLog    ( 5016): OnNativeCallback: end
I/art     ( 5016): Background partial concurrent mark sweep GC freed 92970(5MB) AllocSpace objects, 51(16MB) LOS objects, 12% free, 110MB/126MB, paused 1.655ms total 160.195ms
V/CLog    ( 5016): OnNativeCallback: 5
V/CLog    ( 5016): OnNativeCallback: end
W/System.err( 5016): java.lang.NumberFormatException: Invalid int: "8.3万"
W/System.err( 5016): 	at java.lang.Integer.invalidInt(Integer.java:138)
W/System.err( 5016): 	at java.lang.Integer.parse(Integer.java:410)
W/System.err( 5016): 	at java.lang.Integer.parseInt(Integer.java:367)
W/System.err( 5016): 	at java.lang.Integer.parseInt(Integer.java:334)
W/System.err( 5016): 	at org.qiyi.basecore.utils.StringUtils.getBillionStyledText(SourceFile:609)
W/System.err( 5016): 	at org.iqiyi.video.ui.portrait.an.bX(SourceFile:1738)
W/System.err( 5016): 	at com.iqiyi.qyplayercardview.g.f.b(SourceFile:178)
W/System.err( 5016): 	at com.iqiyi.qyplayercardview.g.f.a(SourceFile:98)
W/System.err( 5016): 	at com.iqiyi.qyplayercardview.g.g.b(SourceFile:140)
W/System.err( 5016): 	at com.iqiyi.qyplayercardview.g.g.onSuccess(SourceFile:137)
W/System.err( 5016): 	at org.iqiyi.video.r.c.prn.run(SourceFile:85)
W/System.err( 5016): 	at android.os.Handler.handleCallback(Handler.java:739)
W/System.err( 5016): 	at android.os.Handler.dispatchMessage(Handler.java:95)
W/System.err( 5016): 	at android.os.Looper.loop(Looper.java:135)
W/System.err( 5016): 	at android.app.ActivityThread.main(ActivityThread.java:5254)
W/System.err( 5016): 	at java.lang.reflect.Method.invoke(Native Method)
W/System.err( 5016): 	at java.lang.reflect.Method.invoke(Method.java:372)
W/System.err( 5016): 	at com.android.internal.os.ZygoteInit$MethodAndArgsCaller.run(ZygoteInit.java:903)
W/System.err( 5016): 	at com.android.internal.os.ZygoteInit.main(ZygoteInit.java:698)
D/Cupid005( 5016): OnVVEvent(): vv id: 67108864, event: 0
I/CLog    ( 5016): 2017-04-05 11:16:22.630 T:5016   DEBUG: [CUPID]void CUPID::OnVVEvent(uint32, VVEvent)(): vv id: 67108864, event: 0
I/CLog    ( 5016): 2017-04-05 11:16:22.630 T:5016   DEBUG: [CUPID]std::string CUPID::AdsProvider::GenerateRequestUrl(const string&, const std::vector<CUPID::Cuepoint>&, bool) const(): mixer request url: http://t7z.cupid.iqiyi.com/mixer?ap=cp&a=358239054506391&aid=76f6ea0a399cae97&b=641851900&ca=615&cd=5056&cts=1491362182045&d=qc_100001_100086&dpi=480&e=8.3&ea=1&i=gphone&imei=e2878a7306325ba88ec7e58ee6936805&ims=111&l=b398b8ccbaeacca840073a7ee9b7e7e6&lh=0&lp=0&lt=641851900&lts=1491362137000&lv=123&m=Nexus%205&mac=8c:3a:e3:5c:fb:d5&n=358239054506391&nw=1&o=3c57863e3493712d733cd5131a920d33&os=5.1.1&pmv=3.9.1&po=0&ps=0&r=5.11.005&res=1080,1776&rid=6ee6b5391ac9d72adfe0834fbd89aa59&ss=1&tp=2881&ut=0&v=0&vad=0&vd=1&vn=0&x=1&y=103&z=1
I/CLog    ( 5016): 2017-04-05 11:16:22.630 T:5016    INFO: virtual bool QYPuma::CurlHttpLoader::Load(const QYPuma::QYHttpRequest&, QYPuma::IQYHttpHandler*) - 20, url: http://t7z.cupid.iqiyi.com/mixer?ap=cp&a=358239054506391&aid=76f6ea0a399cae97&b=641851900&ca=615&cd=5056&cts=1491362182045&d=qc_100001_100086&dpi=480&e=8.3&ea=1&i=gphone&imei=e2878a7306325ba88ec7e58ee6936805&ims=111&l=b398b8ccbaeacca840073a7ee9b7e7e6&lh=0&lp=0&lt=641851900&lts=1491362137000&lv=123&m=Nexus%205&mac=8c:3a:e3:5c:fb:d5&n=358239054506391&nw=1&o=3c57863e3493712d733cd5131a920d33&os=5.1.1&pmv=3.9.1&po=0&ps=0&r=5.11.005&res=1080,1776&rid=6ee6b5391ac9d72adfe0834fbd89aa59&ss=1&tp=2881&ut=0&v=0&vad=0&vd=1&vn=0&x=1&y=103&z=1
I/CLog    ( 5016): 2017-04-05 11:16:22.630 T:5016    INFO: network-load(20): send request: http://t7z.cupid.iqiyi.com/mixer?ap=cp&a=358239054506391&aid=76f6ea0a399cae97&b=641851900&ca=615&cd=5056&cts=1491362182045&d=qc_100001_100086&dpi=480&e=8.3&ea=1&i=gphone&imei=e2878a7306325ba88ec7e58ee6936805&ims=111&l=b398b8ccbaeacca840073a7ee9b7e7e6&lh=0&lp=0&lt=641851900&lts=1491362137000&lv=123&m=Nexus%205&mac=8c:3a:e3:5c:fb:d5&n=358239054506391&nw=1&o=3c57863e3493712d733cd5131a920d33&os=5.1.1&pmv=3.9.1&po=0&ps=0&r=5.11.005&res=1080,1776&rid=6ee6b5391ac9d72adfe0834fbd89aa59&ss=1&tp=2881&ut=0&v=0&vad=0&vd=1&vn=0&x=1&y=103&z=1, set timeout: 2
I/CLog    ( 5016): 2017-04-05 11:16:22.631 T:5105   DEBUG: network-no request ,waiting end
I/CLog    ( 5016): 2017-04-05 11:16:22.631 T:5105   DEBUG: GetWaitingRequest... count: 1
I/CLog    ( 5016): 2017-04-05 11:16:22.631 T:5016   DEBUG: [CUPID]Send(): send rtn:1, loader:0x8938e9e0
I/CLog    ( 5016): 2017-04-05 11:16:22.631 T:5016   DEBUG: [CUPID]std::string CUPID::AdsProvider::GenerateRequestUrl(const string&, const std::vector<CUPID::Cuepoint>&, bool) const(): mixer request url: http://t7z.cupid.iqiyi.com/mixer?ap=cp&a=358239054506391&aid=76f6ea0a399cae97&b=641851900&ca=615&cd=5056&cts=1491362182047&d=qc_100001_100086&dpi=480&e=8.3&ea=1&i=gphone&imei=e2878a7306325ba88ec7e58ee6936805&ims=111&l=b398b8ccbaeacca840073a7ee9b7e7e6&lh=0&lp=0&lt=641851900&lts=1491362137000&lv=123&m=Nexus%205&mac=8c:3a:e3:5c:fb:d5&n=358239054506391&nw=1&o=3c57863e3493712d733cd5131a920d33&os=5.1.1&pmv=3.9.1&po=0&ps=0&r=5.11.005&res=1080,1776&rid=0190a9bbae3b61f2154d6203ecfab201&ss=1&tp=2881&ut=0&v=0&vad=0&vd=1&vn=0&x=1&y=114&z=1
I/CLog    ( 5016): 2017-04-05 11:16:22.631 T:5016    INFO: virtual bool QYPuma::CurlHttpLoader::Load(const QYPuma::QYHttpRequest&, QYPuma::IQYHttpHandler*) - 21, url: http://t7z.cupid.iqiyi.com/mixer?ap=cp&a=358239054506391&aid=76f6ea0a399cae97&b=641851900&ca=615&cd=5056&cts=1491362182047&d=qc_100001_100086&dpi=480&e=8.3&ea=1&i=gphone&imei=e2878a7306325ba88ec7e58ee6936805&ims=111&l=b398b8ccbaeacca840073a7ee9b7e7e6&lh=0&lp=0&lt=641851900&lts=1491362137000&lv=123&m=Nexus%205&mac=8c:3a:e3:5c:fb:d5&n=358239054506391&nw=1&o=3c57863e3493712d733cd5131a920d33&os=5.1.1&pmv=3.9.1&po=0&ps=0&r=5.11.005&res=1080,1776&rid=0190a9bbae3b61f2154d6203ecfab201&ss=1&tp=2881&ut=0&v=0&vad=0&vd=1&vn=0&x=1&y=114&z=1
I/CLog    ( 5016): 2017-04-05 11:16:22.631 T:5016    INFO: network-load(21): send request: http://t7z.cupid.iqiyi.com/mixer?ap=cp&a=358239054506391&aid=76f6ea0a399cae97&b=641851900&ca=615&cd=5056&cts=1491362182047&d=qc_100001_100086&dpi=480&e=8.3&ea=1&i=gphone&imei=e2878a7306325ba88ec7e58ee6936805&ims=111&l=b398b8ccbaeacca840073a7ee9b7e7e6&lh=0&lp=0&lt=641851900&lts=1491362137000&lv=123&m=Nexus%205&mac=8c:3a:e3:5c:fb:d5&n=358239054506391&nw=1&o=3c57863e3493712d733cd5131a920d33&os=5.1.1&pmv=3.9.1&po=0&ps=0&r=5.11.005&res=1080,1776&rid=0190a9bbae3b61f2154d6203ecfab201&ss=1&tp=2881&ut=0&v=0&vad=0&vd=1&vn=0&x=1&y=114&z=1, set timeout: 2
I/CLog    ( 5016): 2017-04-05 11:16:22.631 T:5016   DEBUG: [CUPID]Send(): send rtn:1, loader:0x8938ea88
I/CLog    ( 5016): 2017-04-05 11:16:22.632 T:5016   DEBUG: [CUPID]std::string CUPID::AdsProvider::GenerateRequestUrl(const string&, const std::vector<CUPID::Cuepoint>&, bool) const(): mixer request url: http://t7z.cupid.iqiyi.com/mixer?ap=cp&a=358239054506391&aid=76f6ea0a399cae97&b=641851900&ca=615&cd=5056&cts=1491362182049&d=qc_100001_100086&dpi=480&e=8.3&ea=1&i=gphone&imei=e2878a7306325ba88ec7e58ee6936805&ims=111&l=b398b8ccbaeacca840073a7ee9b7e7e6&lh=0&lp=0&lt=641851900&lts=1491362137000&lv=123&m=Nexus%205&mac=8c:3a:e3:5c:fb:d5&n=358239054506391&nw=1&o=3c57863e3493712d733cd5131a920d33&os=5.1.1&pmv=3.9.1&po=0&ps=0&r=5.11.005&res=1080,1776&rid=d58a3f2147e68832fadea1b7e38dba76&ss=1&tp=2881&ut=0&v=0&vad=0&vd=1&vn=0&x=1&y=8&z=1
I/CLog    ( 5016): 2017-04-05 11:16:22.632 T:5016    INFO: virtual bool QYPuma::CurlHttpLoader::Load(const QYPuma::QYHttpRequest&, QYPuma::IQYHttpHandler*) - 22, url: http://t7z.cupid.iqiyi.com/mixer?ap=cp&a=358239054506391&aid=76f6ea0a399cae97&b=641851900&ca=615&cd=5056&cts=1491362182049&d=qc_100001_100086&dpi=480&e=8.3&ea=1&i=gphone&imei=e2878a7306325ba88ec7e58ee6936805&ims=111&l=b398b8ccbaeacca840073a7ee9b7e7e6&lh=0&lp=0&lt=641851900&lts=1491362137000&lv=123&m=Nexus%205&mac=8c:3a:e3:5c:fb:d5&n=358239054506391&nw=1&o=3c57863e3493712d733cd5131a920d33&os=5.1.1&pmv=3.9.1&po=0&ps=0&r=5.11.005&res=1080,1776&rid=d58a3f2147e68832fadea1b7e38dba76&ss=1&tp=2881&ut=0&v=0&vad=0&vd=1&vn=0&x=1&y=8&z=1
I/CLog    ( 5016): 2017-04-05 11:16:22.632 T:5016    INFO: network-load(22): send request: http://t7z.cupid.iqiyi.com/mixer?ap=cp&a=358239054506391&aid=76f6ea0a399cae97&b=641851900&ca=615&cd=5056&cts=1491362182049&d=qc_100001_100086&dpi=480&e=8.3&ea=1&i=gphone&imei=e2878a7306325ba88ec7e58ee6936805&ims=111&l=b398b8ccbaeacca840073a7ee9b7e7e6&lh=0&lp=0&lt=641851900&lts=1491362137000&lv=123&m=Nexus%205&mac=8c:3a:e3:5c:fb:d5&n=358239054506391&nw=1&o=3c57863e3493712d733cd5131a920d33&os=5.1.1&pmv=3.9.1&po=0&ps=0&r=5.11.005&res=1080,1776&rid=d58a3f2147e68832fadea1b7e38dba76&ss=1&tp=2881&ut=0&v=0&vad=0&vd=1&vn=0&x=1&y=8&z=1, set timeout: 2
I/CLog    ( 5016): 2017-04-05 11:16:22.632 T:5016   DEBUG: [CUPID]Send(): send rtn:1, loader:0x8938ed98
I/CLog    ( 5016): 2017-04-05 11:16:22.642 T:5105    INFO: network-load(20): http response code: 200
I/CLog    ( 5016): 2017-04-05 11:16:22.642 T:5105    INFO: local ip 10.4.17.255, remote server ip 101.227.200.11, total time: 0(ms), speed download: 72.55(kb/s)
I/CLog    ( 5016): 2017-04-05 11:16:22.642 T:5105    INFO: network-load(20): Remove
I/CLog    ( 5016): 2017-04-05 11:16:22.642 T:5105    INFO: network-load(20): success! url:http://t7z.cupid.iqiyi.com/mixer?ap=cp&a=358239054506391&aid=76f6ea0a399cae97&b=641851900&ca=615&cd=5056&cts=1491362182045&d=qc_100001_100086&dpi=480&e=8.3&ea=1&i=gphone&imei=e2878a7306325ba88ec7e58ee6936805&ims=111&l=b398b8ccbaeacca840073a7ee9b7e7e6&lh=0&lp=0&lt=641851900&lts=1491362137000&lv=123&m=Nexus%205&mac=8c:3a:e3:5c:fb:d5&n=358239054506391&nw=1&o=3c57863e3493712d733cd5131a920d33&os=5.1.1&pmv=3.9.1&po=0&ps=0&r=5.11.005&res=1080,1776&rid=6ee6b5391ac9d72adfe0834fbd89aa59&ss=1&tp=2881&ut=0&v=0&vad=0&vd=1&vn=0&x=1&y=103&z=1
I/CLog    ( 5016): 2017-04-05 11:16:22.643 T:5105   DEBUG: [CUPID]virtual void CUPID::CurlLoader::OnComplete()(): code 1
I/CLog    ( 5016): 2017-04-05 11:16:22.643 T:5105   DEBUG: [CUPID]InternalCode CUPID::AdsProvider::Parse(const std::vector<CUPID::Cuepoint>&, const string&, const string&, CUPID::SPResultBundle)(): mixer response:{"version":"2.1.11851","sei":"","reqTemplateTypes":["relatedapp"],"reqTimeouts":[7000,7000],"midrollPoints":{},"vipCheckConflict":{},"pbp":{"m":"8c:3a:e3:5c:fb:d5","n":"e2878a7306325ba88ec7e58ee6936805","c":"2","g":"0","b":"206206701","w":"76f6ea0a399cae97","d":"3298","h":"0","l":"","ps":"0"},"requestId":"6ee6b5391ac9d72adfe0834fbd89aa59","urlConfig":{"adxTracking":"http:\/\/t7z.cupid.iqiyi.com\/etx","cupidTracking":"http:\/\/t7z.cupid.iqiyi.com\/track2","mixer":["http:\/\/t7z.cupid.iqiyi.com\/mixer"],"pingback":["http:\/\/msga.cupid.iqiyi.com\/scp2.gif"]},"finalUrl":"","cupidExtras":{"enableMiaozhenSDK":1,"alimamaId":71000017,"clientIp":"","enablePB2":1,"enableAdMasterSDK":1,"enableAlimama":0,"enableMmaNielsen":0,"enableMmaCtr":1,"serverTime":1492407189000,"enableMmaMiaozhen":1,"enableMmaAdMaster":1},"videoEventId":"
I/CLog    ( 5016): 2017-04-05 11:16:22.643 T:5105   DEBUG: [CUPID]bool CUPID::AdsProvider::ParseFutureSlots(const Value&)():
I/CLog    ( 5016): 2017-04-05 11:16:22.643 T:5105   ERROR: [CUPID]bool CUPID::AdsProvider::ParseSlots(const string&, const std::vector<CUPID::Cuepoint>&, const Value&, CUPID::SPResultBundle)(): no slots node
I/CLog    ( 5016): 2017-04-05 11:16:22.643 T:5105   DEBUG: [CUPID]InternalCode CUPID::AdsProvider::LoadResponse(const std::vector<CUPID::Cuepoint>&, const string&, const string&, int, int, CUPID::SPResultBundle)(): load done.
I/CLog    ( 5016): 2017-04-05 11:16:22.643 T:5105   DEBUG: [CUPID]void CUPID::AdsProvider::HandleLoadResult(InternalCode, const std::vector<CUPID::Cuepoint>&, CUPID::SPResultBundle, uint32, const string&)(): result code: 2
I/CLog    ( 5016): 2017-04-05 11:16:22.643 T:5105   DEBUG: [CUPID]void CUPID::AdsManager::TriggerCuepointCallback(InternalCode, uint32, uint32, const CUPID::Cuepoint&)(): code: 10, vv id: 67108864, request id: 19
I/CLog    ( 5016): 2017-04-05 11:16:22.643 T:5105   DEBUG: [CUPID]void CUPID::AdsManager::TriggerJsonSlotsCallback(InternalCode, uint32, SlotType, const std::vector<CUPID::Slot*>&)(): code: 2, size: 0
I/CLog    ( 5016): 2017-04-05 11:16:22.643 T:5105   DEBUG: [CUPID]void CUPID::AdsManager::TriggerJsonSlotsCallback(InternalCode, uint32, SlotType, const std::vector<CUPID::Slot*>&)(): rtn slots json: {"slotType":0,"slots":[]}
I/CLog    ( 5016): 2017-04-05 11:16:22.643 T:5105   DEBUG: OnSlotReady: jdelegate:0x0x1252
I/CLog    ( 5016): 2017-04-05 11:16:22.643 T:5105   DEBUG: GetEnv: attaching currentThread.
I/CLog    ( 5016): 2017-04-05 11:16:22.644 T:5105   DEBUG: jni OnSlotReady finished
I/CLog    ( 5016): 2017-04-05 11:16:22.644 T:5105    INFO: event-set for complete:0x888c1a60, http://t7z.cupid.iqiyi.com/mixer?ap=cp&a=358239054506391&aid=76f6ea0a399cae97&b=641851900&ca=615&cd=5056&cts=1491362182045&d=qc_100001_100086&dpi=480&e=8.3&ea=1&i=gphone&imei=e2878a7306325ba88ec7e58ee6936805&ims=111&l=b398b8ccbaeacca840073a7ee9b7e7e6&lh=0&lp=0&lt=641851900&lts=1491362137000&lv=123&m=Nexus%205&mac=8c:3a:e3:5c:fb:d5&n=358239054506391&nw=1&o=3c57863e3493712d733cd5131a920d33&os=5.1.1&pmv=3.9.1&po=0&ps=0&r=5.11.005&res=1080,1776&rid=6ee6b5391ac9d72adfe0834fbd89aa59&ss=1&tp=2881&ut=0&v=0&vad=0&vd=1&vn=0&x=1&y=103&z=1
I/CLog    ( 5016): 2017-04-05 11:16:22.644 T:5105    INFO: network-Autodelete Handler, http://t7z.cupid.iqiyi.com/mixer?ap=cp&a=358239054506391&aid=76f6ea0a399cae97&b=641851900&ca=615&cd=5056&cts=1491362182045&d=qc_100001_100086&dpi=480&e=8.3&ea=1&i=gphone&imei=e2878a7306325ba88ec7e58ee6936805&ims=111&l=b398b8ccbaeacca840073a7ee9b7e7e6&lh=0&lp=0&lt=641851900&lts=1491362137000&lv=123&m=Nexus%205&mac=8c:3a:e3:5c:fb:d5&n=358239054506391&nw=1&o=3c57863e3493712d733cd5131a920d33&os=5.1.1&pmv=3.9.1&po=0&ps=0&r=5.11.005&res=1080,1776&rid=6ee6b5391ac9d72adfe0834fbd89aa59&ss=1&tp=2881&ut=0&v=0&vad=0&vd=1&vn=0&x=1&y=103&z=1
I/CLog    ( 5016): 2017-04-05 11:16:22.644 T:5105   DEBUG: virtual QYPuma::CurlHttpLoader::~CurlHttpLoader(), 20
I/CLog    ( 5016): 2017-04-05 11:16:22.644 T:5105   DEBUG: void QYPuma::CurlHttpLoader::SetClosed(bool) - 20, 1, http://t7z.cupid.iqiyi.com/mixer?ap=cp&a=358239054506391&aid=76f6ea0a399cae97&b=641851900&ca=615&cd=5056&cts=1491362182045&d=qc_100001_100086&dpi=480&e=8.3&ea=1&i=gphone&imei=e2878a7306325ba88ec7e58ee6936805&ims=111&l=b398b8ccbaeacca840073a7ee9b7e7e6&lh=0&lp=0&lt=641851900&lts=1491362137000&lv=123&m=Nexus%205&mac=8c:3a:e3:5c:fb:d5&n=358239054506391&nw=1&o=3c57863e3493712d733cd5131a920d33&os=5.1.1&pmv=3.9.1&po=0&ps=0&r=5.11.005&res=1080,1776&rid=6ee6b5391ac9d72adfe0834fbd89aa59&ss=1&tp=2881&ut=0&v=0&vad=0&vd=1&vn=0&x=1&y=103&z=1
I/CLog    ( 5016): 2017-04-05 11:16:22.644 T:5105   DEBUG: event, thread id equal, no need wait :0x888c1a60 ,20
I/CLog    ( 5016): 2017-04-05 11:16:22.644 T:5105   DEBUG: virtual void QYPuma::CurlHttpLoader::Close() event_for_synchronous_ send the sig
I/CLog    ( 5016): 2017-04-05 11:16:22.645 T:5105   DEBUG: event wait end:0x888c1a60 ,20
I/CLog    ( 5016): 2017-04-05 11:16:22.645 T:5105   DEBUG: GetWaitingRequest... count: 2
I/CLog    ( 5016): 2017-04-05 11:16:22.660 T:5105    INFO: network-load(21): http response code: 200
I/CLog    ( 5016): 2017-04-05 11:16:22.661 T:5105    INFO: local ip 10.4.17.255, remote server ip 101.227.200.11, total time: 0(ms), speed download: 53.66(kb/s)
I/CLog    ( 5016): 2017-04-05 11:16:22.661 T:5105    INFO: network-load(21): Remove
I/CLog    ( 5016): 2017-04-05 11:16:22.661 T:5105    INFO: network-load(21): success! url:http://t7z.cupid.iqiyi.com/mixer?ap=cp&a=358239054506391&aid=76f6ea0a399cae97&b=641851900&ca=615&cd=5056&cts=1491362182047&d=qc_100001_100086&dpi=480&e=8.3&ea=1&i=gphone&imei=e2878a7306325ba88ec7e58ee6936805&ims=111&l=b398b8ccbaeacca840073a7ee9b7e7e6&lh=0&lp=0&lt=641851900&lts=1491362137000&lv=123&m=Nexus%205&mac=8c:3a:e3:5c:fb:d5&n=358239054506391&nw=1&o=3c57863e3493712d733cd5131a920d33&os=5.1.1&pmv=3.9.1&po=0&ps=0&r=5.11.005&res=1080,1776&rid=0190a9bbae3b61f2154d6203ecfab201&ss=1&tp=2881&ut=0&v=0&vad=0&vd=1&vn=0&x=1&y=114&z=1
I/CLog    ( 5016): 2017-04-05 11:16:22.661 T:5105   DEBUG: [CUPID]virtual void CUPID::CurlLoader::OnComplete()(): code 1
I/CLog    ( 5016): 2017-04-05 11:16:22.661 T:5105   DEBUG: [CUPID]InternalCode CUPID::AdsProvider::Parse(const std::vector<CUPID::Cuepoint>&, const string&, const string&, CUPID::SPResultBundle)(): mixer response:{"version":"2.1.11851","sei":"","reqTemplateTypes":["definition_switching"],"reqTimeouts":[7000,7000],"midrollPoints":{},"vipCheckConflict":{},"pbp":{"m":"8c:3a:e3:5c:fb:d5","n":"e2878a7306325ba88ec7e58ee6936805","c":"2","g":"0","b":"206206701","w":"76f6ea0a399cae97","d":"3298","h":"0","l":"","ps":"0"},"requestId":"0190a9bbae3b61f2154d6203ecfab201","urlConfig":{"adxTracking":"http:\/\/t7z.cupid.iqiyi.com\/etx","cupidTracking":"http:\/\/t7z.cupid.iqiyi.com\/track2","mixer":["http:\/\/t7z.cupid.iqiyi.com\/mixer"],"pingback":["http:\/\/msga.cupid.iqiyi.com\/scp2.gif"]},"finalUrl":"","cupidExtras":{"enableMiaozhenSDK":1,"alimamaId":71000017,"clientIp":"","enablePB2":1,"enableAdMasterSDK":1,"enableAlimama":0,"enableMmaNielsen":0,"enableMmaCtr":1,"serverTime":1492407189000,"enableMmaMiaozhen":1,"enableMmaAdMaster":1},"video
I/CLog    ( 5016): 2017-04-05 11:16:22.661 T:5105   DEBUG: [CUPID]bool CUPID::AdsProvider::ParseFutureSlots(const Value&)():
I/CLog    ( 5016): 2017-04-05 11:16:22.661 T:5105   ERROR: [CUPID]bool CUPID::AdsProvider::ParseSlots(const string&, const std::vector<CUPID::Cuepoint>&, const Value&, CUPID::SPResultBundle)(): no slots node
I/CLog    ( 5016): 2017-04-05 11:16:22.661 T:5105   DEBUG: [CUPID]InternalCode CUPID::AdsProvider::LoadResponse(const std::vector<CUPID::Cuepoint>&, const string&, const string&, int, int, CUPID::SPResultBundle)(): load done.
I/CLog    ( 5016): 2017-04-05 11:16:22.661 T:5105   DEBUG: [CUPID]void CUPID::AdsProvider::HandleLoadResult(InternalCode, const std::vector<CUPID::Cuepoint>&, CUPID::SPResultBundle, uint32, const string&)(): result code: 2
I/CLog    ( 5016): 2017-04-05 11:16:22.661 T:5105   DEBUG: [CUPID]void CUPID::AdsManager::TriggerCuepointCallback(InternalCode, uint32, uint32, const CUPID::Cuepoint&)(): code: 10, vv id: 67108864, request id: 21
I/CLog    ( 5016): 2017-04-05 11:16:22.661 T:5105    INFO: event-set for complete:0x888c1be0, http://t7z.cupid.iqiyi.com/mixer?ap=cp&a=358239054506391&aid=76f6ea0a399cae97&b=641851900&ca=615&cd=5056&cts=1491362182047&d=qc_100001_100086&dpi=480&e=8.3&ea=1&i=gphone&imei=e2878a7306325ba88ec7e58ee6936805&ims=111&l=b398b8ccbaeacca840073a7ee9b7e7e6&lh=0&lp=0&lt=641851900&lts=1491362137000&lv=123&m=Nexus%205&mac=8c:3a:e3:5c:fb:d5&n=358239054506391&nw=1&o=3c57863e3493712d733cd5131a920d33&os=5.1.1&pmv=3.9.1&po=0&ps=0&r=5.11.005&res=1080,1776&rid=0190a9bbae3b61f2154d6203ecfab201&ss=1&tp=2881&ut=0&v=0&vad=0&vd=1&vn=0&x=1&y=114&z=1
I/CLog    ( 5016): 2017-04-05 11:16:22.661 T:5105    INFO: network-Autodelete Handler, http://t7z.cupid.iqiyi.com/mixer?ap=cp&a=358239054506391&aid=76f6ea0a399cae97&b=641851900&ca=615&cd=5056&cts=1491362182047&d=qc_100001_100086&dpi=480&e=8.3&ea=1&i=gphone&imei=e2878a7306325ba88ec7e58ee6936805&ims=111&l=b398b8ccbaeacca840073a7ee9b7e7e6&lh=0&lp=0&lt=641851900&lts=1491362137000&lv=123&m=Nexus%205&mac=8c:3a:e3:5c:fb:d5&n=358239054506391&nw=1&o=3c57863e3493712d733cd5131a920d33&os=5.1.1&pmv=3.9.1&po=0&ps=0&r=5.11.005&res=1080,1776&rid=0190a9bbae3b61f2154d6203ecfab201&ss=1&tp=2881&ut=0&v=0&vad=0&vd=1&vn=0&x=1&y=114&z=1
I/CLog    ( 5016): 2017-04-05 11:16:22.661 T:5105   DEBUG: virtual QYPuma::CurlHttpLoader::~CurlHttpLoader(), 21
I/CLog    ( 5016): 2017-04-05 11:16:22.661 T:5105   DEBUG: void QYPuma::CurlHttpLoader::SetClosed(bool) - 21, 1, http://t7z.cupid.iqiyi.com/mixer?ap=cp&a=358239054506391&aid=76f6ea0a399cae97&b=641851900&ca=615&cd=5056&cts=1491362182047&d=qc_100001_100086&dpi=480&e=8.3&ea=1&i=gphone&imei=e2878a7306325ba88ec7e58ee6936805&ims=111&l=b398b8ccbaeacca840073a7ee9b7e7e6&lh=0&lp=0&lt=641851900&lts=1491362137000&lv=123&m=Nexus%205&mac=8c:3a:e3:5c:fb:d5&n=358239054506391&nw=1&o=3c57863e3493712d733cd5131a920d33&os=5.1.1&pmv=3.9.1&po=0&ps=0&r=5.11.005&res=1080,1776&rid=0190a9bbae3b61f2154d6203ecfab201&ss=1&tp=2881&ut=0&v=0&vad=0&vd=1&vn=0&x=1&y=114&z=1
I/CLog    ( 5016): 2017-04-05 11:16:22.661 T:5105   DEBUG: event, thread id equal, no need wait :0x888c1be0 ,21
I/CLog    ( 5016): 2017-04-05 11:16:22.661 T:5105   DEBUG: virtual void QYPuma::CurlHttpLoader::Close() event_for_synchronous_ send the sig
I/CLog    ( 5016): 2017-04-05 11:16:22.662 T:5105   DEBUG: event wait end:0x888c1be0 ,21
I/CLog    ( 5016): 2017-04-05 11:16:22.665 T:5105    INFO: network-load(22): http response code: 200
I/CLog    ( 5016): 2017-04-05 11:16:22.666 T:5105    INFO: local ip 10.4.17.255, remote server ip 101.227.200.11, total time: 0(ms), speed download: 40.49(kb/s)
I/CLog    ( 5016): 2017-04-05 11:16:22.666 T:5105    INFO: network-load(22): Remove
I/CLog    ( 5016): 2017-04-05 11:16:22.666 T:5105    INFO: network-load(22): success! url:http://t7z.cupid.iqiyi.com/mixer?ap=cp&a=358239054506391&aid=76f6ea0a399cae97&b=641851900&ca=615&cd=5056&cts=1491362182049&d=qc_100001_100086&dpi=480&e=8.3&ea=1&i=gphone&imei=e2878a7306325ba88ec7e58ee6936805&ims=111&l=b398b8ccbaeacca840073a7ee9b7e7e6&lh=0&lp=0&lt=641851900&lts=1491362137000&lv=123&m=Nexus%205&mac=8c:3a:e3:5c:fb:d5&n=358239054506391&nw=1&o=3c57863e3493712d733cd5131a920d33&os=5.1.1&pmv=3.9.1&po=0&ps=0&r=5.11.005&res=1080,1776&rid=d58a3f2147e68832fadea1b7e38dba76&ss=1&tp=2881&ut=0&v=0&vad=0&vd=1&vn=0&x=1&y=8&z=1
I/CLog    ( 5016): 2017-04-05 11:16:22.666 T:5105   DEBUG: [CUPID]virtual void CUPID::CurlLoader::OnComplete()(): code 1
I/CLog    ( 5016): 2017-04-05 11:16:22.666 T:5105   DEBUG: [CUPID]InternalCode CUPID::AdsProvider::Parse(const std::vector<CUPID::Cuepoint>&, const string&, const string&, CUPID::SPResultBundle)(): mixer response:{"version":"2.1.11851","sei":"","reqTemplateTypes":["viewPoint"],"reqTimeouts":[7000,7000],"midrollPoints":{},"vipCheckConflict":{},"pbp":{"m":"8c:3a:e3:5c:fb:d5","n":"e2878a7306325ba88ec7e58ee6936805","c":"2","g":"0","b":"206206701","w":"76f6ea0a399cae97","d":"3298","h":"0","l":"","ps":"0"},"requestId":"d58a3f2147e68832fadea1b7e38dba76","urlConfig":{"adxTracking":"http:\/\/t7z.cupid.iqiyi.com\/etx","cupidTracking":"http:\/\/t7z.cupid.iqiyi.com\/track2","mixer":["http:\/\/t7z.cupid.iqiyi.com\/mixer"],"pingback":["http:\/\/msga.cupid.iqiyi.com\/scp2.gif"]},"finalUrl":"","cupidExtras":{"enableMiaozhenSDK":1,"alimamaId":71000017,"clientIp":"","enablePB2":1,"enableAdMasterSDK":1,"enableAlimama":0,"enableMmaNielsen":0,"enableMmaCtr":1,"serverTime":1492407189000,"enableMmaMiaozhen":1,"enableMmaAdMaster":1},"videoEventId":"3
I/CLog    ( 5016): 2017-04-05 11:16:22.666 T:5105   DEBUG: [CUPID]bool CUPID::AdsProvider::ParseFutureSlots(const Value&)():
I/CLog    ( 5016): 2017-04-05 11:16:22.666 T:5105   ERROR: [CUPID]bool CUPID::AdsProvider::ParseSlots(const string&, const std::vector<CUPID::Cuepoint>&, const Value&, CUPID::SPResultBundle)(): no slots node
I/CLog    ( 5016): 2017-04-05 11:16:22.666 T:5105   DEBUG: [CUPID]InternalCode CUPID::AdsProvider::LoadResponse(const std::vector<CUPID::Cuepoint>&, const string&, const string&, int, int, CUPID::SPResultBundle)(): load done.
I/CLog    ( 5016): 2017-04-05 11:16:22.666 T:5105   DEBUG: [CUPID]void CUPID::AdsProvider::HandleLoadResult(InternalCode, const std::vector<CUPID::Cuepoint>&, CUPID::SPResultBundle, uint32, const string&)(): result code: 2
I/CLog    ( 5016): 2017-04-05 11:16:22.667 T:5105   DEBUG: [CUPID]void CUPID::AdsManager::TriggerCuepointCallback(InternalCode, uint32, uint32, const CUPID::Cuepoint&)(): code: 10, vv id: 67108864, request id: 23
I/CLog    ( 5016): 2017-04-05 11:16:22.667 T:5105   DEBUG: [CUPID]void CUPID::AdsManager::TriggerJsonSlotsCallback(InternalCode, uint32, SlotType, const std::vector<CUPID::Slot*>&)(): code: 2, size: 0
I/CLog    ( 5016): 2017-04-05 11:16:22.667 T:5105   DEBUG: [CUPID]void CUPID::AdsManager::TriggerJsonSlotsCallback(InternalCode, uint32, SlotType, const std::vector<CUPID::Slot*>&)(): rtn slots json: {"slotType":8,"slots":[]}
I/CLog    ( 5016): 2017-04-05 11:16:22.667 T:5105   DEBUG: OnSlotReady: jdelegate:0x0x20120a
I/CLog    ( 5016): 2017-04-05 11:16:22.667 T:5105   DEBUG: GetEnv: attaching currentThread.
I/CLog    ( 5016): 2017-04-05 11:16:22.670 T:5105   DEBUG: jni OnSlotReady finished
I/CLog    ( 5016): 2017-04-05 11:16:22.670 T:5105    INFO: event-set for complete:0x888c1ee0, http://t7z.cupid.iqiyi.com/mixer?ap=cp&a=358239054506391&aid=76f6ea0a399cae97&b=641851900&ca=615&cd=5056&cts=1491362182049&d=qc_100001_100086&dpi=480&e=8.3&ea=1&i=gphone&imei=e2878a7306325ba88ec7e58ee6936805&ims=111&l=b398b8ccbaeacca840073a7ee9b7e7e6&lh=0&lp=0&lt=641851900&lts=1491362137000&lv=123&m=Nexus%205&mac=8c:3a:e3:5c:fb:d5&n=358239054506391&nw=1&o=3c57863e3493712d733cd5131a920d33&os=5.1.1&pmv=3.9.1&po=0&ps=0&r=5.11.005&res=1080,1776&rid=d58a3f2147e68832fadea1b7e38dba76&ss=1&tp=2881&ut=0&v=0&vad=0&vd=1&vn=0&x=1&y=8&z=1
I/CLog    ( 5016): 2017-04-05 11:16:22.670 T:5105    INFO: network-Autodelete Handler, http://t7z.cupid.iqiyi.com/mixer?ap=cp&a=358239054506391&aid=76f6ea0a399cae97&b=641851900&ca=615&cd=5056&cts=1491362182049&d=qc_100001_100086&dpi=480&e=8.3&ea=1&i=gphone&imei=e2878a7306325ba88ec7e58ee6936805&ims=111&l=b398b8ccbaeacca840073a7ee9b7e7e6&lh=0&lp=0&lt=641851900&lts=1491362137000&lv=123&m=Nexus%205&mac=8c:3a:e3:5c:fb:d5&n=358239054506391&nw=1&o=3c57863e3493712d733cd5131a920d33&os=5.1.1&pmv=3.9.1&po=0&ps=0&r=5.11.005&res=1080,1776&rid=d58a3f2147e68832fadea1b7e38dba76&ss=1&tp=2881&ut=0&v=0&vad=0&vd=1&vn=0&x=1&y=8&z=1
I/CLog    ( 5016): 2017-04-05 11:16:22.670 T:5105   DEBUG: virtual QYPuma::CurlHttpLoader::~CurlHttpLoader(), 22
I/CLog    ( 5016): 2017-04-05 11:16:22.670 T:5105   DEBUG: void QYPuma::CurlHttpLoader::SetClosed(bool) - 22, 1, http://t7z.cupid.iqiyi.com/mixer?ap=cp&a=358239054506391&aid=76f6ea0a399cae97&b=641851900&ca=615&cd=5056&cts=1491362182049&d=qc_100001_100086&dpi=480&e=8.3&ea=1&i=gphone&imei=e2878a7306325ba88ec7e58ee6936805&ims=111&l=b398b8ccbaeacca840073a7ee9b7e7e6&lh=0&lp=0&lt=641851900&lts=1491362137000&lv=123&m=Nexus%205&mac=8c:3a:e3:5c:fb:d5&n=358239054506391&nw=1&o=3c57863e3493712d733cd5131a920d33&os=5.1.1&pmv=3.9.1&po=0&ps=0&r=5.11.005&res=1080,1776&rid=d58a3f2147e68832fadea1b7e38dba76&ss=1&tp=2881&ut=0&v=0&vad=0&vd=1&vn=0&x=1&y=8&z=1
I/CLog    ( 5016): 2017-04-05 11:16:22.670 T:5105   DEBUG: event, thread id equal, no need wait :0x888c1ee0 ,22
I/CLog    ( 5016): 2017-04-05 11:16:22.670 T:5105   DEBUG: virtual void QYPuma::CurlHttpLoader::Close() event_for_synchronous_ send the sig
I/CLog    ( 5016): 2017-04-05 11:16:22.670 T:5105   DEBUG: event wait end:0x888c1ee0 ,22
I/CLog    ( 5016): 2017-04-05 11:16:22.670 T:5105   DEBUG: network-no request ,waiting begin
I/MediaFocusControl(  878):  AudioFocus  requestAudioFocus() from android.media.AudioManager@370cdcb5 req=2flags=0x0
D/BluetoothAdapter( 5016): 702016126: getState() :  mService = null. Returning STATE_OFF
W/ActivityManager(  878): getTasks: caller 10069 does not hold GET_TASKS; limiting output
D/BluetoothAdapter( 5016): 702016126: getState() :  mService = null. Returning STATE_OFF
W/ActivityManager(  878): getTasks: caller 10069 does not hold GET_TASKS; limiting output
D/BluetoothAdapter( 5016): 702016126: getState() :  mService = null. Returning STATE_OFF
E/QQLivePMnt.Log( 3065): getEntireFilename is = /storage/emulated/0/Android/data/com.tencent.qqlive/files/log/QQLiveLog_services_0.log
E/QQLivePMnt.Log( 3065): getEntireFilename is = /storage/emulated/0/Android/data/com.tencent.qqlive/files/log/QQLiveLog_services_0.log
E/QQLivePMnt.Log( 3065): getFile:/storage/emulated/0/Android/data/com.tencent.qqlive/files/log/QQLiveLog_services_0.log
W/ActivityManager(  878): getTasks: caller 10069 does not hold GET_TASKS; limiting output
I/GoogleURLConnFactory( 2012): Using platform SSLCertificateSocketFactory
D/BluetoothAdapter( 5016): 702016126: getState() :  mService = null. Returning STATE_OFF
I/nativeProcess( 5869): iqiyi message: ==== isProcesssExist: stat=0, errno=88
I/nativeProcess( 5869): iqiyi message: create--runOnSubprocess isProcessExist true
I/nativeProcess( 5869): iqiyi message: ==== do something  executeCmd isProcessExist true =====
W/ActivityManager(  878): getTasks: caller 10069 does not hold GET_TASKS; limiting output
D/BluetoothAdapter( 5016): 702016126: getState() :  mService = null. Returning STATE_OFF
W/ActivityManager(  878): getTasks: caller 10069 does not hold GET_TASKS; limiting output
D/BluetoothAdapter( 5016): 702016126: getState() :  mService = null. Returning STATE_OFF
D/MediaCodecPlayer( 5016): releaseOutputBuffer drop
D/MediaCodecPlayer( 5016): releaseOutputBuffer drop
D/MediaCodecPlayer( 5016): releaseOutputBuffer drop
W/ActivityManager(  878): getTasks: caller 10069 does not hold GET_TASKS; limiting output
D/MediaCodecPlayer( 5016): releaseOutputBuffer drop
D/MediaCodecPlayer( 5016): releaseOutputBuffer drop
D/MediaCodecPlayer( 5016): releaseOutputBuffer drop
D/MediaCodecPlayer( 5016): releaseOutputBuffer drop
D/BluetoothAdapter( 5016): 702016126: getState() :  mService = null. Returning STATE_OFF
W/ActivityManager(  878): getTasks: caller 10069 does not hold GET_TASKS; limiting output
D/MediaCodecPlayer( 5016): releaseOutputBuffer drop
D/BluetoothAdapter( 5016): 702016126: getState() :  mService = null. Returning STATE_OFF
D/MediaCodecPlayer( 5016): releaseOutputBuffer drop
D/MediaCodecPlayer( 5016): releaseOutputBuffer drop
D/MediaCodecPlayer( 5016): releaseOutputBuffer drop
D/MediaCodecPlayer( 5016): releaseOutputBuffer drop
D/MediaCodecPlayer( 5016): releaseOutputBuffer drop
D/MediaCodecPlayer( 5016): releaseOutputBuffer drop
W/ActivityManager(  878): getTasks: caller 10069 does not hold GET_TASKS; limiting output
D/MediaCodecPlayer( 5016): releaseOutputBuffer drop
D/MediaCodecPlayer( 5016): releaseOutputBuffer drop
D/MediaCodecPlayer( 5016): releaseOutputBuffer drop
D/MediaCodecPlayer( 5016): releaseOutputBuffer drop
D/MediaCodecPlayer( 5016): releaseOutputBuffer drop
D/BluetoothAdapter( 5016): 702016126: getState() :  mService = null. Returning STATE_OFF
I/nativeProcess( 5869): iqiyi message: ==== isProcesssExist: stat=0, errno=88
I/nativeProcess( 5869): iqiyi message: create--runOnSubprocess isProcessExist true
I/nativeProcess( 5869): iqiyi message: ==== do something  executeCmd isProcessExist true =====
W/ActivityManager(  878): getTasks: caller 10069 does not hold GET_TASKS; limiting output
D/BluetoothAdapter( 5016): 702016126: getState() :  mService = null. Returning STATE_OFF
D/MediaCodecPlayer( 5016): releaseOutputBuffer drop
D/MediaCodecPlayer( 5016): releaseOutputBuffer drop
D/MediaCodecPlayer( 5016): releaseOutputBuffer drop
D/MediaCodecPlayer( 5016): releaseOutputBuffer drop
D/MediaCodecPlayer( 5016): releaseOutputBuffer drop
D/MediaCodecPlayer( 5016): releaseOutputBuffer drop
D/MediaCodecPlayer( 5016): releaseOutputBuffer drop
D/MediaCodecPlayer( 5016): releaseOutputBuffer drop
W/ActivityManager(  878): getTasks: caller 10069 does not hold GET_TASKS; limiting output
D/MediaCodecPlayer( 5016): releaseOutputBuffer drop
D/MediaCodecPlayer( 5016): releaseOutputBuffer drop
D/MediaCodecPlayer( 5016): releaseOutputBuffer drop
D/MediaCodecPlayer( 5016): releaseOutputBuffer drop
D/MediaCodecPlayer( 5016): releaseOutputBuffer drop
D/BluetoothAdapter( 5016): 702016126: getState() :  mService = null. Returning STATE_OFF
D/MediaCodecPlayer( 5016): releaseOutputBuffer drop
D/MediaCodecPlayer( 5016): releaseOutputBuffer drop
D/MediaCodecPlayer( 5016): releaseOutputBuffer drop
D/MediaCodecPlayer( 5016): releaseOutputBuffer drop
W/ActivityManager(  878): getTasks: caller 10069 does not hold GET_TASKS; limiting output
D/BluetoothAdapter( 5016): 702016126: getState() :  mService = null. Returning STATE_OFF
W/ActivityManager(  878): getTasks: caller 10069 does not hold GET_TASKS; limiting output
D/BluetoothAdapter( 5016): 702016126: getState() :  mService = null. Returning STATE_OFF
D/MediaCodecPlayer( 5016): releaseOutputBuffer drop
D/MediaCodecPlayer( 5016): releaseOutputBuffer drop
D/MediaCodecPlayer( 5016): releaseOutputBuffer drop
W/ActivityManager(  878): getTasks: caller 10069 does not hold GET_TASKS; limiting output
D/MediaCodecPlayer( 5016): releaseOutputBuffer drop
D/MediaCodecPlayer( 5016): releaseOutputBuffer drop
D/MediaCodecPlayer( 5016): releaseOutputBuffer drop
D/MediaCodecPlayer( 5016): releaseOutputBuffer drop
D/BluetoothAdapter( 5016): 702016126: getState() :  mService = null. Returning STATE_OFF
D/MediaCodecPlayer( 5016): releaseOutputBuffer drop
D/MediaCodecPlayer( 5016): releaseOutputBuffer drop
I/nativeProcess( 5869): iqiyi message: ==== isProcesssExist: stat=0, errno=88
I/nativeProcess( 5869): iqiyi message: create--runOnSubprocess isProcessExist true
I/nativeProcess( 5869): iqiyi message: ==== do something  executeCmd isProcessExist true =====
I/AppPerf ( 6942): no res exists
