I/CLog    ( 5016): 2017-04-05 11:17:52.866 T:5105   DEBUG: void QYPuma::CurlHttpLoader::SetClosed(bool) - 23, 1, http://t7z.cupid.iqiyi.com/mixer?ap=cp&a=358239054506391&aid=76f6ea0a399cae97&b=641851900&ca=615&cd=5113&cts=1491362272054&d=qc_100001_100086&dpi=480&e=8.3&ea=1&fa=2,4,10,11&i=gphone&imei=e2878a7306325ba88ec7e58ee6936805&ims=111&l=b398b8ccbaeacca840073a7ee9b7e7e6&lh=0&lp=0&lt=641851900&lts=1491362242000&lv=213&m=Nexus%205&mac=8c:3a:e3:5c:fb:d5&n=358239054506391&nw=1&o=56627eb3cb22a6a00b18931d73c9c629&os=5.1.1&pmv=3.9.1&po=1&ps=0&r=5.11.005&res=1080,1776&rid=7b4861e10e795d7f52c09952231ae932&ss=2&tp=2910&ut=0&v=0&vad=0&vd=0&vn=0&x=1&y=1&z=1
I/CLog    ( 5016): 2017-04-05 11:17:52.866 T:5105   DEBUG: event, thread id equal, no need wait :0x8809e1e0 ,23
I/CLog    ( 5016): 2017-04-05 11:17:52.866 T:5105   DEBUG: virtual void QYPuma::CurlHttpLoader::Close() event_for_synchronous_ send the sig
I/CLog    ( 5016): 2017-04-05 11:17:52.866 T:5105   DEBUG: event wait end:0x8809e1e0 ,23
I/CLog    ( 5016): 2017-04-05 11:17:52.866 T:5105   DEBUG: GetWaitingRequest... count: 1
V/CLog    ( 5016): OnPrepared: pano_type1 Sensor: com.iqiyi.player.nativemediaplayer.sensor.Sensor@2186b9a6
V/CLog    ( 5016): OnNativeCallback: end
V/CLog    ( 5016): OnNativeCallback: 9
V/CLog    ( 5016): OnNativeCallback: end
I/ActivityManager(  878): Displayed com.qiyi.video/org.iqiyi.video.activity.PlayerActivity: +790ms
I/WindowManager(  878): Screen frozen for +659ms due to Window{155c2c8f u0 com.qiyi.video/org.iqiyi.video.activity.PlayerActivity}
I/CLog    ( 5016): 2017-04-05 11:17:52.948 T:5105    INFO: network-load(24): http response code: 200
I/CLog    ( 5016): 2017-04-05 11:17:52.948 T:5105    INFO: local ip 10.4.17.255, remote server ip 101.227.200.37, total time: 0(ms), speed download: 0.00(kb/s)
I/CLog    ( 5016): 2017-04-05 11:17:52.948 T:5105    INFO: network-load(24): Remove
I/CLog    ( 5016): 2017-04-05 11:17:52.948 T:5105    INFO: network-load(24): success! url:http://msga.cupid.iqiyi.com/scp2.gif
I/CLog    ( 5016): 2017-04-05 11:17:52.948 T:5105   DEBUG: [CUPID]virtual void CUPID::CurlLoader::OnComplete()(): code 1
I/CLog    ( 5016): 2017-04-05 11:17:52.949 T:5105   DEBUG: [CUPID]void CUPID::PingbackController::HandlePingbackResponse(const CUPID::SenderResult&)(): pingback response:
I/CLog    ( 5016): 2017-04-05 11:17:52.949 T:5105    INFO: event-set for complete:0x888c1ee0, http://msga.cupid.iqiyi.com/scp2.gif
I/CLog    ( 5016): 2017-04-05 11:17:52.949 T:5105    INFO: network-Autodelete Handler, http://msga.cupid.iqiyi.com/scp2.gif
I/CLog    ( 5016): 2017-04-05 11:17:52.949 T:5105   DEBUG: virtual QYPuma::CurlHttpLoader::~CurlHttpLoader(), 24
I/CLog    ( 5016): 2017-04-05 11:17:52.949 T:5105   DEBUG: void QYPuma::CurlHttpLoader::SetClosed(bool) - 24, 1, http://msga.cupid.iqiyi.com/scp2.gif
I/CLog    ( 5016): 2017-04-05 11:17:52.949 T:5105   DEBUG: event, thread id equal, no need wait :0x888c1ee0 ,24
I/CLog    ( 5016): 2017-04-05 11:17:52.949 T:5105   DEBUG: virtual void QYPuma::CurlHttpLoader::Close() event_for_synchronous_ send the sig
I/CLog    ( 5016): 2017-04-05 11:17:52.949 T:5105   DEBUG: event wait end:0x888c1ee0 ,24
I/CLog    ( 5016): 2017-04-05 11:17:52.949 T:5105   DEBUG: network-no request ,waiting begin
D/BluetoothAdapter( 5016): 702016126: getState() :  mService = null. Returning STATE_OFF
I/MonitoringInstrumentation( 6942): Activities that are still in CREATED to STOPPED: 0
I/TestRunner( 6942): run finished: 1 tests, 0 failed, 0 ignored
I/MonitoringInstrumentation( 6942): waitForActivitiesToComplete() took: 0ms
I/MonitoringInstrumentation( 6942): Activities that are still in CREATED to STOPPED: 0
D/JOBS    ( 5016): added job id: -2147483587 class: con priority: 1000 delay: 0 group : null persistent: false 
W/WindowManager(  878): Attempted to remove non-existing token: android.os.Binder@19886f87
D/JOBS    ( 5016): pool-2-thread-1: load factor check. false = (4 < 4)|| (4 * 3 < 1 + 0). consumer thread: false
D/JOBS    ( 5016): running job con
D/Cupid005( 5016): SetSdkStatus(): status: {"network":1,"service_filter":"","locale":"cn_s","platform_code":"02022001010000000000","screen_status":"horizontal","gps_longitude":"","gps_latitude":""}
I/CLog    ( 5016): 2017-04-05 11:17:52.973 T:5016   DEBUG: [CUPID]void CUPID::SetSdkStatus(const string&)(): status:{"network":1,"service_filter":"","locale":"cn_s","platform_code":"02022001010000000000","screen_status":"horizontal","gps_longitude":"","gps_latitude":""}
E/playfilesourceNew( 5016): HCDN_LOG: [2017/04/05-11:17:52:974]:[func:SetParam],[line:1498],[oper: SetParam message ParamName(conntype), ParamValue(1)]
E/hcdn_downloadengine( 5016): HCDN_LOG: [2017/04/05-11:17:52:975]:OnRecvSetParam,1896     task_id : 0,SetParam : conntype,1 
E/hcdn_downloadengine( 5016): HCDN_LOG: [2017/04/05-11:17:52:975]:OnRecvSetParam,2036 connect wifi
E/playfilesourceNew( 5016): HCDN_LOG: [2017/04/05-11:17:52:976]:[func:SetParam],[line:1498],[oper: SetParam message ParamName(net_mode), ParamValue(p2p)]
D/JOBS    ( 5016): finished job con
E/hcdn_downloadengine( 5016): HCDN_LOG: [2017/04/05-11:17:52:976]:OnRecvSetParam,1896     task_id : 0,SetParam : net_mode,p2p 
E/hcdn_downloadengine( 5016): HCDN_LOG: [2017/04/05-11:17:52:976]:OnRecvSetParam,1998  the big player set hcdn use hcdn
D/JOBS    ( 5016): added job id: -2147483586 class: con priority: 1000 delay: 0 group : null persistent: false 
D/JOBS    ( 5016): running job con
D/JOBS    ( 5016): pool-2-thread-1: load factor check. false = (4 < 4)|| (4 * 3 < 0 + 1). consumer thread: false
D/JOBS    ( 5016): added job id: -2147483585 class: con priority: 1000 delay: 0 group : null persistent: false 
D/JOBS    ( 5016): pool-2-thread-1: load factor check. false = (4 < 4)|| (4 * 3 < 1 + 1). consumer thread: false
D/JOBS    ( 5016): finished job con
D/JOBS    ( 5016): running job con
D/JOBS    ( 5016): finished job con
W/ActivityManager(  878): Permission Denial: getIntentSender() from pid=6922, uid=2000, (need uid=1000) is not allowed to send as package android
--------- beginning of crash
E/AndroidRuntime( 6942): FATAL EXCEPTION: Instr: android.support.test.runner.AndroidJUnitRunner
E/AndroidRuntime( 6942): Process: perf.android.com.appperf, PID: 6942
E/AndroidRuntime( 6942): java.lang.SecurityException: Permission Denial: getIntentSender() from pid=6922, uid=2000, (need uid=1000) is not allowed to send as package android
E/AndroidRuntime( 6942): 	at android.os.Parcel.readException(Parcel.java:1546)
E/AndroidRuntime( 6942): 	at android.os.Parcel.readException(Parcel.java:1499)
E/AndroidRuntime( 6942): 	at android.app.IUiAutomationConnection$Stub$Proxy.disconnect(IUiAutomationConnection.java:225)
E/AndroidRuntime( 6942): 	at android.app.UiAutomation.disconnect(UiAutomation.java:241)
E/AndroidRuntime( 6942): 	at android.app.Instrumentation.finish(Instrumentation.java:198)
E/AndroidRuntime( 6942): 	at android.support.test.runner.MonitoringInstrumentation.finish(MonitoringInstrumentation.java:277)
E/AndroidRuntime( 6942): 	at android.support.test.runner.AndroidJUnitRunner.finish(AndroidJUnitRunner.java:282)
E/AndroidRuntime( 6942): 	at android.support.test.runner.AndroidJUnitRunner.onStart(AndroidJUnitRunner.java:271)
E/AndroidRuntime( 6942): 	at android.app.Instrumentation$InstrumentationThread.run(Instrumentation.java:1853)
W/ActivityManager(  878): Error in app perf.android.com.appperf running instrumentation ComponentInfo{perf.android.com.appperf.test/android.support.test.runner.AndroidJUnitRunner}:
W/ActivityManager(  878):   java.lang.SecurityException
W/ActivityManager(  878):   java.lang.SecurityException: Permission Denial: getIntentSender() from pid=6922, uid=2000, (need uid=1000) is not allowed to send as package android
D/AndroidRuntime( 6922): Shutting down VM
D/JOBS    ( 5016): added job id: -2147483584 class: con priority: 1000 delay: 0 group : null persistent: false 
D/JOBS    ( 5016): pool-2-thread-1: load factor check. false = (4 < 4)|| (4 * 3 < 1 + 0). consumer thread: false
D/JOBS    ( 5016): running job con
I/art     ( 6922): Debugger is no longer active
E/cardjObj( 5016): cardjObj {"w_id":213497447,"pp_id":0,"w_t":2}
D/JOBS    ( 5016): finished job con
I/ActivityManager(  878): Force stopping perf.android.com.appperf appid=10072 user=0: finished inst
I/ActivityManager(  878): Killing 6942:perf.android.com.appperf/u0a72 (adj 0): stop perf.android.com.appperf
W/ActivityManager(  878): Spurious death for ProcessRecord{2268c650 6942:perf.android.com.appperf/u0a72}, curProc for 6942: null
I/Choreographer( 5016): Skipped 33 frames!  The application may be doing too much work on its main thread.
D/JOBS    ( 5016): added job id: -2147483583 class: con priority: 1000 delay: 0 group : null persistent: false 
D/JOBS    ( 5016): pool-2-thread-1: load factor check. false = (4 < 4)|| (4 * 3 < 1 + 0). consumer thread: false
D/JOBS    ( 5016): running job con
V/CLog    ( 5016): OnNativeCallback: 4
V/CLog    ( 5016): OnNativeCallback: end
V/CLog    ( 5016): OnNativeCallback: 5
V/CLog    ( 5016): OnNativeCallback: end
V/CLog    ( 5016): OnNativeCallback: 21
V/CLog    ( 5016): OnNativeCallback: end
W/ActivityManager(  878): getTasks: caller 10069 does not hold GET_TASKS; limiting output
D/JOBS    ( 5016): finished job con
I/player_engine( 5016): jni_createByCodecName()
D/MediaCodecPlayer( 5016): mime=video/avc
D/MediaCodecPlayer( 5016): types.length=1
D/MediaCodecPlayer( 5016): curInfo.getName()=OMX.google.mp3.decoder
D/MediaCodecPlayer( 5016): types.length=1
D/MediaCodecPlayer( 5016): curInfo.getName()=OMX.google.amrnb.decoder
D/MediaCodecPlayer( 5016): types.length=1
D/MediaCodecPlayer( 5016): curInfo.getName()=OMX.google.amrwb.decoder
D/MediaCodecPlayer( 5016): types.length=1
D/MediaCodecPlayer( 5016): curInfo.getName()=OMX.google.aac.decoder
D/MediaCodecPlayer( 5016): types.length=1
D/MediaCodecPlayer( 5016): curInfo.getName()=OMX.google.g711.alaw.decoder
D/MediaCodecPlayer( 5016): types.length=1
D/MediaCodecPlayer( 5016): curInfo.getName()=OMX.google.g711.mlaw.decoder
D/MediaCodecPlayer( 5016): types.length=1
D/MediaCodecPlayer( 5016): curInfo.getName()=OMX.google.vorbis.decoder
D/MediaCodecPlayer( 5016): types.length=1
D/MediaCodecPlayer( 5016): curInfo.getName()=OMX.google.opus.decoder
D/MediaCodecPlayer( 5016): types.length=1
D/MediaCodecPlayer( 5016): curInfo.getName()=OMX.google.raw.decoder
D/MediaCodecPlayer( 5016): types.length=1
D/MediaCodecPlayer( 5016): curInfo.getName()=OMX.google.gsm.decoder
D/MediaCodecPlayer( 5016): types.length=1
D/MediaCodecPlayer( 5016): curInfo.getName()=OMX.qcom.video.decoder.avc
D/MediaCodecPlayer( 5016): types[j]=video/avc
D/MediaCodecPlayer( 5016): info.getName()=OMX.qcom.video.decoder.avc
I/OMXClient( 5016): Using client-side OMX mux.
I/MediaFocusControl(  878):  AudioFocus  requestAudioFocus() from android.media.AudioManager@370cdcb5 req=2flags=0x0
I/OMX-VDEC-1080P(  188): component_init: OMX.qcom.video.decoder.avc : fd=22
I/OMX-VDEC-1080P(  188): Capabilities: driver_name = msm_vidc_driver, card = msm_vdec_8974, bus_info = , version = 1, capabilities = 4003000
I/OMX-VDEC-1080P(  188): omx_vdec::component_init() success : fd=22
I/player_engine( 5016): jni_ConfigureMediaCodec()
D/MediaCodecPlayer( 5016): ConfigureMediaCodec 2 width=640,height=360,data=[B@1d520b2,length=42,spslength=33,flag=0,mime=video/avc,surface=Surface(name=null)/@0x33615803
I/player_engine( 5016): jni_start()
D/MediaCodecPlayer( 5016): Start
V/CLog    ( 5016): OnNativeCallback: 21
V/CLog    ( 5016): OnNativeCallback: end
E/        (  188): not in avi mode
E/        (  188): not in avi mode
D/JOBS    ( 5016): added job id: -2147483582 class: con priority: 1000 delay: 0 group : null persistent: false 
D/JOBS    ( 5016): pool-2-thread-1: load factor check. false = (4 < 4)|| (4 * 3 < 1 + 0). consumer thread: false
D/JOBS    ( 5016): running job con
D/MediaCodecPlayer( 5016): INFO_OUTPUT_BUFFERS_CHANGED
D/JOBS    ( 5016): finished job con
W/System.err( 5016): java.lang.NumberFormatException: Invalid int: "8.3万"
W/System.err( 5016): 	at java.lang.Integer.invalidInt(Integer.java:138)
W/System.err( 5016): 	at java.lang.Integer.parse(Integer.java:410)
W/System.err( 5016): 	at java.lang.Integer.parseInt(Integer.java:367)
W/System.err( 5016): 	at java.lang.Integer.parseInt(Integer.java:334)
W/System.err( 5016): 	at org.qiyi.basecore.utils.StringUtils.getBillionStyledText(SourceFile:609)
W/System.err( 5016): 	at org.iqiyi.video.ui.portrait.an.bX(SourceFile:1738)
W/System.err( 5016): 	at com.iqiyi.qyplayercardview.g.f.b(SourceFile:178)
W/System.err( 5016): 	at com.iqiyi.qyplayercardview.g.f.a(SourceFile:98)
W/System.err( 5016): 	at com.iqiyi.qyplayercardview.g.g.b(SourceFile:140)
W/System.err( 5016): 	at com.iqiyi.qyplayercardview.g.g.onSuccess(SourceFile:137)
W/System.err( 5016): 	at org.iqiyi.video.r.c.prn.run(SourceFile:85)
W/System.err( 5016): 	at android.os.Handler.handleCallback(Handler.java:739)
W/System.err( 5016): 	at android.os.Handler.dispatchMessage(Handler.java:95)
W/System.err( 5016): 	at android.os.Looper.loop(Looper.java:135)
W/System.err( 5016): 	at android.app.ActivityThread.main(ActivityThread.java:5254)
W/System.err( 5016): 	at java.lang.reflect.Method.invoke(Native Method)
W/System.err( 5016): 	at java.lang.reflect.Method.invoke(Method.java:372)
W/System.err( 5016): 	at com.android.internal.os.ZygoteInit$MethodAndArgsCaller.run(ZygoteInit.java:903)
W/System.err( 5016): 	at com.android.internal.os.ZygoteInit.main(ZygoteInit.java:698)
D/JOBS    ( 5244): Thread-313: load factor check. true = (2 < 4)|| (2 * 3 < 0 + 0). consumer thread: true
D/JOBS    ( 5244): didn't allow me to die, re-running Thread-313
D/JOBS    ( 5244): re-running consumer Thread-313
D/JOBS    ( 5244): sdcard-scan: load factor check. true = (2 < 4)|| (2 * 3 < 0 + 0). consumer thread: true
D/JOBS    ( 5244): didn't allow me to die, re-running sdcard-scan
D/JOBS    ( 5244): re-running consumer sdcard-scan
D/JOBS    ( 5244): sdcard-scan: load factor check. true = (2 < 4)|| (2 * 3 < 0 + 0). consumer thread: true
D/JOBS    ( 5244): didn't allow me to die, re-running sdcard-scan
D/JOBS    ( 5244): re-running consumer sdcard-scan
D/MediaCodecPlayer( 5016): New format {mime=video/raw, crop-top=0, crop-right=639, slice-height=384, color-format=2141391876, height=360, width=640, what=1869968451, crop-bottom=359, crop-left=0, stride=640}
V/CLog    ( 5016): OnNativeCallback: 21
V/CLog    ( 5016): OnNativeCallback: end
D/audio_hw_primary(  188): out_set_parameters: enter: usecase(1: low-latency-playback) kvpairs: routing=2
I/CLog    ( 5016): 2017-04-05 11:17:53.864 T:7532   DEBUG: [CUPID]void CUPID::DeregisterObjectDelegate(uint32, SlotType, CUPID::IAdObjectDelegate*)(): vv id: 83886080, slot type: 1, delegate: 0x0x882944c0
I/CLog    ( 5016): 2017-04-05 11:17:53.864 T:7532   DEBUG: [CUPID]void CUPID::RegisterObjectDelegate(uint32, SlotType, CUPID::IAdObjectDelegate*)(): vv id: 83886080, slot type: 2, delegate: 0x0x882944c0
V/CLog    ( 5016): OnNativeCallback: 4
V/CLog    ( 5016): OnNativeCallback: end
V/CLog    ( 5016): OnNativeCallback: 12
I/BIGCORE ( 5016): 大播放内核OnSendPingback回调  arg0 = 1   arg1 = 0
V/CLog    ( 5016): OnNativeCallback: end
V/CLog    ( 5016): OnNativeCallback: 10
V/CLog    ( 5016): OnNativeCallback: end
V/CLog    ( 5016): OnNativeCallback: 3
I/BIGCORE ( 5016): 大播放内核OnWaiting回调  waiting = false
V/CLog    ( 5016): OnNativeCallback: end
V/CLog    ( 5016): OnNativeCallback: 5
V/CLog    ( 5016): OnNativeCallback: end
D/JOBS    ( 5016): added job id: -2147483581 class: con priority: 1000 delay: 0 group : null persistent: false 
D/JOBS    ( 5016): pool-2-thread-1: load factor check. false = (4 < 4)|| (4 * 3 < 1 + 0). consumer thread: false
D/JOBS    ( 5016): running job con
D/JOBS    ( 5016): finished job con
D/Cupid005( 5016): OnVVEvent(): vv id: 83886080, event: 0
I/CLog    ( 5016): 2017-04-05 11:17:54.346 T:5016   DEBUG: [CUPID]void CUPID::OnVVEvent(uint32, VVEvent)(): vv id: 83886080, event: 0
I/CLog    ( 5016): 2017-04-05 11:17:54.346 T:5016   DEBUG: [CUPID]std::string CUPID::AdsProvider::GenerateRequestUrl(const string&, const std::vector<CUPID::Cuepoint>&, bool) const(): mixer request url: http://t7z.cupid.iqiyi.com/mixer?ap=cp&a=358239054506391&aid=76f6ea0a399cae97&b=641851900&ca=615&cd=5114&cts=1491362274058&d=qc_100001_100086&dpi=480&e=8.3&ea=1&i=gphone&imei=e2878a7306325ba88ec7e58ee6936805&ims=111&l=b398b8ccbaeacca840073a7ee9b7e7e6&lh=0&lp=0&lt=641851900&lts=1491362242000&lv=215&m=Nexus%205&mac=8c:3a:e3:5c:fb:d5&n=358239054506391&nw=1&o=56627eb3cb22a6a00b18931d73c9c629&os=5.1.1&pmv=3.9.1&po=0&ps=0&r=5.11.005&res=1080,1776&rid=7ebcc8db4b0c5339ce04a35ea7eebc8d&ss=2&tp=2910&ut=0&v=0&vad=0&vd=1&vn=0&x=1&y=103&z=1
I/CLog    ( 5016): 2017-04-05 11:17:54.347 T:5016    INFO: virtual bool QYPuma::CurlHttpLoader::Load(const QYPuma::QYHttpRequest&, QYPuma::IQYHttpHandler*) - 25, url: http://t7z.cupid.iqiyi.com/mixer?ap=cp&a=358239054506391&aid=76f6ea0a399cae97&b=641851900&ca=615&cd=5114&cts=1491362274058&d=qc_100001_100086&dpi=480&e=8.3&ea=1&i=gphone&imei=e2878a7306325ba88ec7e58ee6936805&ims=111&l=b398b8ccbaeacca840073a7ee9b7e7e6&lh=0&lp=0&lt=641851900&lts=1491362242000&lv=215&m=Nexus%205&mac=8c:3a:e3:5c:fb:d5&n=358239054506391&nw=1&o=56627eb3cb22a6a00b18931d73c9c629&os=5.1.1&pmv=3.9.1&po=0&ps=0&r=5.11.005&res=1080,1776&rid=7ebcc8db4b0c5339ce04a35ea7eebc8d&ss=2&tp=2910&ut=0&v=0&vad=0&vd=1&vn=0&x=1&y=103&z=1
I/CLog    ( 5016): 2017-04-05 11:17:54.347 T:5016    INFO: network-load(25): send request: http://t7z.cupid.iqiyi.com/mixer?ap=cp&a=358239054506391&aid=76f6ea0a399cae97&b=641851900&ca=615&cd=5114&cts=1491362274058&d=qc_100001_100086&dpi=480&e=8.3&ea=1&i=gphone&imei=e2878a7306325ba88ec7e58ee6936805&ims=111&l=b398b8ccbaeacca840073a7ee9b7e7e6&lh=0&lp=0&lt=641851900&lts=1491362242000&lv=215&m=Nexus%205&mac=8c:3a:e3:5c:fb:d5&n=358239054506391&nw=1&o=56627eb3cb22a6a00b18931d73c9c629&os=5.1.1&pmv=3.9.1&po=0&ps=0&r=5.11.005&res=1080,1776&rid=7ebcc8db4b0c5339ce04a35ea7eebc8d&ss=2&tp=2910&ut=0&v=0&vad=0&vd=1&vn=0&x=1&y=103&z=1, set timeout: 2
I/CLog    ( 5016): 2017-04-05 11:17:54.347 T:5016   DEBUG: [CUPID]Send(): send rtn:1, loader:0x9559aac0
I/CLog    ( 5016): 2017-04-05 11:17:54.347 T:5105   DEBUG: network-no request ,waiting end
I/CLog    ( 5016): 2017-04-05 11:17:54.347 T:5105   DEBUG: GetWaitingRequest... count: 1
I/CLog    ( 5016): 2017-04-05 11:17:54.348 T:5016   DEBUG: [CUPID]std::string CUPID::AdsProvider::GenerateRequestUrl(const string&, const std::vector<CUPID::Cuepoint>&, bool) const(): mixer request url: http://t7z.cupid.iqiyi.com/mixer?ap=cp&a=358239054506391&aid=76f6ea0a399cae97&b=641851900&ca=615&cd=5114&cts=1491362274060&d=qc_100001_100086&dpi=480&e=8.3&ea=1&i=gphone&imei=e2878a7306325ba88ec7e58ee6936805&ims=111&l=b398b8ccbaeacca840073a7ee9b7e7e6&lh=0&lp=0&lt=641851900&lts=1491362242000&lv=215&m=Nexus%205&mac=8c:3a:e3:5c:fb:d5&n=358239054506391&nw=1&o=56627eb3cb22a6a00b18931d73c9c629&os=5.1.1&pmv=3.9.1&po=0&ps=0&r=5.11.005&res=1080,1776&rid=6d42d62aad40f121d4348856b35d45ef&ss=2&tp=2910&ut=0&v=0&vad=0&vd=1&vn=0&x=1&y=114&z=1
I/CLog    ( 5016): 2017-04-05 11:17:54.348 T:5016    INFO: virtual bool QYPuma::CurlHttpLoader::Load(const QYPuma::QYHttpRequest&, QYPuma::IQYHttpHandler*) - 26, url: http://t7z.cupid.iqiyi.com/mixer?ap=cp&a=358239054506391&aid=76f6ea0a399cae97&b=641851900&ca=615&cd=5114&cts=1491362274060&d=qc_100001_100086&dpi=480&e=8.3&ea=1&i=gphone&imei=e2878a7306325ba88ec7e58ee6936805&ims=111&l=b398b8ccbaeacca840073a7ee9b7e7e6&lh=0&lp=0&lt=641851900&lts=1491362242000&lv=215&m=Nexus%205&mac=8c:3a:e3:5c:fb:d5&n=358239054506391&nw=1&o=56627eb3cb22a6a00b18931d73c9c629&os=5.1.1&pmv=3.9.1&po=0&ps=0&r=5.11.005&res=1080,1776&rid=6d42d62aad40f121d4348856b35d45ef&ss=2&tp=2910&ut=0&v=0&vad=0&vd=1&vn=0&x=1&y=114&z=1
I/CLog    ( 5016): 2017-04-05 11:17:54.348 T:5016    INFO: network-load(26): send request: http://t7z.cupid.iqiyi.com/mixer?ap=cp&a=358239054506391&aid=76f6ea0a399cae97&b=641851900&ca=615&cd=5114&cts=1491362274060&d=qc_100001_100086&dpi=480&e=8.3&ea=1&i=gphone&imei=e2878a7306325ba88ec7e58ee6936805&ims=111&l=b398b8ccbaeacca840073a7ee9b7e7e6&lh=0&lp=0&lt=641851900&lts=1491362242000&lv=215&m=Nexus%205&mac=8c:3a:e3:5c:fb:d5&n=358239054506391&nw=1&o=56627eb3cb22a6a00b18931d73c9c629&os=5.1.1&pmv=3.9.1&po=0&ps=0&r=5.11.005&res=1080,1776&rid=6d42d62aad40f121d4348856b35d45ef&ss=2&tp=2910&ut=0&v=0&vad=0&vd=1&vn=0&x=1&y=114&z=1, set timeout: 2
I/CLog    ( 5016): 2017-04-05 11:17:54.348 T:5016   DEBUG: [CUPID]Send(): send rtn:1, loader:0x9559ad98
I/CLog    ( 5016): 2017-04-05 11:17:54.349 T:5016   DEBUG: [CUPID]std::string CUPID::AdsProvider::GenerateRequestUrl(const string&, const std::vector<CUPID::Cuepoint>&, bool) const(): mixer request url: http://t7z.cupid.iqiyi.com/mixer?ap=cp&a=358239054506391&aid=76f6ea0a399cae97&b=641851900&ca=615&cd=5114&cts=1491362274062&d=qc_100001_100086&dpi=480&e=8.3&ea=1&i=gphone&imei=e2878a7306325ba88ec7e58ee6936805&ims=111&l=b398b8ccbaeacca840073a7ee9b7e7e6&lh=0&lp=0&lt=641851900&lts=1491362242000&lv=215&m=Nexus%205&mac=8c:3a:e3:5c:fb:d5&n=358239054506391&nw=1&o=56627eb3cb22a6a00b18931d73c9c629&os=5.1.1&pmv=3.9.1&po=0&ps=0&r=5.11.005&res=1080,1776&rid=b723527ccd64b29f0fc73bcc20c57c61&ss=2&tp=2910&ut=0&v=0&vad=0&vd=1&vn=0&x=1&y=8&z=1
I/CLog    ( 5016): 2017-04-05 11:17:54.349 T:5016    INFO: virtual bool QYPuma::CurlHttpLoader::Load(const QYPuma::QYHttpRequest&, QYPuma::IQYHttpHandler*) - 27, url: http://t7z.cupid.iqiyi.com/mixer?ap=cp&a=358239054506391&aid=76f6ea0a399cae97&b=641851900&ca=615&cd=5114&cts=1491362274062&d=qc_100001_100086&dpi=480&e=8.3&ea=1&i=gphone&imei=e2878a7306325ba88ec7e58ee6936805&ims=111&l=b398b8ccbaeacca840073a7ee9b7e7e6&lh=0&lp=0&lt=641851900&lts=1491362242000&lv=215&m=Nexus%205&mac=8c:3a:e3:5c:fb:d5&n=358239054506391&nw=1&o=56627eb3cb22a6a00b18931d73c9c629&os=5.1.1&pmv=3.9.1&po=0&ps=0&r=5.11.005&res=1080,1776&rid=b723527ccd64b29f0fc73bcc20c57c61&ss=2&tp=2910&ut=0&v=0&vad=0&vd=1&vn=0&x=1&y=8&z=1
I/CLog    ( 5016): 2017-04-05 11:17:54.349 T:5016    INFO: network-load(27): send request: http://t7z.cupid.iqiyi.com/mixer?ap=cp&a=358239054506391&aid=76f6ea0a399cae97&b=641851900&ca=615&cd=5114&cts=1491362274062&d=qc_100001_100086&dpi=480&e=8.3&ea=1&i=gphone&imei=e2878a7306325ba88ec7e58ee6936805&ims=111&l=b398b8ccbaeacca840073a7ee9b7e7e6&lh=0&lp=0&lt=641851900&lts=1491362242000&lv=215&m=Nexus%205&mac=8c:3a:e3:5c:fb:d5&n=358239054506391&nw=1&o=56627eb3cb22a6a00b18931d73c9c629&os=5.1.1&pmv=3.9.1&po=0&ps=0&r=5.11.005&res=1080,1776&rid=b723527ccd64b29f0fc73bcc20c57c61&ss=2&tp=2910&ut=0&v=0&vad=0&vd=1&vn=0&x=1&y=8&z=1, set timeout: 2
I/CLog    ( 5016): 2017-04-05 11:17:54.349 T:5016   DEBUG: [CUPID]Send(): send rtn:1, loader:0x9559ae08
I/CLog    ( 5016): 2017-04-05 11:17:54.364 T:5105    INFO: network-load(25): http response code: 200
I/CLog    ( 5016): 2017-04-05 11:17:54.365 T:5105   DEBUG: GetWaitingRequest... count: 3
I/CLog    ( 5016): 2017-04-05 11:17:54.366 T:5105    INFO: local ip 10.4.17.255, remote server ip 101.227.200.11, total time: 0(ms), speed download: 44.84(kb/s)
I/CLog    ( 5016): 2017-04-05 11:17:54.366 T:5105    INFO: network-load(25): Remove
I/CLog    ( 5016): 2017-04-05 11:17:54.366 T:5105    INFO: network-load(25): success! url:http://t7z.cupid.iqiyi.com/mixer?ap=cp&a=358239054506391&aid=76f6ea0a399cae97&b=641851900&ca=615&cd=5114&cts=1491362274058&d=qc_100001_100086&dpi=480&e=8.3&ea=1&i=gphone&imei=e2878a7306325ba88ec7e58ee6936805&ims=111&l=b398b8ccbaeacca840073a7ee9b7e7e6&lh=0&lp=0&lt=641851900&lts=1491362242000&lv=215&m=Nexus%205&mac=8c:3a:e3:5c:fb:d5&n=358239054506391&nw=1&o=56627eb3cb22a6a00b18931d73c9c629&os=5.1.1&pmv=3.9.1&po=0&ps=0&r=5.11.005&res=1080,1776&rid=7ebcc8db4b0c5339ce04a35ea7eebc8d&ss=2&tp=2910&ut=0&v=0&vad=0&vd=1&vn=0&x=1&y=103&z=1
I/CLog    ( 5016): 2017-04-05 11:17:54.366 T:5105   DEBUG: [CUPID]virtual void CUPID::CurlLoader::OnComplete()(): code 1
I/CLog    ( 5016): 2017-04-05 11:17:54.366 T:5105   DEBUG: [CUPID]InternalCode CUPID::AdsProvider::Parse(const std::vector<CUPID::Cuepoint>&, const string&, const string&, CUPID::SPResultBundle)(): mixer response:{"version":"2.1.11851","sei":"","reqTemplateTypes":["relatedapp"],"reqTimeouts":[7000,7000],"midrollPoints":{},"vipCheckConflict":{},"pbp":{"m":"8c:3a:e3:5c:fb:d5","n":"e2878a7306325ba88ec7e58ee6936805","c":"2","g":"0","b":"206206701","w":"76f6ea0a399cae97","d":"3298","h":"0","l":"","ps":"0"},"requestId":"7ebcc8db4b0c5339ce04a35ea7eebc8d","urlConfig":{"adxTracking":"http:\/\/t7z.cupid.iqiyi.com\/etx","cupidTracking":"http:\/\/t7z.cupid.iqiyi.com\/track2","mixer":["http:\/\/t7z.cupid.iqiyi.com\/mixer"],"pingback":["http:\/\/msga.cupid.iqiyi.com\/scp2.gif"]},"finalUrl":"","cupidExtras":{"enableMiaozhenSDK":1,"alimamaId":71000017,"clientIp":"","enablePB2":1,"enableAdMasterSDK":1,"enableAlimama":0,"enableMmaNielsen":0,"enableMmaCtr":1,"serverTime":1492407281000,"enableMmaMiaozhen":1,"enableMmaAdMaster":1},"videoEventId":"
I/CLog    ( 5016): 2017-04-05 11:17:54.366 T:5105   DEBUG: [CUPID]bool CUPID::AdsProvider::ParseFutureSlots(const Value&)():
I/CLog    ( 5016): 2017-04-05 11:17:54.366 T:5105   ERROR: [CUPID]bool CUPID::AdsProvider::ParseSlots(const string&, const std::vector<CUPID::Cuepoint>&, const Value&, CUPID::SPResultBundle)(): no slots node
I/CLog    ( 5016): 2017-04-05 11:17:54.367 T:5105   DEBUG: [CUPID]InternalCode CUPID::AdsProvider::LoadResponse(const std::vector<CUPID::Cuepoint>&, const string&, const string&, int, int, CUPID::SPResultBundle)(): load done.
I/CLog    ( 5016): 2017-04-05 11:17:54.367 T:5105   DEBUG: [CUPID]void CUPID::AdsProvider::HandleLoadResult(InternalCode, const std::vector<CUPID::Cuepoint>&, CUPID::SPResultBundle, uint32, const string&)(): result code: 2
I/CLog    ( 5016): 2017-04-05 11:17:54.367 T:5105   DEBUG: [CUPID]void CUPID::AdsManager::TriggerCuepointCallback(InternalCode, uint32, uint32, const CUPID::Cuepoint&)(): code: 10, vv id: 83886080, request id: 27
I/CLog    ( 5016): 2017-04-05 11:17:54.367 T:5105   DEBUG: [CUPID]void CUPID::AdsManager::TriggerJsonSlotsCallback(InternalCode, uint32, SlotType, const std::vector<CUPID::Slot*>&)(): code: 2, size: 0
I/CLog    ( 5016): 2017-04-05 11:17:54.367 T:5105   DEBUG: [CUPID]void CUPID::AdsManager::TriggerJsonSlotsCallback(InternalCode, uint32, SlotType, const std::vector<CUPID::Slot*>&)(): rtn slots json: {"slotType":0,"slots":[]}
I/CLog    ( 5016): 2017-04-05 11:17:54.367 T:5105   DEBUG: OnSlotReady: jdelegate:0x0x2012c2
I/CLog    ( 5016): 2017-04-05 11:17:54.367 T:5105   DEBUG: GetEnv: attaching currentThread.
I/CLog    ( 5016): 2017-04-05 11:17:54.368 T:5105   DEBUG: jni OnSlotReady finished
I/CLog    ( 5016): 2017-04-05 11:17:54.368 T:5105    INFO: event-set for complete:0x888bd6e0, http://t7z.cupid.iqiyi.com/mixer?ap=cp&a=358239054506391&aid=76f6ea0a399cae97&b=641851900&ca=615&cd=5114&cts=1491362274058&d=qc_100001_100086&dpi=480&e=8.3&ea=1&i=gphone&imei=e2878a7306325ba88ec7e58ee6936805&ims=111&l=b398b8ccbaeacca840073a7ee9b7e7e6&lh=0&lp=0&lt=641851900&lts=1491362242000&lv=215&m=Nexus%205&mac=8c:3a:e3:5c:fb:d5&n=358239054506391&nw=1&o=56627eb3cb22a6a00b18931d73c9c629&os=5.1.1&pmv=3.9.1&po=0&ps=0&r=5.11.005&res=1080,1776&rid=7ebcc8db4b0c5339ce04a35ea7eebc8d&ss=2&tp=2910&ut=0&v=0&vad=0&vd=1&vn=0&x=1&y=103&z=1
I/CLog    ( 5016): 2017-04-05 11:17:54.368 T:5105    INFO: network-Autodelete Handler, http://t7z.cupid.iqiyi.com/mixer?ap=cp&a=358239054506391&aid=76f6ea0a399cae97&b=641851900&ca=615&cd=5114&cts=1491362274058&d=qc_100001_100086&dpi=480&e=8.3&ea=1&i=gphone&imei=e2878a7306325ba88ec7e58ee6936805&ims=111&l=b398b8ccbaeacca840073a7ee9b7e7e6&lh=0&lp=0&lt=641851900&lts=1491362242000&lv=215&m=Nexus%205&mac=8c:3a:e3:5c:fb:d5&n=358239054506391&nw=1&o=56627eb3cb22a6a00b18931d73c9c629&os=5.1.1&pmv=3.9.1&po=0&ps=0&r=5.11.005&res=1080,1776&rid=7ebcc8db4b0c5339ce04a35ea7eebc8d&ss=2&tp=2910&ut=0&v=0&vad=0&vd=1&vn=0&x=1&y=103&z=1
I/CLog    ( 5016): 2017-04-05 11:17:54.368 T:5105   DEBUG: virtual QYPuma::CurlHttpLoader::~CurlHttpLoader(), 25
I/CLog    ( 5016): 2017-04-05 11:17:54.368 T:5105   DEBUG: void QYPuma::CurlHttpLoader::SetClosed(bool) - 25, 1, http://t7z.cupid.iqiyi.com/mixer?ap=cp&a=358239054506391&aid=76f6ea0a399cae97&b=641851900&ca=615&cd=5114&cts=1491362274058&d=qc_100001_100086&dpi=480&e=8.3&ea=1&i=gphone&imei=e2878a7306325ba88ec7e58ee6936805&ims=111&l=b398b8ccbaeacca840073a7ee9b7e7e6&lh=0&lp=0&lt=641851900&lts=1491362242000&lv=215&m=Nexus%205&mac=8c:3a:e3:5c:fb:d5&n=358239054506391&nw=1&o=56627eb3cb22a6a00b18931d73c9c629&os=5.1.1&pmv=3.9.1&po=0&ps=0&r=5.11.005&res=1080,1776&rid=7ebcc8db4b0c5339ce04a35ea7eebc8d&ss=2&tp=2910&ut=0&v=0&vad=0&vd=1&vn=0&x=1&y=103&z=1
I/CLog    ( 5016): 2017-04-05 11:17:54.368 T:5105   DEBUG: event, thread id equal, no need wait :0x888bd6e0 ,25
I/CLog    ( 5016): 2017-04-05 11:17:54.368 T:5105   DEBUG: virtual void QYPuma::CurlHttpLoader::Close() event_for_synchronous_ send the sig
I/CLog    ( 5016): 2017-04-05 11:17:54.368 T:5105   DEBUG: event wait end:0x888bd6e0 ,25
D/BluetoothAdapter( 5016): 702016126: getState() :  mService = null. Returning STATE_OFF
I/CLog    ( 5016): 2017-04-05 11:17:54.381 T:5105    INFO: network-load(26): http response code: 200
I/CLog    ( 5016): 2017-04-05 11:17:54.382 T:5105    INFO: local ip 10.4.17.255, remote server ip 101.227.200.11, total time: 0(ms), speed download: 50.22(kb/s)
I/CLog    ( 5016): 2017-04-05 11:17:54.382 T:5105    INFO: network-load(26): Remove
I/CLog    ( 5016): 2017-04-05 11:17:54.382 T:5105    INFO: network-load(26): success! url:http://t7z.cupid.iqiyi.com/mixer?ap=cp&a=358239054506391&aid=76f6ea0a399cae97&b=641851900&ca=615&cd=5114&cts=1491362274060&d=qc_100001_100086&dpi=480&e=8.3&ea=1&i=gphone&imei=e2878a7306325ba88ec7e58ee6936805&ims=111&l=b398b8ccbaeacca840073a7ee9b7e7e6&lh=0&lp=0&lt=641851900&lts=1491362242000&lv=215&m=Nexus%205&mac=8c:3a:e3:5c:fb:d5&n=358239054506391&nw=1&o=56627eb3cb22a6a00b18931d73c9c629&os=5.1.1&pmv=3.9.1&po=0&ps=0&r=5.11.005&res=1080,1776&rid=6d42d62aad40f121d4348856b35d45ef&ss=2&tp=2910&ut=0&v=0&vad=0&vd=1&vn=0&x=1&y=114&z=1
I/CLog    ( 5016): 2017-04-05 11:17:54.382 T:5105   DEBUG: [CUPID]virtual void CUPID::CurlLoader::OnComplete()(): code 1
I/CLog    ( 5016): 2017-04-05 11:17:54.382 T:5105   DEBUG: [CUPID]InternalCode CUPID::AdsProvider::Parse(const std::vector<CUPID::Cuepoint>&, const string&, const string&, CUPID::SPResultBundle)(): mixer response:{"version":"2.1.11851","sei":"","reqTemplateTypes":["definition_switching"],"reqTimeouts":[7000,7000],"midrollPoints":{},"vipCheckConflict":{},"pbp":{"m":"8c:3a:e3:5c:fb:d5","n":"e2878a7306325ba88ec7e58ee6936805","c":"2","g":"0","b":"206206701","w":"76f6ea0a399cae97","d":"3298","h":"0","l":"","ps":"0"},"requestId":"6d42d62aad40f121d4348856b35d45ef","urlConfig":{"adxTracking":"http:\/\/t7z.cupid.iqiyi.com\/etx","cupidTracking":"http:\/\/t7z.cupid.iqiyi.com\/track2","mixer":["http:\/\/t7z.cupid.iqiyi.com\/mixer"],"pingback":["http:\/\/msga.cupid.iqiyi.com\/scp2.gif"]},"finalUrl":"","cupidExtras":{"enableMiaozhenSDK":1,"alimamaId":71000017,"clientIp":"","enablePB2":1,"enableAdMasterSDK":1,"enableAlimama":0,"enableMmaNielsen":0,"enableMmaCtr":1,"serverTime":1492407281000,"enableMmaMiaozhen":1,"enableMmaAdMaster":1},"video
I/CLog    ( 5016): 2017-04-05 11:17:54.382 T:5105   DEBUG: [CUPID]bool CUPID::AdsProvider::ParseFutureSlots(const Value&)():
I/CLog    ( 5016): 2017-04-05 11:17:54.382 T:5105   ERROR: [CUPID]bool CUPID::AdsProvider::ParseSlots(const string&, const std::vector<CUPID::Cuepoint>&, const Value&, CUPID::SPResultBundle)(): no slots node
I/CLog    ( 5016): 2017-04-05 11:17:54.382 T:5105   DEBUG: [CUPID]InternalCode CUPID::AdsProvider::LoadResponse(const std::vector<CUPID::Cuepoint>&, const string&, const string&, int, int, CUPID::SPResultBundle)(): load done.
I/CLog    ( 5016): 2017-04-05 11:17:54.382 T:5105   DEBUG: [CUPID]void CUPID::AdsProvider::HandleLoadResult(InternalCode, const std::vector<CUPID::Cuepoint>&, CUPID::SPResultBundle, uint32, const string&)(): result code: 2
I/CLog    ( 5016): 2017-04-05 11:17:54.382 T:5105   DEBUG: [CUPID]void CUPID::AdsManager::TriggerCuepointCallback(InternalCode, uint32, uint32, const CUPID::Cuepoint&)(): code: 10, vv id: 83886080, request id: 29
I/CLog    ( 5016): 2017-04-05 11:17:54.382 T:5105    INFO: event-set for complete:0x888c2de0, http://t7z.cupid.iqiyi.com/mixer?ap=cp&a=358239054506391&aid=76f6ea0a399cae97&b=641851900&ca=615&cd=5114&cts=1491362274060&d=qc_100001_100086&dpi=480&e=8.3&ea=1&i=gphone&imei=e2878a7306325ba88ec7e58ee6936805&ims=111&l=b398b8ccbaeacca840073a7ee9b7e7e6&lh=0&lp=0&lt=641851900&lts=1491362242000&lv=215&m=Nexus%205&mac=8c:3a:e3:5c:fb:d5&n=358239054506391&nw=1&o=56627eb3cb22a6a00b18931d73c9c629&os=5.1.1&pmv=3.9.1&po=0&ps=0&r=5.11.005&res=1080,1776&rid=6d42d62aad40f121d4348856b35d45ef&ss=2&tp=2910&ut=0&v=0&vad=0&vd=1&vn=0&x=1&y=114&z=1
I/CLog    ( 5016): 2017-04-05 11:17:54.382 T:5105    INFO: network-Autodelete Handler, http://t7z.cupid.iqiyi.com/mixer?ap=cp&a=358239054506391&aid=76f6ea0a399cae97&b=641851900&ca=615&cd=5114&cts=1491362274060&d=qc_100001_100086&dpi=480&e=8.3&ea=1&i=gphone&imei=e2878a7306325ba88ec7e58ee6936805&ims=111&l=b398b8ccbaeacca840073a7ee9b7e7e6&lh=0&lp=0&lt=641851900&lts=1491362242000&lv=215&m=Nexus%205&mac=8c:3a:e3:5c:fb:d5&n=358239054506391&nw=1&o=56627eb3cb22a6a00b18931d73c9c629&os=5.1.1&pmv=3.9.1&po=0&ps=0&r=5.11.005&res=1080,1776&rid=6d42d62aad40f121d4348856b35d45ef&ss=2&tp=2910&ut=0&v=0&vad=0&vd=1&vn=0&x=1&y=114&z=1
I/CLog    ( 5016): 2017-04-05 11:17:54.383 T:5105   DEBUG: virtual QYPuma::CurlHttpLoader::~CurlHttpLoader(), 26
I/CLog    ( 5016): 2017-04-05 11:17:54.383 T:5105   DEBUG: void QYPuma::CurlHttpLoader::SetClosed(bool) - 26, 1, http://t7z.cupid.iqiyi.com/mixer?ap=cp&a=358239054506391&aid=76f6ea0a399cae97&b=641851900&ca=615&cd=5114&cts=1491362274060&d=qc_100001_100086&dpi=480&e=8.3&ea=1&i=gphone&imei=e2878a7306325ba88ec7e58ee6936805&ims=111&l=b398b8ccbaeacca840073a7ee9b7e7e6&lh=0&lp=0&lt=641851900&lts=1491362242000&lv=215&m=Nexus%205&mac=8c:3a:e3:5c:fb:d5&n=358239054506391&nw=1&o=56627eb3cb22a6a00b18931d73c9c629&os=5.1.1&pmv=3.9.1&po=0&ps=0&r=5.11.005&res=1080,1776&rid=6d42d62aad40f121d4348856b35d45ef&ss=2&tp=2910&ut=0&v=0&vad=0&vd=1&vn=0&x=1&y=114&z=1
I/CLog    ( 5016): 2017-04-05 11:17:54.383 T:5105   DEBUG: event, thread id equal, no need wait :0x888c2de0 ,26
I/CLog    ( 5016): 2017-04-05 11:17:54.383 T:5105   DEBUG: virtual void QYPuma::CurlHttpLoader::Close() event_for_synchronous_ send the sig
I/CLog    ( 5016): 2017-04-05 11:17:54.383 T:5105   DEBUG: event wait end:0x888c2de0 ,26
I/CLog    ( 5016): 2017-04-05 11:17:54.386 T:5105    INFO: network-load(27): http response code: 200
I/CLog    ( 5016): 2017-04-05 11:17:54.386 T:5105    INFO: local ip 10.4.17.255, remote server ip 101.227.200.11, total time: 0(ms), speed download: 40.56(kb/s)
I/CLog    ( 5016): 2017-04-05 11:17:54.386 T:5105    INFO: network-load(27): Remove
I/CLog    ( 5016): 2017-04-05 11:17:54.386 T:5105    INFO: network-load(27): success! url:http://t7z.cupid.iqiyi.com/mixer?ap=cp&a=358239054506391&aid=76f6ea0a399cae97&b=641851900&ca=615&cd=5114&cts=1491362274062&d=qc_100001_100086&dpi=480&e=8.3&ea=1&i=gphone&imei=e2878a7306325ba88ec7e58ee6936805&ims=111&l=b398b8ccbaeacca840073a7ee9b7e7e6&lh=0&lp=0&lt=641851900&lts=1491362242000&lv=215&m=Nexus%205&mac=8c:3a:e3:5c:fb:d5&n=358239054506391&nw=1&o=56627eb3cb22a6a00b18931d73c9c629&os=5.1.1&pmv=3.9.1&po=0&ps=0&r=5.11.005&res=1080,1776&rid=b723527ccd64b29f0fc73bcc20c57c61&ss=2&tp=2910&ut=0&v=0&vad=0&vd=1&vn=0&x=1&y=8&z=1
I/CLog    ( 5016): 2017-04-05 11:17:54.386 T:5105   DEBUG: [CUPID]virtual void CUPID::CurlLoader::OnComplete()(): code 1
I/CLog    ( 5016): 2017-04-05 11:17:54.386 T:5105   DEBUG: [CUPID]InternalCode CUPID::AdsProvider::Parse(const std::vector<CUPID::Cuepoint>&, const string&, const string&, CUPID::SPResultBundle)(): mixer response:{"version":"2.1.11851","sei":"","reqTemplateTypes":["viewPoint"],"reqTimeouts":[7000,7000],"midrollPoints":{},"vipCheckConflict":{},"pbp":{"m":"8c:3a:e3:5c:fb:d5","n":"e2878a7306325ba88ec7e58ee6936805","c":"2","g":"0","b":"206206701","w":"76f6ea0a399cae97","d":"3298","h":"0","l":"","ps":"0"},"requestId":"b723527ccd64b29f0fc73bcc20c57c61","urlConfig":{"adxTracking":"http:\/\/t7z.cupid.iqiyi.com\/etx","cupidTracking":"http:\/\/t7z.cupid.iqiyi.com\/track2","mixer":["http:\/\/t7z.cupid.iqiyi.com\/mixer"],"pingback":["http:\/\/msga.cupid.iqiyi.com\/scp2.gif"]},"finalUrl":"","cupidExtras":{"enableMiaozhenSDK":1,"alimamaId":71000017,"clientIp":"","enablePB2":1,"enableAdMasterSDK":1,"enableAlimama":0,"enableMmaNielsen":0,"enableMmaCtr":1,"serverTime":1492407281000,"enableMmaMiaozhen":1,"enableMmaAdMaster":1},"videoEventId":"5
I/CLog    ( 5016): 2017-04-05 11:17:54.387 T:5105   DEBUG: [CUPID]bool CUPID::AdsProvider::ParseFutureSlots(const Value&)():
I/CLog    ( 5016): 2017-04-05 11:17:54.388 T:5105   ERROR: [CUPID]bool CUPID::AdsProvider::ParseSlots(const string&, const std::vector<CUPID::Cuepoint>&, const Value&, CUPID::SPResultBundle)(): no slots node
I/CLog    ( 5016): 2017-04-05 11:17:54.388 T:5105   DEBUG: [CUPID]InternalCode CUPID::AdsProvider::LoadResponse(const std::vector<CUPID::Cuepoint>&, const string&, const string&, int, int, CUPID::SPResultBundle)(): load done.
I/CLog    ( 5016): 2017-04-05 11:17:54.388 T:5105   DEBUG: [CUPID]void CUPID::AdsProvider::HandleLoadResult(InternalCode, const std::vector<CUPID::Cuepoint>&, CUPID::SPResultBundle, uint32, const string&)(): result code: 2
I/CLog    ( 5016): 2017-04-05 11:17:54.388 T:5105   DEBUG: [CUPID]void CUPID::AdsManager::TriggerCuepointCallback(InternalCode, uint32, uint32, const CUPID::Cuepoint&)(): code: 10, vv id: 83886080, request id: 31
I/CLog    ( 5016): 2017-04-05 11:17:54.388 T:5105   DEBUG: [CUPID]void CUPID::AdsManager::TriggerJsonSlotsCallback(InternalCode, uint32, SlotType, const std::vector<CUPID::Slot*>&)(): code: 2, size: 0
I/CLog    ( 5016): 2017-04-05 11:17:54.388 T:5105   DEBUG: [CUPID]void CUPID::AdsManager::TriggerJsonSlotsCallback(InternalCode, uint32, SlotType, const std::vector<CUPID::Slot*>&)(): rtn slots json: {"slotType":8,"slots":[]}
I/CLog    ( 5016): 2017-04-05 11:17:54.388 T:5105   DEBUG: OnSlotReady: jdelegate:0x0xfde
I/CLog    ( 5016): 2017-04-05 11:17:54.388 T:5105   DEBUG: GetEnv: attaching currentThread.
I/CLog    ( 5016): 2017-04-05 11:17:54.389 T:5105   DEBUG: jni OnSlotReady finished
I/CLog    ( 5016): 2017-04-05 11:17:54.390 T:5105    INFO: event-set for complete:0x888c2f60, http://t7z.cupid.iqiyi.com/mixer?ap=cp&a=358239054506391&aid=76f6ea0a399cae97&b=641851900&ca=615&cd=5114&cts=1491362274062&d=qc_100001_100086&dpi=480&e=8.3&ea=1&i=gphone&imei=e2878a7306325ba88ec7e58ee6936805&ims=111&l=b398b8ccbaeacca840073a7ee9b7e7e6&lh=0&lp=0&lt=641851900&lts=1491362242000&lv=215&m=Nexus%205&mac=8c:3a:e3:5c:fb:d5&n=358239054506391&nw=1&o=56627eb3cb22a6a00b18931d73c9c629&os=5.1.1&pmv=3.9.1&po=0&ps=0&r=5.11.005&res=1080,1776&rid=b723527ccd64b29f0fc73bcc20c57c61&ss=2&tp=2910&ut=0&v=0&vad=0&vd=1&vn=0&x=1&y=8&z=1
I/CLog    ( 5016): 2017-04-05 11:17:54.390 T:5105    INFO: network-Autodelete Handler, http://t7z.cupid.iqiyi.com/mixer?ap=cp&a=358239054506391&aid=76f6ea0a399cae97&b=641851900&ca=615&cd=5114&cts=1491362274062&d=qc_100001_100086&dpi=480&e=8.3&ea=1&i=gphone&imei=e2878a7306325ba88ec7e58ee6936805&ims=111&l=b398b8ccbaeacca840073a7ee9b7e7e6&lh=0&lp=0&lt=641851900&lts=1491362242000&lv=215&m=Nexus%205&mac=8c:3a:e3:5c:fb:d5&n=358239054506391&nw=1&o=56627eb3cb22a6a00b18931d73c9c629&os=5.1.1&pmv=3.9.1&po=0&ps=0&r=5.11.005&res=1080,1776&rid=b723527ccd64b29f0fc73bcc20c57c61&ss=2&tp=2910&ut=0&v=0&vad=0&vd=1&vn=0&x=1&y=8&z=1
I/CLog    ( 5016): 2017-04-05 11:17:54.390 T:5105   DEBUG: virtual QYPuma::CurlHttpLoader::~CurlHttpLoader(), 27
I/CLog    ( 5016): 2017-04-05 11:17:54.390 T:5105   DEBUG: void QYPuma::CurlHttpLoader::SetClosed(bool) - 27, 1, http://t7z.cupid.iqiyi.com/mixer?ap=cp&a=358239054506391&aid=76f6ea0a399cae97&b=641851900&ca=615&cd=5114&cts=1491362274062&d=qc_100001_100086&dpi=480&e=8.3&ea=1&i=gphone&imei=e2878a7306325ba88ec7e58ee6936805&ims=111&l=b398b8ccbaeacca840073a7ee9b7e7e6&lh=0&lp=0&lt=641851900&lts=1491362242000&lv=215&m=Nexus%205&mac=8c:3a:e3:5c:fb:d5&n=358239054506391&nw=1&o=56627eb3cb22a6a00b18931d73c9c629&os=5.1.1&pmv=3.9.1&po=0&ps=0&r=5.11.005&res=1080,1776&rid=b723527ccd64b29f0fc73bcc20c57c61&ss=2&tp=2910&ut=0&v=0&vad=0&vd=1&vn=0&x=1&y=8&z=1
I/CLog    ( 5016): 2017-04-05 11:17:54.390 T:5105   DEBUG: event, thread id equal, no need wait :0x888c2f60 ,27
I/CLog    ( 5016): 2017-04-05 11:17:54.390 T:5105   DEBUG: virtual void QYPuma::CurlHttpLoader::Close() event_for_synchronous_ send the sig
I/CLog    ( 5016): 2017-04-05 11:17:54.391 T:5105   DEBUG: event wait end:0x888c2f60 ,27
I/CLog    ( 5016): 2017-04-05 11:17:54.391 T:5105   DEBUG: network-no request ,waiting begin
D/BluetoothAdapter( 5016): 702016126: getState() :  mService = null. Returning STATE_OFF
D/JOBS    ( 5016): added job id: -2147483580 class: con priority: 1000 delay: 0 group : null persistent: false 
D/JOBS    ( 5016): pool-2-thread-1: load factor check. false = (4 < 4)|| (4 * 3 < 1 + 0). consumer thread: false
D/JOBS    ( 5016): running job con
W/ActivityManager(  878): getTasks: caller 10069 does not hold GET_TASKS; limiting output
D/JOBS    ( 5016): finished job con
I/art     ( 5016): Background partial concurrent mark sweep GC freed 74078(4MB) AllocSpace objects, 47(2MB) LOS objects, 11% free, 125MB/141MB, paused 2.524ms total 157.239ms
I/art     (  878): Explicit concurrent mark sweep GC freed 23193(1046KB) AllocSpace objects, 1(3MB) LOS objects, 33% free, 30MB/45MB, paused 1.450ms total 51.784ms
D/BluetoothAdapter( 5016): 702016126: getState() :  mService = null. Returning STATE_OFF
D/BluetoothAdapter( 5016): 702016126: getState() :  mService = null. Returning STATE_OFF
W/ActivityManager(  878): getTasks: caller 10069 does not hold GET_TASKS; limiting output
D/MediaCodecPlayer( 5016): releaseOutputBuffer drop
D/MediaCodecPlayer( 5016): releaseOutputBuffer drop
D/MediaCodecPlayer( 5016): releaseOutputBuffer drop
D/MediaCodecPlayer( 5016): releaseOutputBuffer drop
D/MediaCodecPlayer( 5016): releaseOutputBuffer drop
D/MediaCodecPlayer( 5016): releaseOutputBuffer drop
D/MediaCodecPlayer( 5016): releaseOutputBuffer drop
D/MediaCodecPlayer( 5016): releaseOutputBuffer drop
D/MediaCodecPlayer( 5016): releaseOutputBuffer drop
D/MediaCodecPlayer( 5016): releaseOutputBuffer drop
D/MediaCodecPlayer( 5016): releaseOutputBuffer drop
I/nativeProcess( 5869): iqiyi message: ==== isProcesssExist: stat=0, errno=88
I/nativeProcess( 5869): iqiyi message: create--runOnSubprocess isProcessExist true
I/nativeProcess( 5869): iqiyi message: ==== do something  executeCmd isProcessExist true =====
D/BluetoothAdapter( 5016): 702016126: getState() :  mService = null. Returning STATE_OFF
D/BluetoothAdapter( 5016): 702016126: getState() :  mService = null. Returning STATE_OFF
W/ActivityManager(  878): getTasks: caller 10069 does not hold GET_TASKS; limiting output
D/BluetoothAdapter( 5016): 702016126: getState() :  mService = null. Returning STATE_OFF
D/IM-PAOPAO( 5016): HeartbeatState sendPingPacket, ThreadName: pool-11-thread-1, IM State: VALID, Ping State: ACTIVE, count: 4
D/IM-PAOPAO( 5016): Connection createQOneCollector, qiyiOneCollector size: 1
D/PROTO   ( 5016): Sent(16): version: "0.1"
D/PROTO   ( 5016): ping <
D/PROTO   ( 5016):   m_id: "usYct-4"
D/PROTO   ( 5016): >
I/CONNECTOR( 5016): Sent(28): [7, 0, 3, 0, 1, 0, 0, 16, 0, -85, -46, 74][10, 3, 48, 46, 49, 50, 9, 10, 7, 117, 115, 89, 99, 116, 45, 52]
W/ActivityManager(  878): getTasks: caller 10069 does not hold GET_TASKS; limiting output
D/BluetoothAdapter( 5016): 702016126: getState() :  mService = null. Returning STATE_OFF
D/CONNECTOR( 5016): Recv(23): r�Z:	
D/CONNECTOR( 5016): usYct-4
D/IM-PAOPAO( 5016): ConnectorReader, processArcane, biz: 3 len: 11
D/PROTO   ( 5016): Recv(11): version: ""
D/PROTO   ( 5016): pong <
D/PROTO   ( 5016):   m_id: "usYct-4"
D/PROTO   ( 5016): >
D/IM-PAOPAO( 5016): ConnState onPingSuccess
D/IM-PAOPAO( 5016): Broadcast sendTo: com.iqiyi.hotchat.connect.ping.success
D/IM-PAOPAO( 5016): Connector, processConnectorPacket callback, packet length: 88
D/IM-PAOPAO( 5016): Connector, processConnectorPacket: 3
D/IM-PAOPAO( 5016): Connector, processQimArcane
D/MediaCodecPlayer( 5016): releaseOutputBuffer drop
D/MediaCodecPlayer( 5016): releaseOutputBuffer drop
D/MediaCodecPlayer( 5016): releaseOutputBuffer drop
D/MediaCodecPlayer( 5016): releaseOutputBuffer drop
D/MediaCodecPlayer( 5016): releaseOutputBuffer drop
D/MediaCodecPlayer( 5016): releaseOutputBuffer drop
D/MediaCodecPlayer( 5016): releaseOutputBuffer drop
D/BluetoothAdapter( 5016): 702016126: getState() :  mService = null. Returning STATE_OFF
D/BluetoothAdapter( 5016): 702016126: getState() :  mService = null. Returning STATE_OFF
W/ActivityManager(  878): getTasks: caller 10069 does not hold GET_TASKS; limiting output
D/MediaCodecPlayer( 5016): releaseOutputBuffer drop
D/MediaCodecPlayer( 5016): releaseOutputBuffer drop
D/MediaCodecPlayer( 5016): releaseOutputBuffer drop
D/MediaCodecPlayer( 5016): releaseOutputBuffer drop
D/BluetoothAdapter( 5016): 702016126: getState() :  mService = null. Returning STATE_OFF
D/BluetoothAdapter( 5016): 702016126: getState() :  mService = null. Returning STATE_OFF
W/ActivityManager(  878): getTasks: caller 10069 does not hold GET_TASKS; limiting output
D/MediaCodecPlayer( 5016): releaseOutputBuffer drop
D/MediaCodecPlayer( 5016): releaseOutputBuffer drop
D/MediaCodecPlayer( 5016): releaseOutputBuffer drop
D/BluetoothAdapter( 5016): 702016126: getState() :  mService = null. Returning STATE_OFF
D/BluetoothAdapter( 5016): 702016126: getState() :  mService = null. Returning STATE_OFF
W/ActivityManager(  878): getTasks: caller 10069 does not hold GET_TASKS; limiting output
E/WifiStateMachine(  878): WifiStateMachine CMD_START_SCAN source -2 txSuccessRate=0.00 rxSuccessRate=0.00 targetRoamBSSID=70:3d:15:7a:6e:c0 RSSI=-63
E/WifiStateMachine(  878): WifiStateMachine starting scan for "qiyi-public(5G)"WPA_PSK with 5765,5805,5745,5825,5785
I/nativeProcess( 5869): iqiyi message: ==== isProcesssExist: stat=0, errno=88
I/nativeProcess( 5869): iqiyi message: create--runOnSubprocess isProcessExist true
I/nativeProcess( 5869): iqiyi message: ==== do something  executeCmd isProcessExist true =====
D/BluetoothAdapter( 5016): 702016126: getState() :  mService = null. Returning STATE_OFF
D/BluetoothAdapter( 5016): 702016126: getState() :  mService = null. Returning STATE_OFF
W/ActivityManager(  878): getTasks: caller 10069 does not hold GET_TASKS; limiting output
D/MediaCodecPlayer( 5016): releaseOutputBuffer drop
D/MediaCodecPlayer( 5016): releaseOutputBuffer drop
D/MediaCodecPlayer( 5016): releaseOutputBuffer drop
D/MediaCodecPlayer( 5016): releaseOutputBuffer drop
D/MediaCodecPlayer( 5016): releaseOutputBuffer drop
D/BluetoothAdapter( 5016): 702016126: getState() :  mService = null. Returning STATE_OFF
D/BluetoothAdapter( 5016): 702016126: getState() :  mService = null. Returning STATE_OFF
W/ActivityManager(  878): getTasks: caller 10069 does not hold GET_TASKS; limiting output
D/MediaCodecPlayer( 5016): releaseOutputBuffer drop
D/MediaCodecPlayer( 5016): releaseOutputBuffer drop
D/MediaCodecPlayer( 5016): releaseOutputBuffer drop
D/MediaCodecPlayer( 5016): releaseOutputBuffer drop
D/MediaCodecPlayer( 5016): releaseOutputBuffer drop
D/MediaCodecPlayer( 5016): releaseOutputBuffer drop
D/MediaCodecPlayer( 5016): releaseOutputBuffer drop
D/MediaCodecPlayer( 5016): releaseOutputBuffer drop
D/MediaCodecPlayer( 5016): releaseOutputBuffer drop
D/BluetoothAdapter( 5016): 702016126: getState() :  mService = null. Returning STATE_OFF
W/ActivityManager(  878): getTasks: caller 10069 does not hold GET_TASKS; limiting output
D/BluetoothAdapter( 5016): 702016126: getState() :  mService = null. Returning STATE_OFF
D/BluetoothAdapter( 5016): 702016126: getState() :  mService = null. Returning STATE_OFF
D/BluetoothAdapter( 5016): 702016126: getState() :  mService = null. Returning STATE_OFF
W/ActivityManager(  878): getTasks: caller 10069 does not hold GET_TASKS; limiting output
D/BluetoothAdapter( 5016): 702016126: getState() :  mService = null. Returning STATE_OFF
D/BluetoothAdapter( 5016): 702016126: getState() :  mService = null. Returning STATE_OFF
W/ActivityManager(  878): getTasks: caller 10069 does not hold GET_TASKS; limiting output
D/MediaCodecPlayer( 5016): releaseOutputBuffer drop
D/MediaCodecPlayer( 5016): releaseOutputBuffer drop
I/nativeProcess( 5869): iqiyi message: ==== isProcesssExist: stat=0, errno=88
I/nativeProcess( 5869): iqiyi message: create--runOnSubprocess isProcessExist true
I/nativeProcess( 5869): iqiyi message: ==== do something  executeCmd isProcessExist true =====
D/MediaCodecPlayer( 5016): releaseOutputBuffer drop
D/MediaCodecPlayer( 5016): releaseOutputBuffer drop
D/MediaCodecPlayer( 5016): releaseOutputBuffer drop
D/MediaCodecPlayer( 5016): releaseOutputBuffer drop
D/MediaCodecPlayer( 5016): releaseOutputBuffer drop
D/MediaCodecPlayer( 5016): releaseOutputBuffer drop
D/MediaCodecPlayer( 5016): releaseOutputBuffer drop
D/BluetoothAdapter( 5016): 702016126: getState() :  mService = null. Returning STATE_OFF
D/BluetoothAdapter( 5016): 702016126: getState() :  mService = null. Returning STATE_OFF
W/ActivityManager(  878): getTasks: caller 10069 does not hold GET_TASKS; limiting output
D/MediaCodecPlayer( 5016): releaseOutputBuffer drop
D/MediaCodecPlayer( 5016): releaseOutputBuffer drop
D/MediaCodecPlayer( 5016): releaseOutputBuffer drop
D/BluetoothAdapter( 5016): 702016126: getState() :  mService = null. Returning STATE_OFF
W/ActivityManager(  878): getTasks: caller 10069 does not hold GET_TASKS; limiting output
D/BluetoothAdapter( 5016): 702016126: getState() :  mService = null. Returning STATE_OFF
D/MediaCodecPlayer( 5016): releaseOutputBuffer drop
D/MediaCodecPlayer( 5016): releaseOutputBuffer drop
D/BluetoothAdapter( 5016): 702016126: getState() :  mService = null. Returning STATE_OFF
