--------- beginning of main
I/System.out( 5244): Qimo.ServiceQimoConfig/getQimoDeviceConfig # 
I/QimoPluginToHost( 5244): ### test can run chromecast 
W/System.err( 5016): java.io.IOException: Error running exec(). Command: [/data/data/com.qiyi.video/lib/libuninstall.so, http://partner.vip.qiyi.com/mobact/feedback/feedback/feedback.html?deviceId=358239054506391&version=8.3&key=b398b8ccbaeacca840073a7ee9b7e7e6&ua=Nexus+5, http://mbdlog.iqiyi.com/g?qyidv2=BB6CD0C4272FABB2C9E5F7E4A89D2500&aqyid=358239054506391_76f6ea0a399cae97_8cZ3aZe3Z5cZfbZd5&v=8.3&t=3&p=GPhone&ua=Nexus+5&ov=5.1.1&k=b398b8ccbaeacca840073a7ee9b7e7e6&ppid=&qyid=358239054506391&net=1, mbdlog.iqiyi.com, /data/data/com.qiyi.video/files/observ.o, /data/data/com.qiyi.video/libuninstall.o, /data/data/com.qiyi.video/lib/, 22] Working Directory: null Environment: null
W/System.err( 5016): 	at java.lang.ProcessManager.exec(ProcessManager.java:211)
W/System.err( 5016): 	at java.lang.Runtime.exec(Runtime.java:173)
W/System.err( 5016): 	at java.lang.Runtime.exec(Runtime.java:246)
W/System.err( 5016): 	at java.lang.Runtime.exec(Runtime.java:189)
W/System.err( 5016): 	at org.qiyi.android.corejar.deliver.uninstall.UninstallObserver.execCmd(SourceFile:69)
W/System.err( 5016): 	at org.qiyi.android.corejar.deliver.uninstall.UninstallObserver.access$100(SourceFile:19)
W/System.err( 5016): 	at org.qiyi.android.corejar.deliver.uninstall.UninstallObserver$1.run(SourceFile:47)
W/System.err( 5016): 	at java.lang.Thread.run(Thread.java:818)
W/System.err( 5016): Caused by: java.io.IOException: No such file or directory
W/System.err( 5016): 	at java.lang.ProcessManager.exec(Native Method)
W/System.err( 5016): 	at java.lang.ProcessManager.exec(ProcessManager.java:209)
W/System.err( 5016): 	... 7 more
I/System.out( 5244): Qimo.ServiceQimoConfig/getQimoDeviceConfig # 
I/QimoPluginToHost( 5244): ### test can run chromecast 
I/ActivityManager(  878): Displayed com.qiyi.video/org.qiyi.android.video.MainActivity: +618ms (total +843ms)
E/QiyiDownloadManager( 5016): bindRemoteDownloadService
I/iqiyi_reader( 5244): 离线中心-书籍列表接口被调用
I/iqiyi_reader( 5244): stringData:org.qiyi.android.plugin.common.commonData.StringData@469f5cc
I/iqiyi_reader( 5244): 离线中心-bookDetailList:[com.qiyi.video.reader.bean.BookDetail@4469f2a]
I/iqiyi_reader( 5244): 离线中心-bookDetailList.size():1
I/iqiyi_reader( 5244): 离线中心-接口调用返回json：{"key_string":"[{\"bookCoverLocalPath\":\"http:\/\/pic4.qiyipic.com\/image\/20170406\/24\/2f\/bk_100043890_r_601_m12.jpg\",\"bookId\":204389239,\"bookName\":\"超级兵王\",\"downloadChapterCount\":0,\"isPreset\":true,\"isUpdate\":false,\"progress\":0}]","actionId":20486}
I/iqiyi_reader( 5244): 离线中心-是否已预置接口被调用
I/iqiyi_reader( 5244): 离线中心-res:[{"bookCoverLocalPath":"http://pic4.qiyipic.com/image/20170406/24/2f/bk_100043890_r_601_m12.jpg","bookId":204389239,"bookName":"超级兵王","downloadChapterCount":0,"isPreset":true,"isUpdate":false,"progress":0}]
I/iqiyi_reader( 5244): 离线中心-接口调用返回json：{"key_string":"false","actionId":20488}
I/iqiyi_reader( 5244): getLastReadingRecord begin
I/iqiyi_reader( 5244): getLastReadingRecord pureTextBookMark == null
D/VerifyHelper( 5016): patch unmodified = true
I/System.out( 5244): Qimo.ServiceQimoConfig/getQimoDeviceConfig # 
I/QimoPluginToHost( 5244): ### test can run chromecast 
D/VerifyHelper( 5016): patch unmodified = true
D/VerifyHelper( 5016): patch unmodified = true
I/IPop    ( 5016): handleProxyPops mInited:true mCanShow:true
W/System.err( 5016): org.qiyi.android.video.c.com2: Cann't found record with tag: LAUNCHER_SDK_TIME_SAVED
W/System.err( 5016): 	at org.qiyi.android.video.c.com1.HN(SourceFile:40)
W/System.err( 5016): 	at org.qiyi.android.video.c.com1.HR(SourceFile:88)
W/System.err( 5016): 	at org.qiyi.video.homepage.d.aux.cvG(SourceFile:67)
W/System.err( 5016): 	at org.qiyi.video.homepage.d.aux.baI(SourceFile:38)
W/System.err( 5016): 	at org.qiyi.video.homepage.f.nul.run(SourceFile:58)
W/System.err( 5016): 	at android.os.Handler.handleCallback(Handler.java:739)
W/System.err( 5016): 	at android.os.Handler.dispatchMessage(Handler.java:95)
W/System.err( 5016): 	at android.os.Looper.loop(Looper.java:135)
W/System.err( 5016): 	at android.app.ActivityThread.main(ActivityThread.java:5254)
W/System.err( 5016): 	at java.lang.reflect.Method.invoke(Native Method)
W/System.err( 5016): 	at java.lang.reflect.Method.invoke(Method.java:372)
W/System.err( 5016): 	at com.android.internal.os.ZygoteInit$MethodAndArgsCaller.run(ZygoteInit.java:903)
W/System.err( 5016): 	at com.android.internal.os.ZygoteInit.main(ZygoteInit.java:698)
D/iqiyi_ads_client( 5016): setSdkStatus(): 
D/iqiyi_ads_client( 5016): setFeedbackLog():
D/iqiyi_ads_client( 5016): onRequestMobileServerSucceeded(): tvId: , playerId: qc_100001_100086, from cache: false, json: {"version":"2.1.11851","sei":"","reqTemplateTypes":["focus"],"reqTimeouts":[7000,7000],"midrollPoints":{},"vipCheckConflict":{},"pbp":{"l":"MTAxLjIyNy4zMi4yNTI=","d":"54000","h":"0","c":"30001","g":"0"},"ims":"100","requestId":"a4ff35501311a4cf95bdc76bb78aa241","adSlots":[{"startTime":0,"ads":[{"creativeId":"5000001029960","clickTracking":{"cupidTracking":["http:\/\/t7z.cupid.iqiyi.com\/track2?a=1&as=1&b=1492407144&c=09ee6aeb72bf24ba0923861236697da3&cv=8.3&d=5000000900975&dr=54000&e=MTAxLjIyNy4zMi4yNTI&f=e2878a7306325ba88ec7e58ee6936805&g=358239054506391&h=&i=qc_100001_100086&iv=0&ivm=0&j=30001&kp=e2878a7306325ba88ec7e58ee6936805&l=b398b8ccbaeacca840073a7ee9b7e7e6&m=Nexus%205&o=0&p=1000000000408&q=5000001029960&r=a4ff35501311a4cf95bdc76bb78aa241&ri=a4ff35501311a4cf95bdc76bb78aa241&rt=1492407144&s=3dc3ec39f5a2321c9e803220bd2ef78e&sv=3.8.005&t=1000000008761&u=1&v=5000000900975&w=1&y=1&z=0"]},"creativeUrl":"","priority":86,"dspType":0,"order":1,"clickThroughType":"67","endTime":1498838400,"clickThroughUrl":"{\"biz_id\":\"7\",\"biz_plugin\":\"com.iqiyi.paopao\",\"biz_params\":{\"biz_sub_id\":\"5\",\"biz_params\":\"\",\"biz_dynamic_params\":\"circle_id=200201847&circle_type=0\",\"biz_extend_params\":\"\",\"biz_statistics\":\"from_type=playpg1&from_subtype=plyfooter&rseat=meta_click\"}}","creativeObject":{"imgUrl":"http:\/\/pic4.qiyipic.com\/common\/20170414\/20426c937df44996af6aecaa6e693ca7.jpg","width":"828","title":"神秘家族林依晨空降泡泡","appIcon":"","appName":"","appleId":"","height":"410","description":""},"templateType":"mobile_focus","creativeType":"image","iqiyiTracking":{"adxTracking":{},"cupidTracking":{"events":[0,1],"params":{"i":"qc_100001_100086","f":"e2878a7306325ba88ec7e58ee6936805","q":"5000001029960","ivm":"0","rt":"1492407144","v":"5000000900975","c":"09ee6aeb72bf24ba0923861236697da3","ri":"a4ff35501311a4cf95bdc76bb78aa241","j":"30001","d":"5000000900975","as":"1","e":"MTAxLjIyNy4zMi4yNTI","t":"1000000008761","m":"Nexus%205","l":"b398b8ccbaeacca840073a7ee9b7e7e6","u":"1","z":"0","y":"1","kp":"e2878a7306325ba88ec7e58ee6936805","g":"358239054506391","sv":"3.8.005","o":"0","dr":"54000","w":"1","cv":"8.3","h":"","iv":"0","p":"1000000000408"}}},"dspId":71000001,"timePosition":"1","adId":"","orderItemId":"5000000900975","impressionTracking":{"cupidTracking":["http:\/\/t7z.cupid.iqiyi.com\/track2?a=0&as=1&b=1492407144&c=09ee6aeb72bf24ba0923861236697da3&cv=8.3&d=5000000900975&dr=54000&e=MTAxLjIyNy4zMi4yNTI&f=e2878a7306325ba88ec7e58ee6936805&g=358239054506391&h=&i=qc_100001_100086&iv=0&ivm=0&j=30001&kp=e2878a7306325ba88ec7e58ee6936805&l=b398b8ccbaeacca840073a7ee9b7e7e6&m=Nexus%205&o=0&p=1000000000408&q=5000001029960&r=a4ff35501311a4cf95bdc76bb78aa241&ri=a4ff35501311a4cf95bdc76bb78aa241&rt=1492407144&s=3dc3ec39f5a2321c9e803220bd2ef78e&sv=3.8.005&t=1000000008761&u=1&v=5000000900975&w=1&y=1&z=0"]},"adExtras":{}}],"duration":0,"emptyTracking":{},"type":0,"slotExtras":{},"adZoneId":"1000000000408"},{"startTime":0,"ads":[{"creativeId":"5000000987701","clickTracking":{"cupidTracking":["http:\/\/t7z.cupid.iqiyi.com\/track2?a=1&as=1&b=1492407144&c=92b6a912325c34e588187bda73da8aed&cv=8.3&d=5000000907456&dr=54000&e=MTAxLjIyNy4zMi4yNTI&f=e2878a7306325ba88ec7e58ee6936805&g=358239054506391&h=&i=qc_100001_100086&iv=0&ivm=0&j=30001&kp=e2878a7306325ba88ec7e58ee6936805&l=b398b8ccbaeacca840073a7ee9b7e7e6&m=Nexus%205&o=0&p=1000000000409&q=5000000987701&r=a4ff35501311a4cf95bdc76bb78aa241&ri=a4ff35501311a4cf95bdc76bb78aa241&rt=1492407144&s=9f93fe2c1cb457730b3d9beac846a617&sv=3.8.005&t=1000000008762&u=1&v=5000000907456&w=1&y=1&z=0"]},"creativeUrl":"","priority":86,"dspType":0,"order":1,"clickThroughType":"11","endTime":1498838400,"clickThroughUrl":"http:\/\/cdn.data.video.iqiyi.com\/cdn\/ppsgame\/20170414\/upload\/unite\/game\/20170414\/rxjh_topcgfree20170417_1.apk","creativeObject":{"imgUrl":"http:\/\/pic2.qiyipic.com\/common\/20170414\/98f733881bf94703b6674e42fc7a92dd.jpg","width":"828","title
D/iqiyi_ads_client( 5016): AdInfo(): dspType:0
D/iqiyi_ads_client( 5016): set ad identifier: a4ff35501311a4cf95bdc76bb78aa24110000000004081
D/iqiyi_ads_client( 5016): AdInfo(): dspType:0
D/iqiyi_ads_client( 5016): set ad identifier: a4ff35501311a4cf95bdc76bb78aa24110000000004091
D/iqiyi_ads_client( 5016): sendPingbackData(): post data:{"u":"358239054506391","a":"358239054506391","y":"qc_100001_100086","vv":"8.3","av":"3.8.005","e":"a4ff35501311a4cf95bdc76bb78aa241","mk":"b398b8ccbaeacca840073a7ee9b7e7e6","nw":"1","ol":0,"s":1492407144001,"l":"MTAxLjIyNy4zMi4yNTI=","d":"54000","c":"30001","h":"0","g":"0","visit":[{"t":["s"]}]}
I/art     ( 5016): Background partial concurrent mark sweep GC freed 81713(4MB) AllocSpace objects, 48(10MB) LOS objects, 10% free, 132MB/148MB, paused 4.172ms total 196.382ms
D/iqiyi_ads_client( 5016): getCupidTrackingUrls(): http://t7z.cupid.iqiyi.com/track2?g=358239054506391&dr=54000&e=MTAxLjIyNy4zMi4yNTI&q=5000001029960&ivm=0&sv=3.8.005&a=1&v=5000000900975&l=b398b8ccbaeacca840073a7ee9b7e7e6&u=1&t=1000000008761&o=0&p=1000000000408&st=0&iv=0&ri=a4ff35501311a4cf95bdc76bb78aa241&y=1&z=0&m=Nexus%205&h=&w=1&rt=1492407144&i=qc_100001_100086&kp=e2878a7306325ba88ec7e58ee6936805&c=09ee6aeb72bf24ba0923861236697da3&cv=8.3&j=30001&d=5000000900975&f=e2878a7306325ba88ec7e58ee6936805&r=a4ff35501311a4cf95bdc76bb78aa241&as=1&b=1492407143&s=76788f0828537d6e3557a759955b1789&ve=1
D/iqiyi_ads_client( 5016): onAdStarted(): adId: 33556231
D/iqiyi_ads_client( 5016): handleAdTrackingEvent(): adId: 33556231, trackingEvent: impression
D/iqiyi_ads_client( 5016): getCupidTrackingUrls(): http://t7z.cupid.iqiyi.com/track2?g=358239054506391&dr=54000&e=MTAxLjIyNy4zMi4yNTI&q=5000001029960&ivm=0&sv=3.8.005&a=0&v=5000000900975&l=b398b8ccbaeacca840073a7ee9b7e7e6&u=1&t=1000000008761&o=0&p=1000000000408&st=0&iv=0&ri=a4ff35501311a4cf95bdc76bb78aa241&y=1&z=0&m=Nexus%205&h=&w=1&rt=1492407144&i=qc_100001_100086&kp=e2878a7306325ba88ec7e58ee6936805&c=09ee6aeb72bf24ba0923861236697da3&cv=8.3&j=30001&d=5000000900975&f=e2878a7306325ba88ec7e58ee6936805&r=a4ff35501311a4cf95bdc76bb78aa241&as=1&b=1492407143&s=26eceae5a04da5f9489531ca77887cb9&ve=1
D/iqiyi_ads_client( 5016): handleEmptyTrackings():
D/iqiyi_ads_client( 5016): handleEmptyTrackings(): no empty tracking.
D/iqiyi_ads_client( 5016): sendPingbackData(): post data:{"u":"358239054506391","a":"358239054506391","y":"qc_100001_100086","vv":"8.3","av":"3.8.005","e":"a4ff35501311a4cf95bdc76bb78aa241","mk":"b398b8ccbaeacca840073a7ee9b7e7e6","nw":"1","ol":0,"s":1492407144003,"l":"MTAxLjIyNy4zMi4yNTI=","d":"54000","c":"30001","h":"0","g":"0","inventory":[{"t":["s"],"oi":"0:n1:1000000001904;0:n1:1000000007047;0:n1:1000000008760;0:n1:1000000008761;0:n1:1000000008762;0:n1:1000000011263;","ri":"0:n1:1000000001904;0:n1:1000000007047;0:n1:1000000008760;0:n1:1000000008761;0:n1:1000000008762;0:n1:1000000011263;","di":"0:n1,86,,:1000000008761;0:n1,86,,:1000000008762;","rid":"a4ff35501311a4cf95bdc76bb78aa241"}]}
D/iqiyi_ads_client( 5016): getCupidTrackingUrls(): http://t7z.cupid.iqiyi.com/track2?g=358239054506391&dr=54000&e=MTAxLjIyNy4zMi4yNTI&q=5000000987701&ivm=0&sv=3.8.005&a=1&v=5000000907456&l=b398b8ccbaeacca840073a7ee9b7e7e6&u=1&t=1000000008762&o=0&p=1000000000409&st=0&iv=0&ri=a4ff35501311a4cf95bdc76bb78aa241&y=1&z=0&m=Nexus%205&h=&w=1&rt=1492407144&i=qc_100001_100086&kp=e2878a7306325ba88ec7e58ee6936805&c=92b6a912325c34e588187bda73da8aed&cv=8.3&j=30001&d=5000000907456&f=e2878a7306325ba88ec7e58ee6936805&r=a4ff35501311a4cf95bdc76bb78aa241&as=1&b=1492407143&s=be5ae454dfc36b4e3a876d9a8444c747&ve=1
D/iqiyi_ads_client( 5016): onAdStarted(): adId: 33556488
D/iqiyi_ads_client( 5016): handleAdTrackingEvent(): adId: 33556488, trackingEvent: impression
D/iqiyi_ads_client( 5016): getCupidTrackingUrls(): http://t7z.cupid.iqiyi.com/track2?g=358239054506391&dr=54000&e=MTAxLjIyNy4zMi4yNTI&q=5000000987701&ivm=0&sv=3.8.005&a=0&v=5000000907456&l=b398b8ccbaeacca840073a7ee9b7e7e6&u=1&t=1000000008762&o=0&p=1000000000409&st=0&iv=0&ri=a4ff35501311a4cf95bdc76bb78aa241&y=1&z=0&m=Nexus%205&h=&w=1&rt=1492407144&i=qc_100001_100086&kp=e2878a7306325ba88ec7e58ee6936805&c=92b6a912325c34e588187bda73da8aed&cv=8.3&j=30001&d=5000000907456&f=e2878a7306325ba88ec7e58ee6936805&r=a4ff35501311a4cf95bdc76bb78aa241&as=1&b=1492407143&s=13aa80e6f8a5cbb340e8a70ff598a4a1&ve=1
D/iqiyi_ads_client( 5016): handleEmptyTrackings():
D/iqiyi_ads_client( 5016): handleEmptyTrackings(): no empty tracking.
D/iqiyi_ads_client( 5016): onTrackingSent():33556231,0,CUPID,15,http://t7z.cupid.iqiyi.com/track2?g=358239054506391&dr=54000&e=MTAxLjIyNy4zMi4yNTI&q=5000001029960&ivm=0&sv=3.8.005&a=0&v=5000000900975&l=b398b8ccbaeacca840073a7ee9b7e7e6&u=1&t=1000000008761&o=0&p=1000000000408&st=0&iv=0&ri=a4ff35501311a4cf95bdc76bb78aa241&y=1&z=0&m=Nexus%205&h=&w=1&rt=1492407144&i=qc_100001_100086&kp=e2878a7306325ba88ec7e58ee6936805&c=09ee6aeb72bf24ba0923861236697da3&cv=8.3&j=30001&d=5000000900975&f=e2878a7306325ba88ec7e58ee6936805&r=a4ff35501311a4cf95bdc76bb78aa241&as=1&b=1492407143&s=26eceae5a04da5f9489531ca77887cb9&ve=1
D/iqiyi_ads_client( 5016): sendPingbackData(): post data:{"u":"358239054506391","a":"358239054506391","y":"qc_100001_100086","vv":"8.3","av":"3.8.005","e":"a4ff35501311a4cf95bdc76bb78aa241","mk":"b398b8ccbaeacca840073a7ee9b7e7e6","nw":"1","ol":0,"s":1492407144020,"l":"MTAxLjIyNy4zMi4yNTI=","d":"54000","c":"30001","h":"0","g":"0","tracking":[{"t":["s"],"rd":15,"rc":-1,"ai":"0||71000001||5000000900975||5000001029960||mobile_focus","rid":"a4ff35501311a4cf95bdc76bb78aa241"}]}
D/iqiyi_ads_client( 5016): onTrackingSent():33556488,0,CUPID,19,http://t7z.cupid.iqiyi.com/track2?g=358239054506391&dr=54000&e=MTAxLjIyNy4zMi4yNTI&q=5000000987701&ivm=0&sv=3.8.005&a=0&v=5000000907456&l=b398b8ccbaeacca840073a7ee9b7e7e6&u=1&t=1000000008762&o=0&p=1000000000409&st=0&iv=0&ri=a4ff35501311a4cf95bdc76bb78aa241&y=1&z=0&m=Nexus%205&h=&w=1&rt=1492407144&i=qc_100001_100086&kp=e2878a7306325ba88ec7e58ee6936805&c=92b6a912325c34e588187bda73da8aed&cv=8.3&j=30001&d=5000000907456&f=e2878a7306325ba88ec7e58ee6936805&r=a4ff35501311a4cf95bdc76bb78aa241&as=1&b=1492407143&s=13aa80e6f8a5cbb340e8a70ff598a4a1&ve=1
D/iqiyi_ads_client( 5016): sendPingbackData(): post data:{"u":"358239054506391","a":"358239054506391","y":"qc_100001_100086","vv":"8.3","av":"3.8.005","e":"a4ff35501311a4cf95bdc76bb78aa241","mk":"b398b8ccbaeacca840073a7ee9b7e7e6","nw":"1","ol":0,"s":1492407144025,"l":"MTAxLjIyNy4zMi4yNTI=","d":"54000","c":"30001","h":"0","g":"0","tracking":[{"t":["s"],"rd":19,"rc":-1,"ai":"0||71000001||5000000907456||5000000987701||mobile_focus","rid":"a4ff35501311a4cf95bdc76bb78aa241"}]}
D/iqiyi_ads_client( 5016): AdsClient(): uaaUserId: 358239054506391, appVersion: 8.3, cupidUserId: 358239054506391, mobileKey: b398b8ccbaeacca840073a7ee9b7e7e6
E/QiyiDownloadManager( 5016): onDownloadServiceConnected
E/QiyiDownloadManager( 5016): notifyProcessDied = 0
W/System.err( 5016): org.json.JSONException: End of input at character 0 of 
W/System.err( 5016): 	at org.json.JSONTokener.syntaxError(JSONTokener.java:450)
W/System.err( 5016): 	at org.json.JSONTokener.nextValue(JSONTokener.java:97)
W/System.err( 5016): 	at org.json.JSONObject.<init>(JSONObject.java:156)
W/System.err( 5016): 	at org.json.JSONObject.<init>(JSONObject.java:173)
W/System.err( 5016): 	at com.qiyi.qyhotfix.b.aux.a(SourceFile:263)
W/System.err( 5016): 	at com.qiyi.qyhotfix.b.aux.b(SourceFile:42)
W/System.err( 5016): 	at com.qiyi.qyhotfix.b.nul.run(SourceFile:227)
W/System.err( 5016): 	at java.lang.Thread.run(Thread.java:818)
D/GlobalPush( 5842): [PushService] +++ request +++
D/GlobalPush( 5842): [PushService] what:1007
E/LogRecoder( 5016): 初始化
D/IM_PS   ( 5871): [DaemonReceiver] onReceive
D/IM-PAOPAO( 5016): HCSDK initConnector, versionName: v2.2.25 buildDate: 2017-0324-1430
E/LogRecoder( 5871): 请先初始化 log = [DaemonReceiver] onReceive
D/IM_PS   ( 5871): [PushServiceManager] initDaemonCfgInfo
E/LogRecoder( 5871): 请先初始化 log = [PushServiceManager] initDaemonCfgInfo
D/IM_PS   ( 5871): [DaemonStrategy23] sendBroadcastByAmsBinder
E/LogRecoder( 5871): 请先初始化 log = [DaemonStrategy23] sendBroadcastByAmsBinder
D/IM      ( 5871): HCSDK initConnector, versionName: v2.2.25 buildDate: 2017-0324-1430
D/JOBS    ( 5016): added job id: -2147483606 class: con priority: 1000 delay: 0 group : null persistent: false 
D/JOBS    ( 5016): pool-2-thread-1: load factor check. false = (4 < 4)|| (4 * 3 < 1 + 0). consumer thread: false
D/JOBS    ( 5016): running job con
D/JOBS    ( 5016): finished job con
E/LogRecoder( 5842): 初始化
I/System.out( 5244): Qimo.ServiceQimoConfig/getQimoDeviceConfig # 
I/QimoPluginToHost( 5244): ### test can run chromecast 
--------- beginning of system
W/ActivityManager(  878): getTasks: caller 10069 does not hold GET_TASKS; limiting output
D/WifiService(  878): acquireWifiLockLocked: WifiLock{qiyi_download type=1 binder=android.os.BinderProxy@219d2e41}
V/WindowManager(  878): Adding window Window{32492927 u0 PopupWindow:1a268f4d} at 4 of 10 (after Window{73c190c u0 com.qiyi.video/org.qiyi.android.video.MainActivity})
D/WifiService(  878): releaseWifiLockLocked: WifiLock{qiyi_download type=1 binder=android.os.BinderProxy@219d2e41}
W/ActivityManager(  878): getTasks: caller 10069 does not hold GET_TASKS; limiting output
E/WifiStateMachine(  878): WifiStateMachine CMD_START_SCAN source 10069 txSuccessRate=0.00 rxSuccessRate=0.00 targetRoamBSSID=70:3d:15:7a:6e:c0 RSSI=-64
E/WifiStateMachine(  878): WifiStateMachine CMD_START_SCAN source -2 txSuccessRate=0.00 rxSuccessRate=0.00 targetRoamBSSID=70:3d:15:7a:6e:c0 RSSI=-64
E/WifiStateMachine(  878): WifiStateMachine starting scan for "qiyi-public(5G)"WPA_PSK with 5765,5805,5745,5825,5785
W/ActivityManager(  878): getTasks: caller 10069 does not hold GET_TASKS; limiting output
I/nativeProcess( 5869): iqiyi message: ==== isProcesssExist: stat=0, errno=88
I/nativeProcess( 5869): iqiyi message: create--runOnSubprocess isProcessExist true
I/nativeProcess( 5869): iqiyi message: ==== do something  executeCmd isProcessExist true =====
W/ActivityManager(  878): getTasks: caller 10069 does not hold GET_TASKS; limiting output
W/ActivityManager(  878): getTasks: caller 10069 does not hold GET_TASKS; limiting output
W/ActivityManager(  878): getTasks: caller 10069 does not hold GET_TASKS; limiting output
W/ActivityManager(  878): getTasks: caller 10069 does not hold GET_TASKS; limiting output
W/ActivityManager(  878): getTasks: caller 10069 does not hold GET_TASKS; limiting output
I/nativeProcess( 5869): iqiyi message: ==== isProcesssExist: stat=0, errno=88
I/nativeProcess( 5869): iqiyi message: create--runOnSubprocess isProcessExist true
I/nativeProcess( 5869): iqiyi message: ==== do something  executeCmd isProcessExist true =====
W/ActivityManager(  878): getTasks: caller 10069 does not hold GET_TASKS; limiting output
W/CronetSyncConnectionRcs( 1597): Upload content type not set.
W/ActivityManager(  878): getTasks: caller 10069 does not hold GET_TASKS; limiting output
W/ActivityManager(  878): getTasks: caller 10069 does not hold GET_TASKS; limiting output
W/ActivityManager(  878): getTasks: caller 10069 does not hold GET_TASKS; limiting output
I/nativeProcess( 5869): iqiyi message: ==== isProcesssExist: stat=0, errno=88
I/nativeProcess( 5869): iqiyi message: create--runOnSubprocess isProcessExist true
I/nativeProcess( 5869): iqiyi message: ==== do something  executeCmd isProcessExist true =====
W/ActivityManager(  878): getTasks: caller 10069 does not hold GET_TASKS; limiting output
W/ActivityManager(  878): getTasks: caller 10069 does not hold GET_TASKS; limiting output
I/art     ( 5016): Background partial concurrent mark sweep GC freed 132365(7MB) AllocSpace objects, 170(32MB) LOS objects, 12% free, 111MB/127MB, paused 1.458ms total 146.979ms
W/ActivityManager(  878): getTasks: caller 10069 does not hold GET_TASKS; limiting output
D/JOBS    ( 5244): Thread-313: load factor check. true = (2 < 4)|| (2 * 3 < 0 + 0). consumer thread: true
D/JOBS    ( 5244): didn't allow me to die, re-running Thread-313
D/JOBS    ( 5244): re-running consumer Thread-313
D/JOBS    ( 5244): sdcard-scan: load factor check. true = (2 < 4)|| (2 * 3 < 0 + 0). consumer thread: true
D/JOBS    ( 5244): didn't allow me to die, re-running sdcard-scan
D/JOBS    ( 5244): re-running consumer sdcard-scan
D/JOBS    ( 5244): sdcard-scan: load factor check. true = (2 < 4)|| (2 * 3 < 0 + 0). consumer thread: true
D/JOBS    ( 5244): didn't allow me to die, re-running sdcard-scan
D/JOBS    ( 5244): re-running consumer sdcard-scan
W/ActivityManager(  878): getTasks: caller 10069 does not hold GET_TASKS; limiting output
W/ActivityManager(  878): getTasks: caller 10069 does not hold GET_TASKS; limiting output
I/nativeProcess( 5869): iqiyi message: ==== isProcesssExist: stat=0, errno=88
I/nativeProcess( 5869): iqiyi message: create--runOnSubprocess isProcessExist true
I/nativeProcess( 5869): iqiyi message: ==== do something  executeCmd isProcessExist true =====
W/ActivityManager(  878): getTasks: caller 10069 does not hold GET_TASKS; limiting output
V/NativeCrypto( 2012): SSL shutdown failed: ssl=0xaeca5f60: Failure in SSL library, usually a protocol error
V/NativeCrypto( 2012): error:100000fa:SSL routines:OPENSSL_internal:SHUTDOWN_WHILE_IN_INIT (third_party/openssl/boringssl/src/ssl/ssl_lib.c:788 0xb359354c:0x00000000)
D/ConnectivityService(  878): reportBadNetwork(NetworkAgentInfo [WIFI () - 100]) by 10009
D/NetworkMonitor/NetworkAgentInfo [WIFI () - 100](  878): ValidatedState{ when=-1ms what=532488 arg1=10009 target=com.android.internal.util.StateMachine$SmHandler }
D/NetworkMonitor/NetworkAgentInfo [WIFI () - 100](  878): DefaultState{ when=-1ms what=532488 arg1=10009 target=com.android.internal.util.StateMachine$SmHandler }
D/NetworkMonitor/NetworkAgentInfo [WIFI () - 100](  878): Forcing reevaluation
D/NetworkMonitor/NetworkAgentInfo [WIFI () - 100](  878): EvaluatingState{ when=0 what=532486 arg1=7 target=com.android.internal.util.StateMachine$SmHandler }
D/NetworkMonitor/NetworkAgentInfo [WIFI () - 100](  878): Checking http://connectivitycheck.android.com/generate_204 on "qiyi-public(5G)"
D/NetworkMonitor/NetworkAgentInfo [WIFI () - 100](  878): isCaptivePortal: ret=204 headers={null=[HTTP/1.1 204 No Content], Content-Length=[0], Date=[Mon, 17 Apr 2017 05:32:44 GMT], X-Android-Received-Millis=[1491362157465], X-Android-Response-Source=[NETWORK 204], X-Android-Sent-Millis=[1491362157400]}
D/NetworkMonitor/NetworkAgentInfo [WIFI () - 100](  878): Validated
D/ConnectivityService(  878): setProvNotificationVisibleIntent: E visible=false networkType=0 extraInfo=null
D/ConnectivityService(  878): Validated NetworkAgentInfo [WIFI () - 100]
W/Herrevad( 2320): [209] six.b: Invalid mccmnc 
W/Herrevad( 2320): [209] six.b: Invalid mccmnc 
W/ActivityManager(  878): getTasks: caller 10069 does not hold GET_TASKS; limiting output
W/ActivityManager(  878): getTasks: caller 10069 does not hold GET_TASKS; limiting output
W/ActivityManager(  878): getTasks: caller 10069 does not hold GET_TASKS; limiting output
W/ActivityManager(  878): getTasks: caller 10069 does not hold GET_TASKS; limiting output
E/WifiStateMachine(  878): WifiStateMachine CMD_START_SCAN source -2 txSuccessRate=0.00 rxSuccessRate=0.00 targetRoamBSSID=70:3d:15:7a:6e:c0 RSSI=-64
E/WifiStateMachine(  878): WifiStateMachine starting scan for "qiyi-public(5G)"WPA_PSK with 5765,5805,5745,5825,5785
I/nativeProcess( 5869): iqiyi message: ==== isProcesssExist: stat=0, errno=88
I/nativeProcess( 5869): iqiyi message: create--runOnSubprocess isProcessExist true
I/nativeProcess( 5869): iqiyi message: ==== do something  executeCmd isProcessExist true =====
W/ActivityManager(  878): getTasks: caller 10069 does not hold GET_TASKS; limiting output
W/ActivityManager(  878): getTasks: caller 10069 does not hold GET_TASKS; limiting output
W/ActivityManager(  878): getTasks: caller 10069 does not hold GET_TASKS; limiting output
W/ActivityManager(  878): getTasks: caller 10069 does not hold GET_TASKS; limiting output
W/ActivityManager(  878): getTasks: caller 10069 does not hold GET_TASKS; limiting output
I/nativeProcess( 5869): iqiyi message: ==== isProcesssExist: stat=0, errno=88
I/nativeProcess( 5869): iqiyi message: create--runOnSubprocess isProcessExist true
I/nativeProcess( 5869): iqiyi message: ==== do something  executeCmd isProcessExist true =====
W/ActivityManager(  878): getTasks: caller 10069 does not hold GET_TASKS; limiting output
W/EventLoggerService( 1597): Unable to send logs Error code: 65580 | Error code: 655362
W/ActivityManager(  878): getTasks: caller 10069 does not hold GET_TASKS; limiting output
W/ActivityManager(  878): getTasks: caller 10069 does not hold GET_TASKS; limiting output
I/ActivityManager(  878): START u0 {cmp=com.qiyi.video/org.qiyi.android.search.view.PhoneSearchActivity (has extras)} from uid 10069 on display 0
V/WindowManager(  878): addAppToken: AppWindowToken{13789670 token=Token{3413d0b3 ActivityRecord{34384e22 u0 com.qiyi.video/org.qiyi.android.search.view.PhoneSearchActivity t395}}} to stack=1 task=395 at 1
D/iqiyi_ads_client( 5016): flushCupidPingback():
D/iqiyi_ads_client( 5016): flushCupidPingback():
D/audio_hw_primary(  188): out_set_parameters: enter: usecase(1: low-latency-playback) kvpairs: routing=2
D/audio_hw_primary(  188): select_devices: out_snd_device(2: speaker) in_snd_device(0: none)
D/msm8974_platform(  188): platform_send_audio_calibration: sending audio calibration for snd_device(2) acdb_id(15)
D/audio_hw_primary(  188): enable_snd_device: snd_device(2: speaker)
D/audio_hw_primary(  188): enable_audio_route: apply and update mixer path: low-latency-playback
D/iqiyi_ads_client( 5016): AdsClient(): uaaUserId: 358239054506391, appVersion: 8.3, cupidUserId: 358239054506391, mobileKey: b398b8ccbaeacca840073a7ee9b7e7e6
E/SQLiteLog( 5016): (1) no such table: hw_tbl
W/System.err( 5016): android.database.sqlite.SQLiteException: no such table: hw_tbl (code 1): , while compiling: SELECT DISTINCT blob FROM hw_tbl WHERE id=1 and date(create_time) = '2017-04-05'
W/System.err( 5016): 	at android.database.sqlite.SQLiteConnection.nativePrepareStatement(Native Method)
W/System.err( 5016): 	at android.database.sqlite.SQLiteConnection.acquirePreparedStatement(SQLiteConnection.java:889)
W/System.err( 5016): 	at android.database.sqlite.SQLiteConnection.prepare(SQLiteConnection.java:500)
W/System.err( 5016): 	at android.database.sqlite.SQLiteSession.prepare(SQLiteSession.java:588)
W/System.err( 5016): 	at android.database.sqlite.SQLiteProgram.<init>(SQLiteProgram.java:58)
W/System.err( 5016): 	at android.database.sqlite.SQLiteQuery.<init>(SQLiteQuery.java:37)
W/System.err( 5016): 	at android.database.sqlite.SQLiteDirectCursorDriver.query(SQLiteDirectCursorDriver.java:44)
W/System.err( 5016): 	at android.database.sqlite.SQLiteDatabase.rawQueryWithFactory(SQLiteDatabase.java:1316)
W/System.err( 5016): 	at android.database.sqlite.SQLiteDatabase.queryWithFactory(SQLiteDatabase.java:1163)
W/System.err( 5016): 	at android.database.sqlite.SQLiteDatabase.query(SQLiteDatabase.java:1034)
W/System.err( 5016): 	at org.qiyi.basecore.db.com2.query(SourceFile:299)
W/System.err( 5016): 	at org.qiyi.basecore.db.QiyiContentProvider.query(SourceFile:78)
W/System.err( 5016): 	at android.content.ContentProvider.query(ContentProvider.java:966)
W/System.err( 5016): 	at android.content.ContentProvider$Transport.query(ContentProvider.java:211)
W/System.err( 5016): 	at android.content.ContentResolver.query(ContentResolver.java:478)
W/System.err( 5016): 	at android.content.ContentResolver.query(ContentResolver.java:422)
W/System.err( 5016): 	at org.qiyi.android.search.c.a.a.aux.FO(SourceFile:59)
W/System.err( 5016): 	at org.qiyi.android.search.c.a.prn.doInBackground(SourceFile:24)
W/System.err( 5016): 	at org.qiyi.basecore.db.aux.process(SourceFile:23)
W/System.err( 5016): 	at org.qiyi.basecore.db.nul.run(SourceFile:56)
V/WindowManager(  878): Adding window Window{2db12a6e u0 com.qiyi.video/org.qiyi.android.search.view.PhoneSearchActivity} at 4 of 10 (after Window{73c190c u0 com.qiyi.video/org.qiyi.android.video.MainActivity})
I/ActivityManager(  878): Displayed com.qiyi.video/org.qiyi.android.search.view.PhoneSearchActivity: +179ms
E/SQLiteLog( 5016): (1) no such table: hw_tbl
W/System.err( 5016): android.database.sqlite.SQLiteException: no such table: hw_tbl (code 1): , while compiling: UPDATE hw_tbl SET blob=?,id=?,create_time=? WHERE id=1
W/System.err( 5016): 	at android.database.sqlite.SQLiteConnection.nativePrepareStatement(Native Method)
W/System.err( 5016): 	at android.database.sqlite.SQLiteConnection.acquirePreparedStatement(SQLiteConnection.java:889)
W/System.err( 5016): 	at android.database.sqlite.SQLiteConnection.prepare(SQLiteConnection.java:500)
W/System.err( 5016): 	at android.database.sqlite.SQLiteSession.prepare(SQLiteSession.java:588)
W/System.err( 5016): 	at android.database.sqlite.SQLiteProgram.<init>(SQLiteProgram.java:58)
W/System.err( 5016): 	at android.database.sqlite.SQLiteStatement.<init>(SQLiteStatement.java:31)
W/System.err( 5016): 	at android.database.sqlite.SQLiteDatabase.updateWithOnConflict(SQLiteDatabase.java:1574)
W/System.err( 5016): 	at android.database.sqlite.SQLiteDatabase.update(SQLiteDatabase.java:1522)
W/System.err( 5016): 	at org.qiyi.basecore.db.com2.update(SourceFile:270)
W/System.err( 5016): 	at org.qiyi.basecore.db.QiyiContentProvider.update(SourceFile:134)
W/System.err( 5016): 	at org.qiyi.basecore.db.QiyiContentProvider.insert(SourceFile:99)
W/System.err( 5016): 	at android.content.ContentProvider$Transport.insert(ContentProvider.java:236)
W/System.err( 5016): 	at android.content.ContentResolver.insert(ContentResolver.java:1207)
W/System.err( 5016): 	at org.qiyi.android.search.c.a.a.aux.a(SourceFile:94)
W/System.err( 5016): 	at org.qiyi.android.search.c.a.com2.doInBackground(SourceFile:20)
W/System.err( 5016): 	at org.qiyi.basecore.db.aux.process(SourceFile:23)
W/System.err( 5016): 	at org.qiyi.basecore.db.nul.run(SourceFile:56)
E/SQLiteLog( 5016): (1) no such table: hw_tbl
W/System.err( 5016): android.database.sqlite.SQLiteException: no such table: hw_tbl (code 1): , while compiling: INSERT OR REPLACE  INTO hw_tbl(blob,id,create_time) VALUES (?,?,?)
W/System.err( 5016): 	at android.database.sqlite.SQLiteConnection.nativePrepareStatement(Native Method)
W/System.err( 5016): 	at android.database.sqlite.SQLiteConnection.acquirePreparedStatement(SQLiteConnection.java:889)
W/System.err( 5016): 	at android.database.sqlite.SQLiteConnection.prepare(SQLiteConnection.java:500)
W/System.err( 5016): 	at android.database.sqlite.SQLiteSession.prepare(SQLiteSession.java:588)
W/System.err( 5016): 	at android.database.sqlite.SQLiteProgram.<init>(SQLiteProgram.java:58)
W/System.err( 5016): 	at android.database.sqlite.SQLiteStatement.<init>(SQLiteStatement.java:31)
W/System.err( 5016): 	at android.database.sqlite.SQLiteDatabase.insertWithOnConflict(SQLiteDatabase.java:1469)
W/System.err( 5016): 	at org.qiyi.basecore.db.com2.insert(SourceFile:254)
W/System.err( 5016): 	at org.qiyi.basecore.db.QiyiContentProvider.insert(SourceFile:103)
W/System.err( 5016): 	at android.content.ContentProvider$Transport.insert(ContentProvider.java:236)
W/System.err( 5016): 	at android.content.ContentResolver.insert(ContentResolver.java:1207)
W/System.err( 5016): 	at org.qiyi.android.search.c.a.a.aux.a(SourceFile:94)
W/System.err( 5016): 	at org.qiyi.android.search.c.a.com2.doInBackground(SourceFile:20)
W/System.err( 5016): 	at org.qiyi.basecore.db.aux.process(SourceFile:23)
W/System.err( 5016): 	at org.qiyi.basecore.db.nul.run(SourceFile:56)
E/HttpLog ( 5016): [474] nul.Z: parseNetworkResponse JSONException:End of input at character 0 of 
W/ActivityManager(  878): getTasks: caller 10069 does not hold GET_TASKS; limiting output
W/ActivityManager(  878): getTasks: caller 10069 does not hold GET_TASKS; limiting output
I/nativeProcess( 5869): iqiyi message: ==== isProcesssExist: stat=0, errno=88
I/nativeProcess( 5869): iqiyi message: create--runOnSubprocess isProcessExist true
I/nativeProcess( 5869): iqiyi message: ==== do something  executeCmd isProcessExist true =====
W/ActivityManager(  878): getTasks: caller 10069 does not hold GET_TASKS; limiting output
D/audio_hw_primary(  188): disable_audio_route: reset and update mixer path: low-latency-playback
D/audio_hw_primary(  188): disable_snd_device: snd_device(2: speaker)
W/ActivityManager(  878): getTasks: caller 10069 does not hold GET_TASKS; limiting output
W/ActivityManager(  878): getTasks: caller 10069 does not hold GET_TASKS; limiting output
W/ActivityManager(  878): getTasks: caller 10069 does not hold GET_TASKS; limiting output
W/ActivityManager(  878): getTasks: caller 10069 does not hold GET_TASKS; limiting output
I/nativeProcess( 5869): iqiyi message: ==== isProcesssExist: stat=0, errno=88
I/nativeProcess( 5869): iqiyi message: create--runOnSubprocess isProcessExist true
I/nativeProcess( 5869): iqiyi message: ==== do something  executeCmd isProcessExist true =====
W/ActivityManager(  878): getTasks: caller 10069 does not hold GET_TASKS; limiting output
W/ActivityManager(  878): getTasks: caller 10069 does not hold GET_TASKS; limiting output
W/ActivityManager(  878): getTasks: caller 10069 does not hold GET_TASKS; limiting output
D/JOBS    ( 5016): sdcard-scan: load factor check. true = (3 < 4)|| (3 * 3 < 0 + 0). consumer thread: true
D/JOBS    ( 5016): didn't allow me to die, re-running sdcard-scan
D/JOBS    ( 5016): re-running consumer sdcard-scan
D/JOBS    ( 5016): sdcard-scan: load factor check. true = (3 < 4)|| (3 * 3 < 0 + 0). consumer thread: true
D/JOBS    ( 5016): didn't allow me to die, re-running sdcard-scan
D/JOBS    ( 5016): re-running consumer sdcard-scan
I/PlayCommon( 3573): [213] com.google.android.play.a.g.e(940): Preparing logs for uploading
W/PlayCommon( 3573): [213] com.google.android.play.a.g.a(1247): No account for auth token provided
I/PlayCommon( 3573): [213] com.google.android.play.a.g.a(1043): Connecting to server: https://play.googleapis.com/play/log?format=raw&proto_v2=true
W/ActivityManager(  878): getTasks: caller 10069 does not hold GET_TASKS; limiting output
D/audio_hw_primary(  188): out_set_parameters: enter: usecase(1: low-latency-playback) kvpairs: routing=2
D/audio_hw_primary(  188): select_devices: out_snd_device(2: speaker) in_snd_device(0: none)
D/msm8974_platform(  188): platform_send_audio_calibration: sending audio calibration for snd_device(2) acdb_id(15)
D/audio_hw_primary(  188): enable_snd_device: snd_device(2: speaker)
D/audio_hw_primary(  188): enable_audio_route: apply and update mixer path: low-latency-playback
V/WindowManager(  878): not Base app: Adding window Window{47483d2 u0 com.qiyi.video/org.qiyi.android.search.view.PhoneSearchActivity} at 5 of 11
E/WifiStateMachine(  878): WifiStateMachine CMD_START_SCAN source -2 txSuccessRate=0.00 rxSuccessRate=0.00 targetRoamBSSID=70:3d:15:7a:6e:c0 RSSI=-64
E/WifiStateMachine(  878): WifiStateMachine starting scan for "qiyi-public(5G)"WPA_PSK with 5765,5805,5745,5825,5785
W/InputMethodManagerService(  878): Window already focused, ignoring focus gain of: com.android.internal.view.IInputMethodClient$Stub$Proxy@f930fff attribute=android.view.inputmethod.EditorInfo@eb7b1cc, token = android.os.BinderProxy@12ce5de9
W/ActivityManager(  878): getTasks: caller 10069 does not hold GET_TASKS; limiting output
I/nativeProcess( 5869): iqiyi message: ==== isProcesssExist: stat=0, errno=88
I/nativeProcess( 5869): iqiyi message: create--runOnSubprocess isProcessExist true
I/nativeProcess( 5869): iqiyi message: ==== do something  executeCmd isProcessExist true =====
D/audio_hw_primary(  188): out_set_parameters: enter: usecase(1: low-latency-playback) kvpairs: routing=2
I/ActivityManager(  878): START u0 {cmp=com.qiyi.video/org.iqiyi.video.activity.PlayerActivity (has extras)} from uid 10069 on display 0
V/WindowManager(  878): addAppToken: AppWindowToken{612ad1b token=Token{3940bb2a ActivityRecord{c2b0c15 u0 com.qiyi.video/org.iqiyi.video.activity.PlayerActivity t395}}} to stack=1 task=395 at 2
D/iqiyi_ads_client( 5016): flushCupidPingback():
V/WindowManager(  878): Adding window Window{37d00cd0 u0 com.qiyi.video/org.iqiyi.video.activity.PlayerActivity} at 5 of 11 (after Window{2db12a6e u0 com.qiyi.video/org.qiyi.android.search.view.PhoneSearchActivity})
D/Cupid005( 5016): SetMemberStatus(): vip:0
I/CLog    ( 5016): 2017-04-05 11:16:21.705 T:7281   DEBUG: [CUPID]void CUPID::SetMemberStatus(const CUPID::CupidMemberParam&)(): is vip: 0, passport id: , passport cookie:
V/CLog    ( 5016): NativeMediaPlayer:-2025869312
V/CLog    ( 5016): NativeMediaPlayerCallbackBridge: com.iqiyi.player.qyplayer.PumaPlayer@2218fe5e
D/Cupid005( 5016): InitCupidEpisode()
I/CLog    ( 5016): 2017-04-05 11:16:21.709 T:5016   DEBUG: [CUPID]CUPID::Context::Context(uint32, const CUPID::CupidEpisodeParam&)(): video event id: 3c57863e3493712d733cd5131a920d33, page type: 0, playback scene: 1, user type: 0, is offline video: 1, is vip video: 0
I/CLog    ( 5016): 2017-04-05 11:16:21.709 T:5016   DEBUG: [CUPID]CUPID::Context::Context(uint32, const CUPID::CupidEpisodeParam&)(): is downloading: 0, episode id: 641851900, video start offset: 2881000, video definition: 2, play source: 0, last video timestamp: 1491362137000, is preview: 0, play action: 0, play mode: 0
I/CLog    ( 5016): 2017-04-05 11:16:21.709 T:5016   DEBUG: [CUPID]CUPID::VideoController::VideoController(uint32)(): provider address: 0x956419b0
D/Cupid005( 5016): RegisterJsonDelegate(): vv id: 67108864, slot type: 0
I/CLog    ( 5016): 2017-04-05 11:16:21.709 T:5016   DEBUG: jniRegisterJsonDelegate: 67108864, 0, delegate: 0x88834c30
I/CLog    ( 5016): 2017-04-05 11:16:21.710 T:5016   DEBUG: [CUPID]void CUPID::RegisterJsonDelegate(uint32, SlotType, CUPID::IAdJsonDelegate*)(): vv id: 67108864, slot type: 0, delegate: 0x0x88834c30
D/Cupid005( 5016): registerObjectAppDelegate(): vv id: 67108864, slot type: 1
I/CLog    ( 5016): 2017-04-05 11:16:21.710 T:5016   DEBUG: jniRegisterObjectAppDelegate: 67108864, 1, delegate: 0x88834c40
I/CLog    ( 5016): 2017-04-05 11:16:21.710 T:5016   DEBUG: [CUPID]void CUPID::RegisterObjectAppDelegate(uint32, SlotType, CUPID::IAdObjectAppDelegate*)(): vv id: 67108864, slot type: 1, delegate: 0x0x88834c40
D/Cupid005( 5016): registerObjectAppDelegate(): vv id: 67108864, slot type: 2
I/CLog    ( 5016): 2017-04-05 11:16:21.710 T:5016   DEBUG: jniRegisterObjectAppDelegate: 67108864, 2, delegate: 0x88834c50
I/CLog    ( 5016): 2017-04-05 11:16:21.710 T:5016   DEBUG: [CUPID]void CUPID::RegisterObjectAppDelegate(uint32, SlotType, CUPID::IAdObjectAppDelegate*)(): vv id: 67108864, slot type: 2, delegate: 0x0x88834c50
D/Cupid005( 5016): registerObjectAppDelegate(): vv id: 67108864, slot type: 3
I/CLog    ( 5016): 2017-04-05 11:16:21.710 T:5016   DEBUG: jniRegisterObjectAppDelegate: 67108864, 3, delegate: 0x88834c60
I/CLog    ( 5016): 2017-04-05 11:16:21.710 T:5016   DEBUG: [CUPID]void CUPID::RegisterObjectAppDelegate(uint32, SlotType, CUPID::IAdObjectAppDelegate*)(): vv id: 67108864, slot type: 3, delegate: 0x0x88834c60
D/Cupid005( 5016): RegisterJsonDelegate(): vv id: 67108864, slot type: 4
I/CLog    ( 5016): 2017-04-05 11:16:21.710 T:5016   DEBUG: jniRegisterJsonDelegate: 67108864, 4, delegate: 0x88834c70
I/CLog    ( 5016): 2017-04-05 11:16:21.710 T:5016   DEBUG: [CUPID]void CUPID::RegisterJsonDelegate(uint32, SlotType, CUPID::IAdJsonDelegate*)(): vv id: 67108864, slot type: 4, delegate: 0x0x88834c70
D/Cupid005( 5016): RegisterJsonDelegate(): vv id: 67108864, slot type: 5
I/CLog    ( 5016): 2017-04-05 11:16:21.711 T:5016   DEBUG: jniRegisterJsonDelegate: 67108864, 5, delegate: 0x88834c90
I/CLog    ( 5016): 2017-04-05 11:16:21.711 T:5016   DEBUG: [CUPID]void CUPID::RegisterJsonDelegate(uint32, SlotType, CUPID::IAdJsonDelegate*)(): vv id: 67108864, slot type: 5, delegate: 0x0x88834c90
D/Cupid005( 5016): RegisterJsonDelegate(): vv id: 67108864, slot type: 6
I/CLog    ( 5016): 2017-04-05 11:16:21.711 T:5016   DEBUG: jniRegisterJsonDelegate: 67108864, 6, delegate: 0x88834ca0
I/CLog    ( 5016): 2017-04-05 11:16:21.711 T:5016   DEBUG: [CUPID]void CUPID::RegisterJsonDelegate(uint32, SlotType, CUPID::IAdJsonDelegate*)(): vv id: 67108864, slot type: 6, delegate: 0x0x88834ca0
D/CLog    ( 5016): AudioManager SetEndPoint: Speaker true
V/CLog    ( 5016): jni attaching current thread
W/art     ( 5016): Attempt to remove local handle scope entry from IRT, ignoring
D/Cupid005( 5016): RegisterJsonDelegate(): vv id: 67108864, slot type: 7
I/CLog    ( 5016): 2017-04-05 11:16:21.713 T:5016   DEBUG: jniRegisterJsonDelegate: 67108864, 7, delegate: 0x889d4130
I/CLog    ( 5016): 2017-04-05 11:16:21.713 T:5016   DEBUG: [CUPID]void CUPID::RegisterJsonDelegate(uint32, SlotType, CUPID::IAdJsonDelegate*)(): vv id: 67108864, slot type: 7, delegate: 0x0x889d4130
D/Cupid005( 5016): RegisterJsonDelegate(): vv id: 67108864, slot type: 8
I/CLog    ( 5016): 2017-04-05 11:16:21.713 T:5016   DEBUG: jniRegisterJsonDelegate: 67108864, 8, delegate: 0x889d4140
I/CLog    ( 5016): 2017-04-05 11:16:21.713 T:5016   DEBUG: [CUPID]void CUPID::RegisterJsonDelegate(uint32, SlotType, CUPID::IAdJsonDelegate*)(): vv id: 67108864, slot type: 8, delegate: 0x0x889d4140
D/Cupid005( 5016): RegisterJsonDelegate(): vv id: 67108864, slot type: 9
I/CLog    ( 5016): 2017-04-05 11:16:21.713 T:5016   DEBUG: jniRegisterJsonDelegate: 67108864, 9, delegate: 0x889d4150
I/CLog    ( 5016): 2017-04-05 11:16:21.713 T:5016   DEBUG: [CUPID]void CUPID::RegisterJsonDelegate(uint32, SlotType, CUPID::IAdJsonDelegate*)(): vv id: 67108864, slot type: 9, delegate: 0x0x889d4150
D/Cupid005( 5016): RegisterJsonDelegate(): vv id: 67108864, slot type: 10
I/CLog    ( 5016): 2017-04-05 11:16:21.713 T:5016   DEBUG: jniRegisterJsonDelegate: 67108864, 10, delegate: 0x889d4160
I/CLog    ( 5016): 2017-04-05 11:16:21.714 T:5016   DEBUG: [CUPID]void CUPID::RegisterJsonDelegate(uint32, SlotType, CUPID::IAdJsonDelegate*)(): vv id: 67108864, slot type: 10, delegate: 0x0x889d4160
D/Cupid005( 5016): RegisterJsonDelegate(): vv id: 67108864, slot type: 11
I/CLog    ( 5016): 2017-04-05 11:16:21.714 T:5016   DEBUG: jniRegisterJsonDelegate: 67108864, 11, delegate: 0x889d4170
I/CLog    ( 5016): 2017-04-05 11:16:21.714 T:5016   DEBUG: [CUPID]void CUPID::RegisterJsonDelegate(uint32, SlotType, CUPID::IAdJsonDelegate*)(): vv id: 67108864, slot type: 11, delegate: 0x0x889d4170
V/CLog    ( 5016): OnNativeCallback: 4
V/CLog    ( 5016): OnNativeCallback: end
E/playfilesourceNew( 5016): HCDN_LOG: [2017/04/05-11:16:21:715]:[func:SetParam],[line:1498],[oper: SetParam message ParamName(SetVip), ParamValue(0)]
E/hcdn_downloadengine( 5016): HCDN_LOG: [2017/04/05-11:16:21:715]:OnRecvSetParam,1896     task_id : 0,SetParam : SetVip,0 
D/Cupid005( 5016): SetSdkStatus(): status: {"network":1,"service_filter":"","locale":"cn_s","platform_code":"02022001010000000000","screen_status":"vertical","gps_longitude":"","gps_latitude":""}
I/CLog    ( 5016): 2017-04-05 11:16:21.721 T:5016   DEBUG: [CUPID]void CUPID::SetSdkStatus(const string&)(): status:{"network":1,"service_filter":"","locale":"cn_s","platform_code":"02022001010000000000","screen_status":"vertical","gps_longitude":"","gps_latitude":""}
I/CLog    ( 5016): 2017-04-05 11:16:21.721 T:5016   ERROR: [CUPID]bool CUPID::AdsManager::GetController(uint32, std::function<void(CUPID::VideoController*)>&&)(): invalid vv_id(null video): 50331648
D/JOBS    ( 5016): added job id: -2147483605 class: aux priority: 1001 delay: 0 group : null persistent: false 
D/JOBS    ( 5016): pool-2-thread-1: load factor check. false = (4 < 4)|| (4 * 3 < 1 + 0). consumer thread: false
D/JOBS    ( 5016): running job aux
D/JOBS    ( 5016): added job id: -2147483604 class: aj priority: 1000 delay: 0 group : null persistent: false 
D/JOBS    ( 5016): pool-2-thread-1: load factor check. false = (4 < 4)|| (4 * 3 < 1 + 1). consumer thread: false
D/JOBS    ( 5016): running job aj
D/JOBS    ( 5016): added job id: -2147483603 class: aj priority: 1000 delay: 0 group : null persistent: false 
D/JOBS    ( 5016): pool-2-thread-1: load factor check. false = (4 < 4)|| (4 * 3 < 1 + 2). consumer thread: false
D/JOBS    ( 5016): running job aj
D/JOBS    ( 5016): added job id: -2147483602 class: aj priority: 1000 delay: 0 group : null persistent: false 
D/JOBS    ( 5016): pool-2-thread-1: load factor check. false = (4 < 4)|| (4 * 3 < 1 + 3). consumer thread: false
D/JOBS    ( 5016): added job id: -2147483601 class: ah priority: 1000 delay: 0 group : null persistent: false 
D/JOBS    ( 5016): pool-2-thread-1: load factor check. false = (4 < 4)|| (4 * 3 < 2 + 3). consumer thread: false
D/JOBS    ( 5016): running job aj
D/JOBS    ( 5016): finished job aj
D/JOBS    ( 5016): running job ah
D/JOBS    ( 5016): finished job aux
E/cardjObj( 5016): cardjObj {"w_id":213497447,"pp_id":0,"w_t":2}
D/JOBS    ( 5016): finished job aj
D/JOBS    ( 5016): finished job aj
D/JOBS    ( 5016): finished job ah
V/WindowManager(  878): Adding window Window{1b33b239 u0 SurfaceView} at 5 of 12 (before Window{37d00cd0 u0 com.qiyi.video/org.iqiyi.video.activity.PlayerActivity})
E/playfilesourceNew( 5016): HCDN_LOG: [2017/04/05-11:16:21:803]:[func:SetParam],[line:1498],[oper: SetParam message ParamName(pause_for_ad), ParamValue(30)]
E/hcdn_downloadengine( 5016): HCDN_LOG: [2017/04/05-11:16:21:803]:OnRecvSetParam,1896     task_id : 0,SetParam : pause_for_ad,30 
V/CLog    ( 5016): OnNativeCallback: 3
I/BIGCORE ( 5016): 大播放内核OnWaiting回调  waiting = true
V/CLog    ( 5016): OnNativeCallback: end
V/CLog    ( 5016): OnNativeCallback: 4
V/CLog    ( 5016): OnNativeCallback: end
I/CLog    ( 5016): 2017-04-05 11:16:21.847 T:7292   DEBUG: [CUPID]void CUPID::RegisterObjectDelegate(uint32, SlotType, CUPID::IAdObjectDelegate*)(): vv id: 67108864, slot type: 1, delegate: 0x0x8880ea60
I/CLog    ( 5016): 2017-04-05 11:16:21.847 T:7292   DEBUG: [CUPID]void CUPID::RequestAd(uint32)(): vv id: 67108864
I/CLog    ( 5016): 2017-04-05 11:16:21.847 T:7292   DEBUG: [CUPID]void CUPID::AdsManager::RequestAd(uint32)(): vv id:67108864
I/CLog    ( 5016): 2017-04-05 11:16:21.856 T:7292   DEBUG: [CUPID]std::string CUPID::AdsProvider::GenerateRequestUrl(const string&, const std::vector<CUPID::Cuepoint>&, bool) const(): mixer request url: http://t7z.cupid.iqiyi.com/mixer?ap=cp&a=358239054506391&aid=76f6ea0a399cae97&b=641851900&ca=615&cd=5055&cts=1491362181041&d=qc_100001_100086&dpi=480&e=8.3&ea=1&fa=2,4,10,11&i=gphone&imei=e2878a7306325ba88ec7e58ee6936805&ims=111&l=b398b8ccbaeacca840073a7ee9b7e7e6&lh=0&lp=0&lt=641851900&lts=1491362137000&lv=122&m=Nexus%205&mac=8c:3a:e3:5c:fb:d5&n=358239054506391&nw=1&o=3c57863e3493712d733cd5131a920d33&os=5.1.1&pmv=3.9.1&po=1&ps=0&r=5.11.005&res=1080,1776&rid=b1e2fdda40e0cc3e07e80a0e3241f3c9&ss=1&tp=2881&ut=0&v=0&vad=0&vd=0&vn=0&x=1&y=1&z=1
I/CLog    ( 5016): 2017-04-05 11:16:21.856 T:7292    INFO: virtual bool QYPuma::CurlHttpLoader::Load(const QYPuma::QYHttpRequest&, QYPuma::IQYHttpHandler*) - 18, url: http://t7z.cupid.iqiyi.com/mixer?ap=cp&a=358239054506391&aid=76f6ea0a399cae97&b=641851900&ca=615&cd=5055&cts=1491362181041&d=qc_100001_100086&dpi=480&e=8.3&ea=1&fa=2,4,10,11&i=gphone&imei=e2878a7306325ba88ec7e58ee6936805&ims=111&l=b398b8ccbaeacca840073a7ee9b7e7e6&lh=0&lp=0&lt=641851900&lts=1491362137000&lv=122&m=Nexus%205&mac=8c:3a:e3:5c:fb:d5&n=358239054506391&nw=1&o=3c57863e3493712d733cd5131a920d33&os=5.1.1&pmv=3.9.1&po=1&ps=0&r=5.11.005&res=1080,1776&rid=b1e2fdda40e0cc3e07e80a0e3241f3c9&ss=1&tp=2881&ut=0&v=0&vad=0&vd=0&vn=0&x=1&y=1&z=1
I/CLog    ( 5016): 2017-04-05 11:16:21.856 T:7292    INFO: network-load(18): send request: http://t7z.cupid.iqiyi.com/mixer?ap=cp&a=358239054506391&aid=76f6ea0a399cae97&b=641851900&ca=615&cd=5055&cts=1491362181041&d=qc_100001_100086&dpi=480&e=8.3&ea=1&fa=2,4,10,11&i=gphone&imei=e2878a7306325ba88ec7e58ee6936805&ims=111&l=b398b8ccbaeacca840073a7ee9b7e7e6&lh=0&lp=0&lt=641851900&lts=1491362137000&lv=122&m=Nexus%205&mac=8c:3a:e3:5c:fb:d5&n=358239054506391&nw=1&o=3c57863e3493712d733cd5131a920d33&os=5.1.1&pmv=3.9.1&po=1&ps=0&r=5.11.005&res=1080,1776&rid=b1e2fdda40e0cc3e07e80a0e3241f3c9&ss=1&tp=2881&ut=0&v=0&vad=0&vd=0&vn=0&x=1&y=1&z=1, set timeout: 2
I/CLog    ( 5016): 2017-04-05 11:16:21.859 T:5105   DEBUG: network-no request ,waiting end
I/CLog    ( 5016): 2017-04-05 11:16:21.859 T:5105   DEBUG: GetWaitingRequest... count: 1
I/CLog    ( 5016): 2017-04-05 11:16:21.866 T:7292   DEBUG: [CUPID]Send(): send rtn:1, loader:0x9561d158
I/CLog    ( 5016): 2017-04-05 11:16:21.885 T:5105    INFO: network-load(18): http response code: 200
I/CLog    ( 5016): 2017-04-05 11:16:21.885 T:5105    INFO: local ip 10.4.17.255, remote server ip 101.227.200.11, total time: 0(ms), speed download: 33.22(kb/s)
I/CLog    ( 5016): 2017-04-05 11:16:21.885 T:5105    INFO: network-load(18): Remove
